[0.093s] DEBUG:colcon:Command line arguments: ['/usr/bin/colcon', 'build', '--packages-select', 'ch3_status_publisher']
[0.093s] DEBUG:colcon:Parsed command line arguments: Namespace(log_base=None, log_level=None, verb_name='build', build_base='build', install_base='install', merge_install=False, symlink_install=False, test_result_base=None, continue_on_error=False, executor='parallel', parallel_workers=24, event_handlers=None, ignore_user_meta=False, metas=['./colcon.meta'], base_paths=['.'], packages_ignore=None, packages_ignore_regex=None, paths=None, packages_up_to=None, packages_up_to_regex=None, packages_above=None, packages_above_and_dependencies=None, packages_above_depth=None, packages_select_by_dep=None, packages_skip_by_dep=None, packages_skip_up_to=None, packages_select_build_failed=False, packages_skip_build_finished=False, packages_select_test_failures=False, packages_skip_test_passed=False, packages_select=['ch3_status_publisher'], packages_skip=None, packages_select_regex=None, packages_skip_regex=None, packages_start=None, packages_end=None, allow_overriding=[], cmake_args=None, cmake_target=None, cmake_target_skip_unavailable=False, cmake_clean_cache=False, cmake_clean_first=False, cmake_force_configure=False, ament_cmake_args=None, catkin_cmake_args=None, catkin_skip_building_tests=False, verb_parser=<colcon_defaults.argument_parser.defaults.DefaultArgumentsDecorator object at 0x71af444255d0>, verb_extension=<colcon_core.verb.build.BuildVerb object at 0x71af44425090>, main=<bound method BuildVerb.main of <colcon_core.verb.build.BuildVerb object at 0x71af44425090>>)
[0.187s] Level 1:colcon.colcon_core.package_discovery:discover_packages(colcon_meta) check parameters
[0.187s] Level 1:colcon.colcon_core.package_discovery:discover_packages(recursive) check parameters
[0.187s] Level 1:colcon.colcon_core.package_discovery:discover_packages(ignore) check parameters
[0.187s] Level 1:colcon.colcon_core.package_discovery:discover_packages(path) check parameters
[0.187s] Level 1:colcon.colcon_core.package_discovery:discover_packages(colcon_meta) discover
[0.187s] Level 1:colcon.colcon_core.package_discovery:discover_packages(recursive) discover
[0.187s] INFO:colcon.colcon_core.package_discovery:Crawling recursively for packages in '/home/zilu/myProgramFile/learnRos2/cpp'
[0.187s] Level 1:colcon.colcon_core.package_identification:_identify(.) by extensions ['ignore', 'ignore_ament_install']
[0.188s] Level 1:colcon.colcon_core.package_identification:_identify(.) by extension 'ignore'
[0.188s] Level 1:colcon.colcon_core.package_identification:_identify(.) by extension 'ignore_ament_install'
[0.188s] Level 1:colcon.colcon_core.package_identification:_identify(.) by extensions ['colcon_pkg']
[0.188s] Level 1:colcon.colcon_core.package_identification:_identify(.) by extension 'colcon_pkg'
[0.188s] Level 1:colcon.colcon_core.package_identification:_identify(.) by extensions ['colcon_meta']
[0.188s] Level 1:colcon.colcon_core.package_identification:_identify(.) by extension 'colcon_meta'
[0.188s] Level 1:colcon.colcon_core.package_identification:_identify(.) by extensions ['ros']
[0.188s] Level 1:colcon.colcon_core.package_identification:_identify(.) by extension 'ros'
[0.195s] Level 1:colcon.colcon_core.package_identification:_identify(.) by extensions ['cmake', 'python']
[0.195s] Level 1:colcon.colcon_core.package_identification:_identify(.) by extension 'cmake'
[0.195s] Level 1:colcon.colcon_core.package_identification:_identify(.) by extension 'python'
[0.195s] Level 1:colcon.colcon_core.package_identification:_identify(.) by extensions ['python_setup_py']
[0.195s] Level 1:colcon.colcon_core.package_identification:_identify(.) by extension 'python_setup_py'
[0.195s] Level 1:colcon.colcon_core.package_identification:_identify(build) by extensions ['ignore', 'ignore_ament_install']
[0.195s] Level 1:colcon.colcon_core.package_identification:_identify(build) by extension 'ignore'
[0.195s] Level 1:colcon.colcon_core.package_identification:_identify(build) ignored
[0.195s] Level 1:colcon.colcon_core.package_identification:_identify(install) by extensions ['ignore', 'ignore_ament_install']
[0.196s] Level 1:colcon.colcon_core.package_identification:_identify(install) by extension 'ignore'
[0.196s] Level 1:colcon.colcon_core.package_identification:_identify(install) ignored
[0.196s] Level 1:colcon.colcon_core.package_identification:_identify(log) by extensions ['ignore', 'ignore_ament_install']
[0.196s] Level 1:colcon.colcon_core.package_identification:_identify(log) by extension 'ignore'
[0.196s] Level 1:colcon.colcon_core.package_identification:_identify(log) ignored
[0.196s] Level 1:colcon.colcon_core.package_identification:_identify(src) by extensions ['ignore', 'ignore_ament_install']
[0.196s] Level 1:colcon.colcon_core.package_identification:_identify(src) by extension 'ignore'
[0.196s] Level 1:colcon.colcon_core.package_identification:_identify(src) by extension 'ignore_ament_install'
[0.196s] Level 1:colcon.colcon_core.package_identification:_identify(src) by extensions ['colcon_pkg']
[0.196s] Level 1:colcon.colcon_core.package_identification:_identify(src) by extension 'colcon_pkg'
[0.196s] Level 1:colcon.colcon_core.package_identification:_identify(src) by extensions ['colcon_meta']
[0.196s] Level 1:colcon.colcon_core.package_identification:_identify(src) by extension 'colcon_meta'
[0.196s] Level 1:colcon.colcon_core.package_identification:_identify(src) by extensions ['ros']
[0.196s] Level 1:colcon.colcon_core.package_identification:_identify(src) by extension 'ros'
[0.196s] Level 1:colcon.colcon_core.package_identification:_identify(src) by extensions ['cmake', 'python']
[0.196s] Level 1:colcon.colcon_core.package_identification:_identify(src) by extension 'cmake'
[0.196s] Level 1:colcon.colcon_core.package_identification:_identify(src) by extension 'python'
[0.196s] Level 1:colcon.colcon_core.package_identification:_identify(src) by extensions ['python_setup_py']
[0.196s] Level 1:colcon.colcon_core.package_identification:_identify(src) by extension 'python_setup_py'
[0.196s] Level 1:colcon.colcon_core.package_identification:_identify(src/ch10_cpp_advanced) by extensions ['ignore', 'ignore_ament_install']
[0.196s] Level 1:colcon.colcon_core.package_identification:_identify(src/ch10_cpp_advanced) by extension 'ignore'
[0.196s] Level 1:colcon.colcon_core.package_identification:_identify(src/ch10_cpp_advanced) by extension 'ignore_ament_install'
[0.196s] Level 1:colcon.colcon_core.package_identification:_identify(src/ch10_cpp_advanced) by extensions ['colcon_pkg']
[0.197s] Level 1:colcon.colcon_core.package_identification:_identify(src/ch10_cpp_advanced) by extension 'colcon_pkg'
[0.197s] Level 1:colcon.colcon_core.package_identification:_identify(src/ch10_cpp_advanced) by extensions ['colcon_meta']
[0.197s] Level 1:colcon.colcon_core.package_identification:_identify(src/ch10_cpp_advanced) by extension 'colcon_meta'
[0.197s] Level 1:colcon.colcon_core.package_identification:_identify(src/ch10_cpp_advanced) by extensions ['ros']
[0.197s] Level 1:colcon.colcon_core.package_identification:_identify(src/ch10_cpp_advanced) by extension 'ros'
[0.198s] DEBUG:colcon.colcon_core.package_identification:Package 'src/ch10_cpp_advanced' with type 'ros.ament_cmake' and name 'ch10_cpp_advanced'
[0.198s] Level 1:colcon.colcon_core.package_identification:_identify(src/ch2_node) by extensions ['ignore', 'ignore_ament_install']
[0.198s] Level 1:colcon.colcon_core.package_identification:_identify(src/ch2_node) by extension 'ignore'
[0.199s] Level 1:colcon.colcon_core.package_identification:_identify(src/ch2_node) by extension 'ignore_ament_install'
[0.199s] Level 1:colcon.colcon_core.package_identification:_identify(src/ch2_node) by extensions ['colcon_pkg']
[0.199s] Level 1:colcon.colcon_core.package_identification:_identify(src/ch2_node) by extension 'colcon_pkg'
[0.199s] Level 1:colcon.colcon_core.package_identification:_identify(src/ch2_node) by extensions ['colcon_meta']
[0.199s] Level 1:colcon.colcon_core.package_identification:_identify(src/ch2_node) by extension 'colcon_meta'
[0.199s] Level 1:colcon.colcon_core.package_identification:_identify(src/ch2_node) by extensions ['ros']
[0.199s] Level 1:colcon.colcon_core.package_identification:_identify(src/ch2_node) by extension 'ros'
[0.199s] DEBUG:colcon.colcon_core.package_identification:Package 'src/ch2_node' with type 'ros.ament_cmake' and name 'ch2_node'
[0.199s] Level 1:colcon.colcon_core.package_identification:_identify(src/ch2_pkg) by extensions ['ignore', 'ignore_ament_install']
[0.199s] Level 1:colcon.colcon_core.package_identification:_identify(src/ch2_pkg) by extension 'ignore'
[0.199s] Level 1:colcon.colcon_core.package_identification:_identify(src/ch2_pkg) by extension 'ignore_ament_install'
[0.199s] Level 1:colcon.colcon_core.package_identification:_identify(src/ch2_pkg) by extensions ['colcon_pkg']
[0.199s] Level 1:colcon.colcon_core.package_identification:_identify(src/ch2_pkg) by extension 'colcon_pkg'
[0.199s] Level 1:colcon.colcon_core.package_identification:_identify(src/ch2_pkg) by extensions ['colcon_meta']
[0.199s] Level 1:colcon.colcon_core.package_identification:_identify(src/ch2_pkg) by extension 'colcon_meta'
[0.199s] Level 1:colcon.colcon_core.package_identification:_identify(src/ch2_pkg) by extensions ['ros']
[0.199s] Level 1:colcon.colcon_core.package_identification:_identify(src/ch2_pkg) by extension 'ros'
[0.200s] DEBUG:colcon.colcon_core.package_identification:Package 'src/ch2_pkg' with type 'ros.ament_cmake' and name 'ch2_pkg'
[0.200s] Level 1:colcon.colcon_core.package_identification:_identify(src/ch3_cpp_topic) by extensions ['ignore', 'ignore_ament_install']
[0.200s] Level 1:colcon.colcon_core.package_identification:_identify(src/ch3_cpp_topic) by extension 'ignore'
[0.200s] Level 1:colcon.colcon_core.package_identification:_identify(src/ch3_cpp_topic) by extension 'ignore_ament_install'
[0.200s] Level 1:colcon.colcon_core.package_identification:_identify(src/ch3_cpp_topic) by extensions ['colcon_pkg']
[0.200s] Level 1:colcon.colcon_core.package_identification:_identify(src/ch3_cpp_topic) by extension 'colcon_pkg'
[0.200s] Level 1:colcon.colcon_core.package_identification:_identify(src/ch3_cpp_topic) by extensions ['colcon_meta']
[0.200s] Level 1:colcon.colcon_core.package_identification:_identify(src/ch3_cpp_topic) by extension 'colcon_meta'
[0.200s] Level 1:colcon.colcon_core.package_identification:_identify(src/ch3_cpp_topic) by extensions ['ros']
[0.200s] Level 1:colcon.colcon_core.package_identification:_identify(src/ch3_cpp_topic) by extension 'ros'
[0.201s] DEBUG:colcon.colcon_core.package_identification:Package 'src/ch3_cpp_topic' with type 'ros.ament_cmake' and name 'ch3_cpp_topic'
[0.201s] Level 1:colcon.colcon_core.package_identification:_identify(src/ch3_status_interfaces) by extensions ['ignore', 'ignore_ament_install']
[0.201s] Level 1:colcon.colcon_core.package_identification:_identify(src/ch3_status_interfaces) by extension 'ignore'
[0.201s] Level 1:colcon.colcon_core.package_identification:_identify(src/ch3_status_interfaces) by extension 'ignore_ament_install'
[0.201s] Level 1:colcon.colcon_core.package_identification:_identify(src/ch3_status_interfaces) by extensions ['colcon_pkg']
[0.201s] Level 1:colcon.colcon_core.package_identification:_identify(src/ch3_status_interfaces) by extension 'colcon_pkg'
[0.201s] Level 1:colcon.colcon_core.package_identification:_identify(src/ch3_status_interfaces) by extensions ['colcon_meta']
[0.201s] Level 1:colcon.colcon_core.package_identification:_identify(src/ch3_status_interfaces) by extension 'colcon_meta'
[0.201s] Level 1:colcon.colcon_core.package_identification:_identify(src/ch3_status_interfaces) by extensions ['ros']
[0.201s] Level 1:colcon.colcon_core.package_identification:_identify(src/ch3_status_interfaces) by extension 'ros'
[0.201s] DEBUG:colcon.colcon_core.package_identification:Package 'src/ch3_status_interfaces' with type 'ros.ament_cmake' and name 'ch3_status_interfaces'
[0.201s] Level 1:colcon.colcon_core.package_identification:_identify(src/ch3_status_publisher) by extensions ['ignore', 'ignore_ament_install']
[0.201s] Level 1:colcon.colcon_core.package_identification:_identify(src/ch3_status_publisher) by extension 'ignore'
[0.202s] Level 1:colcon.colcon_core.package_identification:_identify(src/ch3_status_publisher) by extension 'ignore_ament_install'
[0.202s] Level 1:colcon.colcon_core.package_identification:_identify(src/ch3_status_publisher) by extensions ['colcon_pkg']
[0.202s] Level 1:colcon.colcon_core.package_identification:_identify(src/ch3_status_publisher) by extension 'colcon_pkg'
[0.202s] Level 1:colcon.colcon_core.package_identification:_identify(src/ch3_status_publisher) by extensions ['colcon_meta']
[0.202s] Level 1:colcon.colcon_core.package_identification:_identify(src/ch3_status_publisher) by extension 'colcon_meta'
[0.202s] Level 1:colcon.colcon_core.package_identification:_identify(src/ch3_status_publisher) by extensions ['ros']
[0.202s] Level 1:colcon.colcon_core.package_identification:_identify(src/ch3_status_publisher) by extension 'ros'
[0.202s] DEBUG:colcon.colcon_core.package_identification:Package 'src/ch3_status_publisher' with type 'ros.ament_python' and name 'ch3_status_publisher'
[0.202s] Level 1:colcon.colcon_core.package_identification:_identify(src/ch4_cpp_param) by extensions ['ignore', 'ignore_ament_install']
[0.203s] Level 1:colcon.colcon_core.package_identification:_identify(src/ch4_cpp_param) by extension 'ignore'
[0.203s] Level 1:colcon.colcon_core.package_identification:_identify(src/ch4_cpp_param) by extension 'ignore_ament_install'
[0.203s] Level 1:colcon.colcon_core.package_identification:_identify(src/ch4_cpp_param) by extensions ['colcon_pkg']
[0.203s] Level 1:colcon.colcon_core.package_identification:_identify(src/ch4_cpp_param) by extension 'colcon_pkg'
[0.203s] Level 1:colcon.colcon_core.package_identification:_identify(src/ch4_cpp_param) by extensions ['colcon_meta']
[0.203s] Level 1:colcon.colcon_core.package_identification:_identify(src/ch4_cpp_param) by extension 'colcon_meta'
[0.203s] Level 1:colcon.colcon_core.package_identification:_identify(src/ch4_cpp_param) by extensions ['ros']
[0.203s] Level 1:colcon.colcon_core.package_identification:_identify(src/ch4_cpp_param) by extension 'ros'
[0.203s] DEBUG:colcon.colcon_core.package_identification:Package 'src/ch4_cpp_param' with type 'ros.ament_cmake' and name 'ch4_cpp_param'
[0.203s] Level 1:colcon.colcon_core.package_identification:_identify(src/ch4_cpp_service) by extensions ['ignore', 'ignore_ament_install']
[0.203s] Level 1:colcon.colcon_core.package_identification:_identify(src/ch4_cpp_service) by extension 'ignore'
[0.203s] Level 1:colcon.colcon_core.package_identification:_identify(src/ch4_cpp_service) by extension 'ignore_ament_install'
[0.203s] Level 1:colcon.colcon_core.package_identification:_identify(src/ch4_cpp_service) by extensions ['colcon_pkg']
[0.203s] Level 1:colcon.colcon_core.package_identification:_identify(src/ch4_cpp_service) by extension 'colcon_pkg'
[0.203s] Level 1:colcon.colcon_core.package_identification:_identify(src/ch4_cpp_service) by extensions ['colcon_meta']
[0.203s] Level 1:colcon.colcon_core.package_identification:_identify(src/ch4_cpp_service) by extension 'colcon_meta'
[0.203s] Level 1:colcon.colcon_core.package_identification:_identify(src/ch4_cpp_service) by extensions ['ros']
[0.203s] Level 1:colcon.colcon_core.package_identification:_identify(src/ch4_cpp_service) by extension 'ros'
[0.204s] DEBUG:colcon.colcon_core.package_identification:Package 'src/ch4_cpp_service' with type 'ros.ament_cmake' and name 'ch4_cpp_service'
[0.204s] Level 1:colcon.colcon_core.package_identification:_identify(src/ch5_cpp_tf) by extensions ['ignore', 'ignore_ament_install']
[0.204s] Level 1:colcon.colcon_core.package_identification:_identify(src/ch5_cpp_tf) by extension 'ignore'
[0.204s] Level 1:colcon.colcon_core.package_identification:_identify(src/ch5_cpp_tf) by extension 'ignore_ament_install'
[0.204s] Level 1:colcon.colcon_core.package_identification:_identify(src/ch5_cpp_tf) by extensions ['colcon_pkg']
[0.204s] Level 1:colcon.colcon_core.package_identification:_identify(src/ch5_cpp_tf) by extension 'colcon_pkg'
[0.204s] Level 1:colcon.colcon_core.package_identification:_identify(src/ch5_cpp_tf) by extensions ['colcon_meta']
[0.204s] Level 1:colcon.colcon_core.package_identification:_identify(src/ch5_cpp_tf) by extension 'colcon_meta'
[0.204s] Level 1:colcon.colcon_core.package_identification:_identify(src/ch5_cpp_tf) by extensions ['ros']
[0.204s] Level 1:colcon.colcon_core.package_identification:_identify(src/ch5_cpp_tf) by extension 'ros'
[0.205s] DEBUG:colcon.colcon_core.package_identification:Package 'src/ch5_cpp_tf' with type 'ros.ament_cmake' and name 'ch5_cpp_tf'
[0.205s] Level 1:colcon.colcon_core.package_identification:_identify(src/ch6_robot) by extensions ['ignore', 'ignore_ament_install']
[0.205s] Level 1:colcon.colcon_core.package_identification:_identify(src/ch6_robot) by extension 'ignore'
[0.205s] Level 1:colcon.colcon_core.package_identification:_identify(src/ch6_robot) by extension 'ignore_ament_install'
[0.205s] Level 1:colcon.colcon_core.package_identification:_identify(src/ch6_robot) by extensions ['colcon_pkg']
[0.205s] Level 1:colcon.colcon_core.package_identification:_identify(src/ch6_robot) by extension 'colcon_pkg'
[0.205s] Level 1:colcon.colcon_core.package_identification:_identify(src/ch6_robot) by extensions ['colcon_meta']
[0.205s] Level 1:colcon.colcon_core.package_identification:_identify(src/ch6_robot) by extension 'colcon_meta'
[0.205s] Level 1:colcon.colcon_core.package_identification:_identify(src/ch6_robot) by extensions ['ros']
[0.205s] Level 1:colcon.colcon_core.package_identification:_identify(src/ch6_robot) by extension 'ros'
[0.205s] DEBUG:colcon.colcon_core.package_identification:Package 'src/ch6_robot' with type 'ros.ament_cmake' and name 'ch6_robot'
[0.205s] Level 1:colcon.colcon_core.package_identification:_identify(src/ch7_cpp_navigation) by extensions ['ignore', 'ignore_ament_install']
[0.206s] Level 1:colcon.colcon_core.package_identification:_identify(src/ch7_cpp_navigation) by extension 'ignore'
[0.206s] Level 1:colcon.colcon_core.package_identification:_identify(src/ch7_cpp_navigation) by extension 'ignore_ament_install'
[0.206s] Level 1:colcon.colcon_core.package_identification:_identify(src/ch7_cpp_navigation) by extensions ['colcon_pkg']
[0.206s] Level 1:colcon.colcon_core.package_identification:_identify(src/ch7_cpp_navigation) by extension 'colcon_pkg'
[0.206s] Level 1:colcon.colcon_core.package_identification:_identify(src/ch7_cpp_navigation) by extensions ['colcon_meta']
[0.206s] Level 1:colcon.colcon_core.package_identification:_identify(src/ch7_cpp_navigation) by extension 'colcon_meta'
[0.206s] Level 1:colcon.colcon_core.package_identification:_identify(src/ch7_cpp_navigation) by extensions ['ros']
[0.206s] Level 1:colcon.colcon_core.package_identification:_identify(src/ch7_cpp_navigation) by extension 'ros'
[0.206s] DEBUG:colcon.colcon_core.package_identification:Package 'src/ch7_cpp_navigation' with type 'ros.ament_cmake' and name 'ch7_cpp_navigation'
[0.206s] Level 1:colcon.colcon_core.package_identification:_identify(src/ch8_custom_planner) by extensions ['ignore', 'ignore_ament_install']
[0.206s] Level 1:colcon.colcon_core.package_identification:_identify(src/ch8_custom_planner) by extension 'ignore'
[0.206s] Level 1:colcon.colcon_core.package_identification:_identify(src/ch8_custom_planner) by extension 'ignore_ament_install'
[0.206s] Level 1:colcon.colcon_core.package_identification:_identify(src/ch8_custom_planner) by extensions ['colcon_pkg']
[0.206s] Level 1:colcon.colcon_core.package_identification:_identify(src/ch8_custom_planner) by extension 'colcon_pkg'
[0.206s] Level 1:colcon.colcon_core.package_identification:_identify(src/ch8_custom_planner) by extensions ['colcon_meta']
[0.206s] Level 1:colcon.colcon_core.package_identification:_identify(src/ch8_custom_planner) by extension 'colcon_meta'
[0.206s] Level 1:colcon.colcon_core.package_identification:_identify(src/ch8_custom_planner) by extensions ['ros']
[0.206s] Level 1:colcon.colcon_core.package_identification:_identify(src/ch8_custom_planner) by extension 'ros'
[0.207s] DEBUG:colcon.colcon_core.package_identification:Package 'src/ch8_custom_planner' with type 'ros.ament_cmake' and name 'ch8_custom_planner'
[0.207s] Level 1:colcon.colcon_core.package_identification:_identify(src/ch9_cpp_robot_driver) by extensions ['ignore', 'ignore_ament_install']
[0.207s] Level 1:colcon.colcon_core.package_identification:_identify(src/ch9_cpp_robot_driver) by extension 'ignore'
[0.207s] Level 1:colcon.colcon_core.package_identification:_identify(src/ch9_cpp_robot_driver) by extension 'ignore_ament_install'
[0.207s] Level 1:colcon.colcon_core.package_identification:_identify(src/ch9_cpp_robot_driver) by extensions ['colcon_pkg']
[0.207s] Level 1:colcon.colcon_core.package_identification:_identify(src/ch9_cpp_robot_driver) by extension 'colcon_pkg'
[0.207s] Level 1:colcon.colcon_core.package_identification:_identify(src/ch9_cpp_robot_driver) by extensions ['colcon_meta']
[0.207s] Level 1:colcon.colcon_core.package_identification:_identify(src/ch9_cpp_robot_driver) by extension 'colcon_meta'
[0.207s] Level 1:colcon.colcon_core.package_identification:_identify(src/ch9_cpp_robot_driver) by extensions ['ros']
[0.207s] Level 1:colcon.colcon_core.package_identification:_identify(src/ch9_cpp_robot_driver) by extension 'ros'
[0.208s] DEBUG:colcon.colcon_core.package_identification:Package 'src/ch9_cpp_robot_driver' with type 'ros.ament_cmake' and name 'ch9_cpp_robot_driver'
[0.208s] Level 1:colcon.colcon_core.package_discovery:discover_packages(recursive) using defaults
[0.208s] Level 1:colcon.colcon_core.package_discovery:discover_packages(ignore) discover
[0.208s] Level 1:colcon.colcon_core.package_discovery:discover_packages(ignore) using defaults
[0.208s] Level 1:colcon.colcon_core.package_discovery:discover_packages(path) discover
[0.208s] Level 1:colcon.colcon_core.package_discovery:discover_packages(path) using defaults
[0.226s] INFO:colcon.colcon_core.package_selection:Skipping not selected package 'ch10_cpp_advanced' in 'src/ch10_cpp_advanced'
[0.226s] INFO:colcon.colcon_core.package_selection:Skipping not selected package 'ch2_pkg' in 'src/ch2_pkg'
[0.226s] INFO:colcon.colcon_core.package_selection:Skipping not selected package 'ch3_cpp_topic' in 'src/ch3_cpp_topic'
[0.226s] INFO:colcon.colcon_core.package_selection:Skipping not selected package 'ch3_status_interfaces' in 'src/ch3_status_interfaces'
[0.226s] INFO:colcon.colcon_core.package_selection:Skipping not selected package 'ch4_cpp_param' in 'src/ch4_cpp_param'
[0.226s] INFO:colcon.colcon_core.package_selection:Skipping not selected package 'ch4_cpp_service' in 'src/ch4_cpp_service'
[0.226s] INFO:colcon.colcon_core.package_selection:Skipping not selected package 'ch5_cpp_tf' in 'src/ch5_cpp_tf'
[0.226s] INFO:colcon.colcon_core.package_selection:Skipping not selected package 'ch6_robot' in 'src/ch6_robot'
[0.226s] INFO:colcon.colcon_core.package_selection:Skipping not selected package 'ch7_cpp_navigation' in 'src/ch7_cpp_navigation'
[0.226s] INFO:colcon.colcon_core.package_selection:Skipping not selected package 'ch8_custom_planner' in 'src/ch8_custom_planner'
[0.226s] INFO:colcon.colcon_core.package_selection:Skipping not selected package 'ch9_cpp_robot_driver' in 'src/ch9_cpp_robot_driver'
[0.226s] INFO:colcon.colcon_core.package_selection:Skipping not selected package 'ch2_node' in 'src/ch2_node'
[0.226s] Level 1:colcon.colcon_core.package_discovery:discover_packages(prefix_path) check parameters
[0.226s] Level 1:colcon.colcon_core.package_discovery:discover_packages(prefix_path) discover
[0.227s] DEBUG:colcon.colcon_installed_package_information.package_discovery:Found 11 installed packages in /home/zilu/myProgramFile/learnRos2/cpp/install
[0.228s] DEBUG:colcon.colcon_installed_package_information.package_discovery:Found 371 installed packages in /opt/ros/humble
[0.229s] Level 1:colcon.colcon_core.package_discovery:discover_packages(prefix_path) using defaults
[0.256s] Level 5:colcon.colcon_core.verb:set package 'ch3_status_publisher' build argument 'cmake_args' from command line to 'None'
[0.256s] Level 5:colcon.colcon_core.verb:set package 'ch3_status_publisher' build argument 'cmake_target' from command line to 'None'
[0.256s] Level 5:colcon.colcon_core.verb:set package 'ch3_status_publisher' build argument 'cmake_target_skip_unavailable' from command line to 'False'
[0.256s] Level 5:colcon.colcon_core.verb:set package 'ch3_status_publisher' build argument 'cmake_clean_cache' from command line to 'False'
[0.256s] Level 5:colcon.colcon_core.verb:set package 'ch3_status_publisher' build argument 'cmake_clean_first' from command line to 'False'
[0.256s] Level 5:colcon.colcon_core.verb:set package 'ch3_status_publisher' build argument 'cmake_force_configure' from command line to 'False'
[0.256s] Level 5:colcon.colcon_core.verb:set package 'ch3_status_publisher' build argument 'ament_cmake_args' from command line to 'None'
[0.256s] Level 5:colcon.colcon_core.verb:set package 'ch3_status_publisher' build argument 'catkin_cmake_args' from command line to 'None'
[0.256s] Level 5:colcon.colcon_core.verb:set package 'ch3_status_publisher' build argument 'catkin_skip_building_tests' from command line to 'False'
[0.256s] DEBUG:colcon.colcon_core.verb:Building package 'ch3_status_publisher' with the following arguments: {'ament_cmake_args': None, 'build_base': '/home/zilu/myProgramFile/learnRos2/cpp/build/ch3_status_publisher', 'catkin_cmake_args': None, 'catkin_skip_building_tests': False, 'cmake_args': None, 'cmake_clean_cache': False, 'cmake_clean_first': False, 'cmake_force_configure': False, 'cmake_target': None, 'cmake_target_skip_unavailable': False, 'install_base': '/home/zilu/myProgramFile/learnRos2/cpp/install/ch3_status_publisher', 'merge_install': False, 'path': '/home/zilu/myProgramFile/learnRos2/cpp/src/ch3_status_publisher', 'symlink_install': False, 'test_result_base': None}
[0.256s] INFO:colcon.colcon_core.executor:Executing jobs using 'parallel' executor
[0.257s] DEBUG:colcon.colcon_parallel_executor.executor.parallel:run_until_complete
[0.257s] INFO:colcon.colcon_ros.task.ament_python.build:Building ROS package in '/home/zilu/myProgramFile/learnRos2/cpp/src/ch3_status_publisher' with build type 'ament_python'
[0.257s] Level 1:colcon.colcon_core.shell:create_environment_hook('ch3_status_publisher', 'ament_prefix_path')
[0.258s] INFO:colcon.colcon_core.plugin_system:Skipping extension 'colcon_core.shell.bat': Not used on non-Windows systems
[0.258s] INFO:colcon.colcon_core.shell:Creating environment hook '/home/zilu/myProgramFile/learnRos2/cpp/install/ch3_status_publisher/share/ch3_status_publisher/hook/ament_prefix_path.ps1'
[0.259s] INFO:colcon.colcon_core.shell:Creating environment descriptor '/home/zilu/myProgramFile/learnRos2/cpp/install/ch3_status_publisher/share/ch3_status_publisher/hook/ament_prefix_path.dsv'
[0.260s] INFO:colcon.colcon_core.shell:Creating environment hook '/home/zilu/myProgramFile/learnRos2/cpp/install/ch3_status_publisher/share/ch3_status_publisher/hook/ament_prefix_path.sh'
[0.260s] INFO:colcon.colcon_core.shell:Skip shell extension 'powershell' for command environment: Not usable outside of PowerShell
[0.260s] DEBUG:colcon.colcon_core.shell:Skip shell extension 'dsv' for command environment
[0.436s] INFO:colcon.colcon_core.task.python.build:Building Python package in '/home/zilu/myProgramFile/learnRos2/cpp/src/ch3_status_publisher'
[0.437s] INFO:colcon.colcon_core.shell:Skip shell extension 'powershell' for command environment: Not usable outside of PowerShell
[0.437s] DEBUG:colcon.colcon_core.shell:Skip shell extension 'dsv' for command environment
[0.673s] DEBUG:colcon.colcon_core.task.python.build:Available setuptools commands: test, upload, extract_messages, egg_info, bdist_wheel, init_catalog, bdist_dumb, build_py, setopt, clean, build_clib, saveopts, sdist, dist_info, update_catalog, build, build_ext, bdist, symlink_data, build_scripts, install_egg_info, check, rotate, bdist_egg, easy_install, upload_docs, install_headers, install_lib, compile_catalog, develop, alias, register, install, install_data, bdist_rpm, install_scripts
[0.676s] DEBUG:colcon.colcon_core.event_handler.log_command:Invoking command in '/home/zilu/myProgramFile/learnRos2/cpp/src/ch3_status_publisher': CMAKE_PREFIX_PATH=/home/zilu/myProgramFile/learnRos2/cpp/install/ch3_status_interfaces:/home/zilu/myProgramFile/learnRos2/cpp/install/ch9_cpp_robot_driver:/home/zilu/myProgramFile/learnRos2/cpp/install/ch6_robot:/home/zilu/myProgramFile/learnRos2/cpp/install/ch5_cpp_tf:/home/zilu/myProgramFile/learnRos2/cpp/install/ch4_cpp_service:/home/zilu/myProgramFile/learnRos2/cpp/install/ch4_cpp_param:/home/zilu/myProgramFile/learnRos2/cpp/install/ch3_cpp_topic:/home/zilu/myProgramFile/learnRos2/cpp/install/ch2_node:/home/zilu/myProgramFile/learnRos2/cpp/install/ch2_pkg:/home/zilu/myProgramFile/learnRos2/cpp/install/ch10_cpp_advanced LD_LIBRARY_PATH=/home/zilu/myProgramFile/learnRos2/cpp/install/ch3_status_interfaces/lib:/home/zilu/myProgramFile/learnRos2/cpp/install/ch4_cpp_service/lib:/home/zilu/myProgramFile/learnRos2/cpp/install/ch10_cpp_advanced/lib:/usr/local/cuda/lib64:/usr/local/ffmpeg/lib:/usr/lib/x86_64-linux-gnu/gazebo-11/plugins:/opt/ros/humble/opt/rviz_ogre_vendor/lib:/opt/ros/humble/lib/x86_64-linux-gnu:/opt/ros/humble/lib:/usr/local/cuda/lib64:/usr/local/ffmpeg/lib PYTHONPATH=/home/zilu/myProgramFile/learnRos2/cpp/build/ch3_status_publisher/prefix_override:/usr/lib/python3/dist-packages/colcon_core/task/python/colcon_distutils_commands:/home/zilu/myProgramFile/learnRos2/cpp/install/ch3_status_publisher/lib/python3.10/site-packages:${PYTHONPATH} /usr/bin/python3 -W ignore:setup.py install is deprecated -W ignore:easy_install command is deprecated setup.py egg_info --egg-base ../../build/ch3_status_publisher build --build-base /home/zilu/myProgramFile/learnRos2/cpp/build/ch3_status_publisher/build install --record /home/zilu/myProgramFile/learnRos2/cpp/build/ch3_status_publisher/install.log --install-scripts $base/lib/ch3_status_publisher --single-version-externally-managed install_data
[0.831s] DEBUG:colcon.colcon_core.event_handler.log_command:Invoked command in '/home/zilu/myProgramFile/learnRos2/cpp/src/ch3_status_publisher' returned '0': CMAKE_PREFIX_PATH=/home/zilu/myProgramFile/learnRos2/cpp/install/ch3_status_interfaces:/home/zilu/myProgramFile/learnRos2/cpp/install/ch9_cpp_robot_driver:/home/zilu/myProgramFile/learnRos2/cpp/install/ch6_robot:/home/zilu/myProgramFile/learnRos2/cpp/install/ch5_cpp_tf:/home/zilu/myProgramFile/learnRos2/cpp/install/ch4_cpp_service:/home/zilu/myProgramFile/learnRos2/cpp/install/ch4_cpp_param:/home/zilu/myProgramFile/learnRos2/cpp/install/ch3_cpp_topic:/home/zilu/myProgramFile/learnRos2/cpp/install/ch2_node:/home/zilu/myProgramFile/learnRos2/cpp/install/ch2_pkg:/home/zilu/myProgramFile/learnRos2/cpp/install/ch10_cpp_advanced LD_LIBRARY_PATH=/home/zilu/myProgramFile/learnRos2/cpp/install/ch3_status_interfaces/lib:/home/zilu/myProgramFile/learnRos2/cpp/install/ch4_cpp_service/lib:/home/zilu/myProgramFile/learnRos2/cpp/install/ch10_cpp_advanced/lib:/usr/local/cuda/lib64:/usr/local/ffmpeg/lib:/usr/lib/x86_64-linux-gnu/gazebo-11/plugins:/opt/ros/humble/opt/rviz_ogre_vendor/lib:/opt/ros/humble/lib/x86_64-linux-gnu:/opt/ros/humble/lib:/usr/local/cuda/lib64:/usr/local/ffmpeg/lib PYTHONPATH=/home/zilu/myProgramFile/learnRos2/cpp/build/ch3_status_publisher/prefix_override:/usr/lib/python3/dist-packages/colcon_core/task/python/colcon_distutils_commands:/home/zilu/myProgramFile/learnRos2/cpp/install/ch3_status_publisher/lib/python3.10/site-packages:${PYTHONPATH} /usr/bin/python3 -W ignore:setup.py install is deprecated -W ignore:easy_install command is deprecated setup.py egg_info --egg-base ../../build/ch3_status_publisher build --build-base /home/zilu/myProgramFile/learnRos2/cpp/build/ch3_status_publisher/build install --record /home/zilu/myProgramFile/learnRos2/cpp/build/ch3_status_publisher/install.log --install-scripts $base/lib/ch3_status_publisher --single-version-externally-managed install_data
[0.832s] Level 1:colcon.colcon_core.environment:checking '/home/zilu/myProgramFile/learnRos2/cpp/install/ch3_status_publisher' for CMake module files
[0.832s] Level 1:colcon.colcon_core.environment:checking '/home/zilu/myProgramFile/learnRos2/cpp/install/ch3_status_publisher' for CMake config files
[0.833s] Level 1:colcon.colcon_core.environment:checking '/home/zilu/myProgramFile/learnRos2/cpp/install/ch3_status_publisher/lib'
[0.833s] Level 1:colcon.colcon_core.environment:checking '/home/zilu/myProgramFile/learnRos2/cpp/install/ch3_status_publisher/bin'
[0.833s] Level 1:colcon.colcon_core.environment:checking '/home/zilu/myProgramFile/learnRos2/cpp/install/ch3_status_publisher/lib/pkgconfig/ch3_status_publisher.pc'
[0.833s] Level 1:colcon.colcon_core.environment:checking '/home/zilu/myProgramFile/learnRos2/cpp/install/ch3_status_publisher/lib/python3.10/site-packages'
[0.833s] Level 1:colcon.colcon_core.shell:create_environment_hook('ch3_status_publisher', 'pythonpath')
[0.833s] INFO:colcon.colcon_core.shell:Creating environment hook '/home/zilu/myProgramFile/learnRos2/cpp/install/ch3_status_publisher/share/ch3_status_publisher/hook/pythonpath.ps1'
[0.834s] INFO:colcon.colcon_core.shell:Creating environment descriptor '/home/zilu/myProgramFile/learnRos2/cpp/install/ch3_status_publisher/share/ch3_status_publisher/hook/pythonpath.dsv'
[0.834s] INFO:colcon.colcon_core.shell:Creating environment hook '/home/zilu/myProgramFile/learnRos2/cpp/install/ch3_status_publisher/share/ch3_status_publisher/hook/pythonpath.sh'
[0.834s] Level 1:colcon.colcon_core.environment:checking '/home/zilu/myProgramFile/learnRos2/cpp/install/ch3_status_publisher/bin'
[0.834s] Level 1:colcon.colcon_core.environment:create_environment_scripts_only(ch3_status_publisher)
[0.835s] INFO:colcon.colcon_core.shell:Creating package script '/home/zilu/myProgramFile/learnRos2/cpp/install/ch3_status_publisher/share/ch3_status_publisher/package.ps1'
[0.835s] INFO:colcon.colcon_core.shell:Creating package descriptor '/home/zilu/myProgramFile/learnRos2/cpp/install/ch3_status_publisher/share/ch3_status_publisher/package.dsv'
[0.835s] INFO:colcon.colcon_core.shell:Creating package script '/home/zilu/myProgramFile/learnRos2/cpp/install/ch3_status_publisher/share/ch3_status_publisher/package.sh'
[0.836s] INFO:colcon.colcon_core.shell:Creating package script '/home/zilu/myProgramFile/learnRos2/cpp/install/ch3_status_publisher/share/ch3_status_publisher/package.bash'
[0.836s] INFO:colcon.colcon_core.shell:Creating package script '/home/zilu/myProgramFile/learnRos2/cpp/install/ch3_status_publisher/share/ch3_status_publisher/package.zsh'
[0.837s] Level 1:colcon.colcon_core.environment:create_file_with_runtime_dependencies(/home/zilu/myProgramFile/learnRos2/cpp/install/ch3_status_publisher/share/colcon-core/packages/ch3_status_publisher)
[0.837s] DEBUG:colcon.colcon_parallel_executor.executor.parallel:closing loop
[0.837s] DEBUG:colcon.colcon_parallel_executor.executor.parallel:loop closed
[0.837s] DEBUG:colcon.colcon_parallel_executor.executor.parallel:run_until_complete finished with '0'
[0.837s] DEBUG:colcon.colcon_core.event_reactor:joining thread
[0.840s] INFO:colcon.colcon_core.plugin_system:Skipping extension 'colcon_notification.desktop_notification.terminal_notifier': Not used on non-Darwin systems
[0.840s] INFO:colcon.colcon_core.plugin_system:Skipping extension 'colcon_notification.desktop_notification.win32': Not used on non-Windows systems
[0.840s] INFO:colcon.colcon_notification.desktop_notification:Sending desktop notification using 'notify2'
[0.841s] DEBUG:colcon.colcon_notification.desktop_notification.notify2:Failed to initialize notify2: org.freedesktop.DBus.Error.ServiceUnknown: The name org.freedesktop.Notifications was not provided by any .service files
[0.841s] DEBUG:colcon.colcon_core.event_reactor:joined thread
[0.841s] INFO:colcon.colcon_core.shell:Creating prefix script '/home/zilu/myProgramFile/learnRos2/cpp/install/local_setup.ps1'
[0.842s] INFO:colcon.colcon_core.shell:Creating prefix util module '/home/zilu/myProgramFile/learnRos2/cpp/install/_local_setup_util_ps1.py'
[0.842s] INFO:colcon.colcon_core.shell:Creating prefix chain script '/home/zilu/myProgramFile/learnRos2/cpp/install/setup.ps1'
[0.843s] INFO:colcon.colcon_core.shell:Creating prefix script '/home/zilu/myProgramFile/learnRos2/cpp/install/local_setup.sh'
[0.844s] INFO:colcon.colcon_core.shell:Creating prefix util module '/home/zilu/myProgramFile/learnRos2/cpp/install/_local_setup_util_sh.py'
[0.844s] INFO:colcon.colcon_core.shell:Creating prefix chain script '/home/zilu/myProgramFile/learnRos2/cpp/install/setup.sh'
[0.845s] INFO:colcon.colcon_core.shell:Creating prefix script '/home/zilu/myProgramFile/learnRos2/cpp/install/local_setup.bash'
[0.846s] INFO:colcon.colcon_core.shell:Creating prefix chain script '/home/zilu/myProgramFile/learnRos2/cpp/install/setup.bash'
[0.847s] INFO:colcon.colcon_core.shell:Creating prefix script '/home/zilu/myProgramFile/learnRos2/cpp/install/local_setup.zsh'
[0.847s] INFO:colcon.colcon_core.shell:Creating prefix chain script '/home/zilu/myProgramFile/learnRos2/cpp/install/setup.zsh'
