[0.200s] DEBUG:colcon:Command line arguments: ['/usr/bin/colcon', 'build', '--packages-select', 'ch3_status_publisher']
[0.200s] DEBUG:colcon:Parsed command line arguments: Namespace(log_base=None, log_level=None, verb_name='build', build_base='build', install_base='install', merge_install=False, symlink_install=False, test_result_base=None, continue_on_error=False, executor='parallel', parallel_workers=24, event_handlers=None, ignore_user_meta=False, metas=['./colcon.meta'], base_paths=['.'], packages_ignore=None, packages_ignore_regex=None, paths=None, packages_up_to=None, packages_up_to_regex=None, packages_above=None, packages_above_and_dependencies=None, packages_above_depth=None, packages_select_by_dep=None, packages_skip_by_dep=None, packages_skip_up_to=None, packages_select_build_failed=False, packages_skip_build_finished=False, packages_select_test_failures=False, packages_skip_test_passed=False, packages_select=['ch3_status_publisher'], packages_skip=None, packages_select_regex=None, packages_skip_regex=None, packages_start=None, packages_end=None, allow_overriding=[], cmake_args=None, cmake_target=None, cmake_target_skip_unavailable=False, cmake_clean_cache=False, cmake_clean_first=False, cmake_force_configure=False, ament_cmake_args=None, catkin_cmake_args=None, catkin_skip_building_tests=False, verb_parser=<colcon_defaults.argument_parser.defaults.DefaultArgumentsDecorator object at 0x7e28fbc495d0>, verb_extension=<colcon_core.verb.build.BuildVerb object at 0x7e28fbc49090>, main=<bound method BuildVerb.main of <colcon_core.verb.build.BuildVerb object at 0x7e28fbc49090>>)
[0.431s] Level 1:colcon.colcon_core.package_discovery:discover_packages(colcon_meta) check parameters
[0.431s] Level 1:colcon.colcon_core.package_discovery:discover_packages(recursive) check parameters
[0.431s] Level 1:colcon.colcon_core.package_discovery:discover_packages(ignore) check parameters
[0.431s] Level 1:colcon.colcon_core.package_discovery:discover_packages(path) check parameters
[0.431s] Level 1:colcon.colcon_core.package_discovery:discover_packages(colcon_meta) discover
[0.431s] Level 1:colcon.colcon_core.package_discovery:discover_packages(recursive) discover
[0.431s] INFO:colcon.colcon_core.package_discovery:Crawling recursively for packages in '/home/zilu/myProgramFile/learnRos2/cpp'
[0.431s] Level 1:colcon.colcon_core.package_identification:_identify(.) by extensions ['ignore', 'ignore_ament_install']
[0.431s] Level 1:colcon.colcon_core.package_identification:_identify(.) by extension 'ignore'
[0.431s] Level 1:colcon.colcon_core.package_identification:_identify(.) by extension 'ignore_ament_install'
[0.431s] Level 1:colcon.colcon_core.package_identification:_identify(.) by extensions ['colcon_pkg']
[0.431s] Level 1:colcon.colcon_core.package_identification:_identify(.) by extension 'colcon_pkg'
[0.431s] Level 1:colcon.colcon_core.package_identification:_identify(.) by extensions ['colcon_meta']
[0.431s] Level 1:colcon.colcon_core.package_identification:_identify(.) by extension 'colcon_meta'
[0.431s] Level 1:colcon.colcon_core.package_identification:_identify(.) by extensions ['ros']
[0.431s] Level 1:colcon.colcon_core.package_identification:_identify(.) by extension 'ros'
[0.441s] Level 1:colcon.colcon_core.package_identification:_identify(.) by extensions ['cmake', 'python']
[0.441s] Level 1:colcon.colcon_core.package_identification:_identify(.) by extension 'cmake'
[0.441s] Level 1:colcon.colcon_core.package_identification:_identify(.) by extension 'python'
[0.441s] Level 1:colcon.colcon_core.package_identification:_identify(.) by extensions ['python_setup_py']
[0.441s] Level 1:colcon.colcon_core.package_identification:_identify(.) by extension 'python_setup_py'
[0.441s] Level 1:colcon.colcon_core.package_identification:_identify(build) by extensions ['ignore', 'ignore_ament_install']
[0.442s] Level 1:colcon.colcon_core.package_identification:_identify(build) by extension 'ignore'
[0.442s] Level 1:colcon.colcon_core.package_identification:_identify(build) ignored
[0.442s] Level 1:colcon.colcon_core.package_identification:_identify(install) by extensions ['ignore', 'ignore_ament_install']
[0.442s] Level 1:colcon.colcon_core.package_identification:_identify(install) by extension 'ignore'
[0.442s] Level 1:colcon.colcon_core.package_identification:_identify(install) ignored
[0.442s] Level 1:colcon.colcon_core.package_identification:_identify(log) by extensions ['ignore', 'ignore_ament_install']
[0.442s] Level 1:colcon.colcon_core.package_identification:_identify(log) by extension 'ignore'
[0.442s] Level 1:colcon.colcon_core.package_identification:_identify(log) ignored
[0.442s] Level 1:colcon.colcon_core.package_identification:_identify(src) by extensions ['ignore', 'ignore_ament_install']
[0.443s] Level 1:colcon.colcon_core.package_identification:_identify(src) by extension 'ignore'
[0.443s] Level 1:colcon.colcon_core.package_identification:_identify(src) by extension 'ignore_ament_install'
[0.443s] Level 1:colcon.colcon_core.package_identification:_identify(src) by extensions ['colcon_pkg']
[0.443s] Level 1:colcon.colcon_core.package_identification:_identify(src) by extension 'colcon_pkg'
[0.443s] Level 1:colcon.colcon_core.package_identification:_identify(src) by extensions ['colcon_meta']
[0.443s] Level 1:colcon.colcon_core.package_identification:_identify(src) by extension 'colcon_meta'
[0.443s] Level 1:colcon.colcon_core.package_identification:_identify(src) by extensions ['ros']
[0.443s] Level 1:colcon.colcon_core.package_identification:_identify(src) by extension 'ros'
[0.443s] Level 1:colcon.colcon_core.package_identification:_identify(src) by extensions ['cmake', 'python']
[0.443s] Level 1:colcon.colcon_core.package_identification:_identify(src) by extension 'cmake'
[0.443s] Level 1:colcon.colcon_core.package_identification:_identify(src) by extension 'python'
[0.443s] Level 1:colcon.colcon_core.package_identification:_identify(src) by extensions ['python_setup_py']
[0.443s] Level 1:colcon.colcon_core.package_identification:_identify(src) by extension 'python_setup_py'
[0.443s] Level 1:colcon.colcon_core.package_identification:_identify(src/ch10_cpp_advanced) by extensions ['ignore', 'ignore_ament_install']
[0.443s] Level 1:colcon.colcon_core.package_identification:_identify(src/ch10_cpp_advanced) by extension 'ignore'
[0.443s] Level 1:colcon.colcon_core.package_identification:_identify(src/ch10_cpp_advanced) by extension 'ignore_ament_install'
[0.444s] Level 1:colcon.colcon_core.package_identification:_identify(src/ch10_cpp_advanced) by extensions ['colcon_pkg']
[0.444s] Level 1:colcon.colcon_core.package_identification:_identify(src/ch10_cpp_advanced) by extension 'colcon_pkg'
[0.444s] Level 1:colcon.colcon_core.package_identification:_identify(src/ch10_cpp_advanced) by extensions ['colcon_meta']
[0.444s] Level 1:colcon.colcon_core.package_identification:_identify(src/ch10_cpp_advanced) by extension 'colcon_meta'
[0.444s] Level 1:colcon.colcon_core.package_identification:_identify(src/ch10_cpp_advanced) by extensions ['ros']
[0.444s] Level 1:colcon.colcon_core.package_identification:_identify(src/ch10_cpp_advanced) by extension 'ros'
[0.446s] DEBUG:colcon.colcon_core.package_identification:Package 'src/ch10_cpp_advanced' with type 'ros.ament_cmake' and name 'ch10_cpp_advanced'
[0.446s] Level 1:colcon.colcon_core.package_identification:_identify(src/ch2_node) by extensions ['ignore', 'ignore_ament_install']
[0.447s] Level 1:colcon.colcon_core.package_identification:_identify(src/ch2_node) by extension 'ignore'
[0.447s] Level 1:colcon.colcon_core.package_identification:_identify(src/ch2_node) by extension 'ignore_ament_install'
[0.447s] Level 1:colcon.colcon_core.package_identification:_identify(src/ch2_node) by extensions ['colcon_pkg']
[0.447s] Level 1:colcon.colcon_core.package_identification:_identify(src/ch2_node) by extension 'colcon_pkg'
[0.447s] Level 1:colcon.colcon_core.package_identification:_identify(src/ch2_node) by extensions ['colcon_meta']
[0.447s] Level 1:colcon.colcon_core.package_identification:_identify(src/ch2_node) by extension 'colcon_meta'
[0.447s] Level 1:colcon.colcon_core.package_identification:_identify(src/ch2_node) by extensions ['ros']
[0.447s] Level 1:colcon.colcon_core.package_identification:_identify(src/ch2_node) by extension 'ros'
[0.447s] DEBUG:colcon.colcon_core.package_identification:Package 'src/ch2_node' with type 'ros.ament_cmake' and name 'ch2_node'
[0.448s] Level 1:colcon.colcon_core.package_identification:_identify(src/ch2_pkg) by extensions ['ignore', 'ignore_ament_install']
[0.448s] Level 1:colcon.colcon_core.package_identification:_identify(src/ch2_pkg) by extension 'ignore'
[0.448s] Level 1:colcon.colcon_core.package_identification:_identify(src/ch2_pkg) by extension 'ignore_ament_install'
[0.448s] Level 1:colcon.colcon_core.package_identification:_identify(src/ch2_pkg) by extensions ['colcon_pkg']
[0.448s] Level 1:colcon.colcon_core.package_identification:_identify(src/ch2_pkg) by extension 'colcon_pkg'
[0.448s] Level 1:colcon.colcon_core.package_identification:_identify(src/ch2_pkg) by extensions ['colcon_meta']
[0.448s] Level 1:colcon.colcon_core.package_identification:_identify(src/ch2_pkg) by extension 'colcon_meta'
[0.448s] Level 1:colcon.colcon_core.package_identification:_identify(src/ch2_pkg) by extensions ['ros']
[0.448s] Level 1:colcon.colcon_core.package_identification:_identify(src/ch2_pkg) by extension 'ros'
[0.449s] DEBUG:colcon.colcon_core.package_identification:Package 'src/ch2_pkg' with type 'ros.ament_cmake' and name 'ch2_pkg'
[0.449s] Level 1:colcon.colcon_core.package_identification:_identify(src/ch3_cpp_topic) by extensions ['ignore', 'ignore_ament_install']
[0.449s] Level 1:colcon.colcon_core.package_identification:_identify(src/ch3_cpp_topic) by extension 'ignore'
[0.449s] Level 1:colcon.colcon_core.package_identification:_identify(src/ch3_cpp_topic) by extension 'ignore_ament_install'
[0.450s] Level 1:colcon.colcon_core.package_identification:_identify(src/ch3_cpp_topic) by extensions ['colcon_pkg']
[0.450s] Level 1:colcon.colcon_core.package_identification:_identify(src/ch3_cpp_topic) by extension 'colcon_pkg'
[0.450s] Level 1:colcon.colcon_core.package_identification:_identify(src/ch3_cpp_topic) by extensions ['colcon_meta']
[0.450s] Level 1:colcon.colcon_core.package_identification:_identify(src/ch3_cpp_topic) by extension 'colcon_meta'
[0.450s] Level 1:colcon.colcon_core.package_identification:_identify(src/ch3_cpp_topic) by extensions ['ros']
[0.450s] Level 1:colcon.colcon_core.package_identification:_identify(src/ch3_cpp_topic) by extension 'ros'
[0.451s] DEBUG:colcon.colcon_core.package_identification:Package 'src/ch3_cpp_topic' with type 'ros.ament_cmake' and name 'ch3_cpp_topic'
[0.451s] Level 1:colcon.colcon_core.package_identification:_identify(src/ch3_status_interfaces) by extensions ['ignore', 'ignore_ament_install']
[0.451s] Level 1:colcon.colcon_core.package_identification:_identify(src/ch3_status_interfaces) by extension 'ignore'
[0.451s] Level 1:colcon.colcon_core.package_identification:_identify(src/ch3_status_interfaces) by extension 'ignore_ament_install'
[0.451s] Level 1:colcon.colcon_core.package_identification:_identify(src/ch3_status_interfaces) by extensions ['colcon_pkg']
[0.451s] Level 1:colcon.colcon_core.package_identification:_identify(src/ch3_status_interfaces) by extension 'colcon_pkg'
[0.451s] Level 1:colcon.colcon_core.package_identification:_identify(src/ch3_status_interfaces) by extensions ['colcon_meta']
[0.451s] Level 1:colcon.colcon_core.package_identification:_identify(src/ch3_status_interfaces) by extension 'colcon_meta'
[0.451s] Level 1:colcon.colcon_core.package_identification:_identify(src/ch3_status_interfaces) by extensions ['ros']
[0.451s] Level 1:colcon.colcon_core.package_identification:_identify(src/ch3_status_interfaces) by extension 'ros'
[0.452s] DEBUG:colcon.colcon_core.package_identification:Package 'src/ch3_status_interfaces' with type 'ros.ament_cmake' and name 'ch3_status_interfaces'
[0.452s] Level 1:colcon.colcon_core.package_identification:_identify(src/ch3_status_publisher) by extensions ['ignore', 'ignore_ament_install']
[0.452s] Level 1:colcon.colcon_core.package_identification:_identify(src/ch3_status_publisher) by extension 'ignore'
[0.452s] Level 1:colcon.colcon_core.package_identification:_identify(src/ch3_status_publisher) by extension 'ignore_ament_install'
[0.452s] Level 1:colcon.colcon_core.package_identification:_identify(src/ch3_status_publisher) by extensions ['colcon_pkg']
[0.452s] Level 1:colcon.colcon_core.package_identification:_identify(src/ch3_status_publisher) by extension 'colcon_pkg'
[0.452s] Level 1:colcon.colcon_core.package_identification:_identify(src/ch3_status_publisher) by extensions ['colcon_meta']
[0.452s] Level 1:colcon.colcon_core.package_identification:_identify(src/ch3_status_publisher) by extension 'colcon_meta'
[0.452s] Level 1:colcon.colcon_core.package_identification:_identify(src/ch3_status_publisher) by extensions ['ros']
[0.452s] Level 1:colcon.colcon_core.package_identification:_identify(src/ch3_status_publisher) by extension 'ros'
[0.453s] DEBUG:colcon.colcon_core.package_identification:Package 'src/ch3_status_publisher' with type 'ros.ament_python' and name 'ch3_status_publisher'
[0.453s] Level 1:colcon.colcon_core.package_identification:_identify(src/ch4_cpp_param) by extensions ['ignore', 'ignore_ament_install']
[0.453s] Level 1:colcon.colcon_core.package_identification:_identify(src/ch4_cpp_param) by extension 'ignore'
[0.453s] Level 1:colcon.colcon_core.package_identification:_identify(src/ch4_cpp_param) by extension 'ignore_ament_install'
[0.453s] Level 1:colcon.colcon_core.package_identification:_identify(src/ch4_cpp_param) by extensions ['colcon_pkg']
[0.453s] Level 1:colcon.colcon_core.package_identification:_identify(src/ch4_cpp_param) by extension 'colcon_pkg'
[0.453s] Level 1:colcon.colcon_core.package_identification:_identify(src/ch4_cpp_param) by extensions ['colcon_meta']
[0.453s] Level 1:colcon.colcon_core.package_identification:_identify(src/ch4_cpp_param) by extension 'colcon_meta'
[0.453s] Level 1:colcon.colcon_core.package_identification:_identify(src/ch4_cpp_param) by extensions ['ros']
[0.453s] Level 1:colcon.colcon_core.package_identification:_identify(src/ch4_cpp_param) by extension 'ros'
[0.454s] DEBUG:colcon.colcon_core.package_identification:Package 'src/ch4_cpp_param' with type 'ros.ament_cmake' and name 'ch4_cpp_param'
[0.454s] Level 1:colcon.colcon_core.package_identification:_identify(src/ch4_cpp_service) by extensions ['ignore', 'ignore_ament_install']
[0.454s] Level 1:colcon.colcon_core.package_identification:_identify(src/ch4_cpp_service) by extension 'ignore'
[0.454s] Level 1:colcon.colcon_core.package_identification:_identify(src/ch4_cpp_service) by extension 'ignore_ament_install'
[0.454s] Level 1:colcon.colcon_core.package_identification:_identify(src/ch4_cpp_service) by extensions ['colcon_pkg']
[0.454s] Level 1:colcon.colcon_core.package_identification:_identify(src/ch4_cpp_service) by extension 'colcon_pkg'
[0.454s] Level 1:colcon.colcon_core.package_identification:_identify(src/ch4_cpp_service) by extensions ['colcon_meta']
[0.454s] Level 1:colcon.colcon_core.package_identification:_identify(src/ch4_cpp_service) by extension 'colcon_meta'
[0.454s] Level 1:colcon.colcon_core.package_identification:_identify(src/ch4_cpp_service) by extensions ['ros']
[0.454s] Level 1:colcon.colcon_core.package_identification:_identify(src/ch4_cpp_service) by extension 'ros'
[0.455s] DEBUG:colcon.colcon_core.package_identification:Package 'src/ch4_cpp_service' with type 'ros.ament_cmake' and name 'ch4_cpp_service'
[0.455s] Level 1:colcon.colcon_core.package_identification:_identify(src/ch5_cpp_tf) by extensions ['ignore', 'ignore_ament_install']
[0.455s] Level 1:colcon.colcon_core.package_identification:_identify(src/ch5_cpp_tf) by extension 'ignore'
[0.456s] Level 1:colcon.colcon_core.package_identification:_identify(src/ch5_cpp_tf) by extension 'ignore_ament_install'
[0.456s] Level 1:colcon.colcon_core.package_identification:_identify(src/ch5_cpp_tf) by extensions ['colcon_pkg']
[0.456s] Level 1:colcon.colcon_core.package_identification:_identify(src/ch5_cpp_tf) by extension 'colcon_pkg'
[0.456s] Level 1:colcon.colcon_core.package_identification:_identify(src/ch5_cpp_tf) by extensions ['colcon_meta']
[0.456s] Level 1:colcon.colcon_core.package_identification:_identify(src/ch5_cpp_tf) by extension 'colcon_meta'
[0.456s] Level 1:colcon.colcon_core.package_identification:_identify(src/ch5_cpp_tf) by extensions ['ros']
[0.456s] Level 1:colcon.colcon_core.package_identification:_identify(src/ch5_cpp_tf) by extension 'ros'
[0.456s] DEBUG:colcon.colcon_core.package_identification:Package 'src/ch5_cpp_tf' with type 'ros.ament_cmake' and name 'ch5_cpp_tf'
[0.457s] Level 1:colcon.colcon_core.package_identification:_identify(src/ch6_robot) by extensions ['ignore', 'ignore_ament_install']
[0.457s] Level 1:colcon.colcon_core.package_identification:_identify(src/ch6_robot) by extension 'ignore'
[0.457s] Level 1:colcon.colcon_core.package_identification:_identify(src/ch6_robot) by extension 'ignore_ament_install'
[0.457s] Level 1:colcon.colcon_core.package_identification:_identify(src/ch6_robot) by extensions ['colcon_pkg']
[0.457s] Level 1:colcon.colcon_core.package_identification:_identify(src/ch6_robot) by extension 'colcon_pkg'
[0.457s] Level 1:colcon.colcon_core.package_identification:_identify(src/ch6_robot) by extensions ['colcon_meta']
[0.457s] Level 1:colcon.colcon_core.package_identification:_identify(src/ch6_robot) by extension 'colcon_meta'
[0.457s] Level 1:colcon.colcon_core.package_identification:_identify(src/ch6_robot) by extensions ['ros']
[0.457s] Level 1:colcon.colcon_core.package_identification:_identify(src/ch6_robot) by extension 'ros'
[0.457s] DEBUG:colcon.colcon_core.package_identification:Package 'src/ch6_robot' with type 'ros.ament_cmake' and name 'ch6_robot'
[0.458s] Level 1:colcon.colcon_core.package_identification:_identify(src/ch7_cpp_navigation) by extensions ['ignore', 'ignore_ament_install']
[0.458s] Level 1:colcon.colcon_core.package_identification:_identify(src/ch7_cpp_navigation) by extension 'ignore'
[0.458s] Level 1:colcon.colcon_core.package_identification:_identify(src/ch7_cpp_navigation) by extension 'ignore_ament_install'
[0.458s] Level 1:colcon.colcon_core.package_identification:_identify(src/ch7_cpp_navigation) by extensions ['colcon_pkg']
[0.458s] Level 1:colcon.colcon_core.package_identification:_identify(src/ch7_cpp_navigation) by extension 'colcon_pkg'
[0.458s] Level 1:colcon.colcon_core.package_identification:_identify(src/ch7_cpp_navigation) by extensions ['colcon_meta']
[0.458s] Level 1:colcon.colcon_core.package_identification:_identify(src/ch7_cpp_navigation) by extension 'colcon_meta'
[0.458s] Level 1:colcon.colcon_core.package_identification:_identify(src/ch7_cpp_navigation) by extensions ['ros']
[0.458s] Level 1:colcon.colcon_core.package_identification:_identify(src/ch7_cpp_navigation) by extension 'ros'
[0.459s] DEBUG:colcon.colcon_core.package_identification:Package 'src/ch7_cpp_navigation' with type 'ros.ament_cmake' and name 'ch7_cpp_navigation'
[0.459s] Level 1:colcon.colcon_core.package_identification:_identify(src/ch8_custom_planner) by extensions ['ignore', 'ignore_ament_install']
[0.459s] Level 1:colcon.colcon_core.package_identification:_identify(src/ch8_custom_planner) by extension 'ignore'
[0.459s] Level 1:colcon.colcon_core.package_identification:_identify(src/ch8_custom_planner) by extension 'ignore_ament_install'
[0.459s] Level 1:colcon.colcon_core.package_identification:_identify(src/ch8_custom_planner) by extensions ['colcon_pkg']
[0.459s] Level 1:colcon.colcon_core.package_identification:_identify(src/ch8_custom_planner) by extension 'colcon_pkg'
[0.459s] Level 1:colcon.colcon_core.package_identification:_identify(src/ch8_custom_planner) by extensions ['colcon_meta']
[0.459s] Level 1:colcon.colcon_core.package_identification:_identify(src/ch8_custom_planner) by extension 'colcon_meta'
[0.459s] Level 1:colcon.colcon_core.package_identification:_identify(src/ch8_custom_planner) by extensions ['ros']
[0.459s] Level 1:colcon.colcon_core.package_identification:_identify(src/ch8_custom_planner) by extension 'ros'
[0.460s] DEBUG:colcon.colcon_core.package_identification:Package 'src/ch8_custom_planner' with type 'ros.ament_cmake' and name 'ch8_custom_planner'
[0.460s] Level 1:colcon.colcon_core.package_identification:_identify(src/ch9_cpp_robot_driver) by extensions ['ignore', 'ignore_ament_install']
[0.460s] Level 1:colcon.colcon_core.package_identification:_identify(src/ch9_cpp_robot_driver) by extension 'ignore'
[0.460s] Level 1:colcon.colcon_core.package_identification:_identify(src/ch9_cpp_robot_driver) by extension 'ignore_ament_install'
[0.460s] Level 1:colcon.colcon_core.package_identification:_identify(src/ch9_cpp_robot_driver) by extensions ['colcon_pkg']
[0.460s] Level 1:colcon.colcon_core.package_identification:_identify(src/ch9_cpp_robot_driver) by extension 'colcon_pkg'
[0.460s] Level 1:colcon.colcon_core.package_identification:_identify(src/ch9_cpp_robot_driver) by extensions ['colcon_meta']
[0.460s] Level 1:colcon.colcon_core.package_identification:_identify(src/ch9_cpp_robot_driver) by extension 'colcon_meta'
[0.460s] Level 1:colcon.colcon_core.package_identification:_identify(src/ch9_cpp_robot_driver) by extensions ['ros']
[0.460s] Level 1:colcon.colcon_core.package_identification:_identify(src/ch9_cpp_robot_driver) by extension 'ros'
[0.461s] DEBUG:colcon.colcon_core.package_identification:Package 'src/ch9_cpp_robot_driver' with type 'ros.ament_cmake' and name 'ch9_cpp_robot_driver'
[0.461s] Level 1:colcon.colcon_core.package_discovery:discover_packages(recursive) using defaults
[0.461s] Level 1:colcon.colcon_core.package_discovery:discover_packages(ignore) discover
[0.461s] Level 1:colcon.colcon_core.package_discovery:discover_packages(ignore) using defaults
[0.461s] Level 1:colcon.colcon_core.package_discovery:discover_packages(path) discover
[0.461s] Level 1:colcon.colcon_core.package_discovery:discover_packages(path) using defaults
[0.489s] INFO:colcon.colcon_core.package_selection:Skipping not selected package 'ch10_cpp_advanced' in 'src/ch10_cpp_advanced'
[0.489s] INFO:colcon.colcon_core.package_selection:Skipping not selected package 'ch2_pkg' in 'src/ch2_pkg'
[0.489s] INFO:colcon.colcon_core.package_selection:Skipping not selected package 'ch3_cpp_topic' in 'src/ch3_cpp_topic'
[0.489s] INFO:colcon.colcon_core.package_selection:Skipping not selected package 'ch3_status_interfaces' in 'src/ch3_status_interfaces'
[0.489s] INFO:colcon.colcon_core.package_selection:Skipping not selected package 'ch4_cpp_param' in 'src/ch4_cpp_param'
[0.489s] INFO:colcon.colcon_core.package_selection:Skipping not selected package 'ch4_cpp_service' in 'src/ch4_cpp_service'
[0.489s] INFO:colcon.colcon_core.package_selection:Skipping not selected package 'ch5_cpp_tf' in 'src/ch5_cpp_tf'
[0.489s] INFO:colcon.colcon_core.package_selection:Skipping not selected package 'ch6_robot' in 'src/ch6_robot'
[0.489s] INFO:colcon.colcon_core.package_selection:Skipping not selected package 'ch7_cpp_navigation' in 'src/ch7_cpp_navigation'
[0.489s] INFO:colcon.colcon_core.package_selection:Skipping not selected package 'ch8_custom_planner' in 'src/ch8_custom_planner'
[0.489s] INFO:colcon.colcon_core.package_selection:Skipping not selected package 'ch9_cpp_robot_driver' in 'src/ch9_cpp_robot_driver'
[0.489s] INFO:colcon.colcon_core.package_selection:Skipping not selected package 'ch2_node' in 'src/ch2_node'
[0.490s] Level 1:colcon.colcon_core.package_discovery:discover_packages(prefix_path) check parameters
[0.490s] Level 1:colcon.colcon_core.package_discovery:discover_packages(prefix_path) discover
[0.494s] DEBUG:colcon.colcon_installed_package_information.package_discovery:Found 11 installed packages in /home/zilu/myProgramFile/learnRos2/cpp/install
[0.495s] DEBUG:colcon.colcon_installed_package_information.package_discovery:Found 371 installed packages in /opt/ros/humble
[0.497s] Level 1:colcon.colcon_core.package_discovery:discover_packages(prefix_path) using defaults
[0.571s] Level 5:colcon.colcon_core.verb:set package 'ch3_status_publisher' build argument 'cmake_args' from command line to 'None'
[0.571s] Level 5:colcon.colcon_core.verb:set package 'ch3_status_publisher' build argument 'cmake_target' from command line to 'None'
[0.571s] Level 5:colcon.colcon_core.verb:set package 'ch3_status_publisher' build argument 'cmake_target_skip_unavailable' from command line to 'False'
[0.571s] Level 5:colcon.colcon_core.verb:set package 'ch3_status_publisher' build argument 'cmake_clean_cache' from command line to 'False'
[0.571s] Level 5:colcon.colcon_core.verb:set package 'ch3_status_publisher' build argument 'cmake_clean_first' from command line to 'False'
[0.571s] Level 5:colcon.colcon_core.verb:set package 'ch3_status_publisher' build argument 'cmake_force_configure' from command line to 'False'
[0.571s] Level 5:colcon.colcon_core.verb:set package 'ch3_status_publisher' build argument 'ament_cmake_args' from command line to 'None'
[0.571s] Level 5:colcon.colcon_core.verb:set package 'ch3_status_publisher' build argument 'catkin_cmake_args' from command line to 'None'
[0.571s] Level 5:colcon.colcon_core.verb:set package 'ch3_status_publisher' build argument 'catkin_skip_building_tests' from command line to 'False'
[0.571s] DEBUG:colcon.colcon_core.verb:Building package 'ch3_status_publisher' with the following arguments: {'ament_cmake_args': None, 'build_base': '/home/zilu/myProgramFile/learnRos2/cpp/build/ch3_status_publisher', 'catkin_cmake_args': None, 'catkin_skip_building_tests': False, 'cmake_args': None, 'cmake_clean_cache': False, 'cmake_clean_first': False, 'cmake_force_configure': False, 'cmake_target': None, 'cmake_target_skip_unavailable': False, 'install_base': '/home/zilu/myProgramFile/learnRos2/cpp/install/ch3_status_publisher', 'merge_install': False, 'path': '/home/zilu/myProgramFile/learnRos2/cpp/src/ch3_status_publisher', 'symlink_install': False, 'test_result_base': None}
[0.572s] INFO:colcon.colcon_core.executor:Executing jobs using 'parallel' executor
[0.573s] DEBUG:colcon.colcon_parallel_executor.executor.parallel:run_until_complete
[0.573s] INFO:colcon.colcon_ros.task.ament_python.build:Building ROS package in '/home/zilu/myProgramFile/learnRos2/cpp/src/ch3_status_publisher' with build type 'ament_python'
[0.573s] Level 1:colcon.colcon_core.shell:create_environment_hook('ch3_status_publisher', 'ament_prefix_path')
[0.577s] INFO:colcon.colcon_core.plugin_system:Skipping extension 'colcon_core.shell.bat': Not used on non-Windows systems
[0.577s] INFO:colcon.colcon_core.shell:Creating environment hook '/home/zilu/myProgramFile/learnRos2/cpp/install/ch3_status_publisher/share/ch3_status_publisher/hook/ament_prefix_path.ps1'
[0.578s] INFO:colcon.colcon_core.shell:Creating environment descriptor '/home/zilu/myProgramFile/learnRos2/cpp/install/ch3_status_publisher/share/ch3_status_publisher/hook/ament_prefix_path.dsv'
[0.579s] INFO:colcon.colcon_core.shell:Creating environment hook '/home/zilu/myProgramFile/learnRos2/cpp/install/ch3_status_publisher/share/ch3_status_publisher/hook/ament_prefix_path.sh'
[0.580s] INFO:colcon.colcon_core.shell:Skip shell extension 'powershell' for command environment: Not usable outside of PowerShell
[0.580s] DEBUG:colcon.colcon_core.shell:Skip shell extension 'dsv' for command environment
[0.765s] INFO:colcon.colcon_core.task.python.build:Building Python package in '/home/zilu/myProgramFile/learnRos2/cpp/src/ch3_status_publisher'
[0.765s] INFO:colcon.colcon_core.shell:Skip shell extension 'powershell' for command environment: Not usable outside of PowerShell
[0.765s] DEBUG:colcon.colcon_core.shell:Skip shell extension 'dsv' for command environment
[1.101s] DEBUG:colcon.colcon_core.task.python.build:Available setuptools commands: upload, build_py, install_egg_info, register, develop, build, check, setopt, sdist, dist_info, install_headers, build_scripts, bdist_rpm, install_lib, alias, bdist_egg, test, init_catalog, upload_docs, compile_catalog, update_catalog, bdist_wheel, saveopts, bdist, install_data, build_clib, bdist_dumb, build_ext, symlink_data, extract_messages, easy_install, install_scripts, install, rotate, egg_info, clean
[1.102s] DEBUG:colcon.colcon_core.event_handler.log_command:Invoking command in '/home/zilu/myProgramFile/learnRos2/cpp/src/ch3_status_publisher': CMAKE_PREFIX_PATH=/home/zilu/myProgramFile/learnRos2/cpp/install/ch3_status_interfaces:/home/zilu/myProgramFile/learnRos2/cpp/install/ch9_cpp_robot_driver:/home/zilu/myProgramFile/learnRos2/cpp/install/ch6_robot:/home/zilu/myProgramFile/learnRos2/cpp/install/ch5_cpp_tf:/home/zilu/myProgramFile/learnRos2/cpp/install/ch4_cpp_service:/home/zilu/myProgramFile/learnRos2/cpp/install/ch4_cpp_param:/home/zilu/myProgramFile/learnRos2/cpp/install/ch3_cpp_topic:/home/zilu/myProgramFile/learnRos2/cpp/install/ch2_node:/home/zilu/myProgramFile/learnRos2/cpp/install/ch2_pkg:/home/zilu/myProgramFile/learnRos2/cpp/install/ch10_cpp_advanced LD_LIBRARY_PATH=/home/zilu/myProgramFile/learnRos2/cpp/install/ch3_status_interfaces/lib:/home/zilu/myProgramFile/learnRos2/cpp/install/ch4_cpp_service/lib:/home/zilu/myProgramFile/learnRos2/cpp/install/ch10_cpp_advanced/lib:/usr/local/cuda/lib64:/usr/local/ffmpeg/lib:/usr/lib/x86_64-linux-gnu/gazebo-11/plugins:/opt/ros/humble/opt/rviz_ogre_vendor/lib:/opt/ros/humble/lib/x86_64-linux-gnu:/opt/ros/humble/lib:/usr/local/cuda/lib64:/usr/local/ffmpeg/lib PYTHONPATH=/home/zilu/myProgramFile/learnRos2/cpp/build/ch3_status_publisher/prefix_override:/usr/lib/python3/dist-packages/colcon_core/task/python/colcon_distutils_commands:/home/zilu/myProgramFile/learnRos2/cpp/install/ch3_status_publisher/lib/python3.10/site-packages:${PYTHONPATH} /usr/bin/python3 -W ignore:setup.py install is deprecated -W ignore:easy_install command is deprecated setup.py egg_info --egg-base ../../build/ch3_status_publisher build --build-base /home/zilu/myProgramFile/learnRos2/cpp/build/ch3_status_publisher/build install --record /home/zilu/myProgramFile/learnRos2/cpp/build/ch3_status_publisher/install.log --install-scripts $base/lib/ch3_status_publisher --single-version-externally-managed install_data
[1.257s] DEBUG:colcon.colcon_core.event_handler.log_command:Invoked command in '/home/zilu/myProgramFile/learnRos2/cpp/src/ch3_status_publisher' returned '0': CMAKE_PREFIX_PATH=/home/zilu/myProgramFile/learnRos2/cpp/install/ch3_status_interfaces:/home/zilu/myProgramFile/learnRos2/cpp/install/ch9_cpp_robot_driver:/home/zilu/myProgramFile/learnRos2/cpp/install/ch6_robot:/home/zilu/myProgramFile/learnRos2/cpp/install/ch5_cpp_tf:/home/zilu/myProgramFile/learnRos2/cpp/install/ch4_cpp_service:/home/zilu/myProgramFile/learnRos2/cpp/install/ch4_cpp_param:/home/zilu/myProgramFile/learnRos2/cpp/install/ch3_cpp_topic:/home/zilu/myProgramFile/learnRos2/cpp/install/ch2_node:/home/zilu/myProgramFile/learnRos2/cpp/install/ch2_pkg:/home/zilu/myProgramFile/learnRos2/cpp/install/ch10_cpp_advanced LD_LIBRARY_PATH=/home/zilu/myProgramFile/learnRos2/cpp/install/ch3_status_interfaces/lib:/home/zilu/myProgramFile/learnRos2/cpp/install/ch4_cpp_service/lib:/home/zilu/myProgramFile/learnRos2/cpp/install/ch10_cpp_advanced/lib:/usr/local/cuda/lib64:/usr/local/ffmpeg/lib:/usr/lib/x86_64-linux-gnu/gazebo-11/plugins:/opt/ros/humble/opt/rviz_ogre_vendor/lib:/opt/ros/humble/lib/x86_64-linux-gnu:/opt/ros/humble/lib:/usr/local/cuda/lib64:/usr/local/ffmpeg/lib PYTHONPATH=/home/zilu/myProgramFile/learnRos2/cpp/build/ch3_status_publisher/prefix_override:/usr/lib/python3/dist-packages/colcon_core/task/python/colcon_distutils_commands:/home/zilu/myProgramFile/learnRos2/cpp/install/ch3_status_publisher/lib/python3.10/site-packages:${PYTHONPATH} /usr/bin/python3 -W ignore:setup.py install is deprecated -W ignore:easy_install command is deprecated setup.py egg_info --egg-base ../../build/ch3_status_publisher build --build-base /home/zilu/myProgramFile/learnRos2/cpp/build/ch3_status_publisher/build install --record /home/zilu/myProgramFile/learnRos2/cpp/build/ch3_status_publisher/install.log --install-scripts $base/lib/ch3_status_publisher --single-version-externally-managed install_data
[1.262s] Level 1:colcon.colcon_core.environment:checking '/home/zilu/myProgramFile/learnRos2/cpp/install/ch3_status_publisher' for CMake module files
[1.262s] Level 1:colcon.colcon_core.environment:checking '/home/zilu/myProgramFile/learnRos2/cpp/install/ch3_status_publisher' for CMake config files
[1.263s] Level 1:colcon.colcon_core.environment:checking '/home/zilu/myProgramFile/learnRos2/cpp/install/ch3_status_publisher/lib'
[1.263s] Level 1:colcon.colcon_core.environment:checking '/home/zilu/myProgramFile/learnRos2/cpp/install/ch3_status_publisher/bin'
[1.263s] Level 1:colcon.colcon_core.environment:checking '/home/zilu/myProgramFile/learnRos2/cpp/install/ch3_status_publisher/lib/pkgconfig/ch3_status_publisher.pc'
[1.263s] Level 1:colcon.colcon_core.environment:checking '/home/zilu/myProgramFile/learnRos2/cpp/install/ch3_status_publisher/lib/python3.10/site-packages'
[1.263s] Level 1:colcon.colcon_core.shell:create_environment_hook('ch3_status_publisher', 'pythonpath')
[1.263s] INFO:colcon.colcon_core.shell:Creating environment hook '/home/zilu/myProgramFile/learnRos2/cpp/install/ch3_status_publisher/share/ch3_status_publisher/hook/pythonpath.ps1'
[1.264s] INFO:colcon.colcon_core.shell:Creating environment descriptor '/home/zilu/myProgramFile/learnRos2/cpp/install/ch3_status_publisher/share/ch3_status_publisher/hook/pythonpath.dsv'
[1.264s] INFO:colcon.colcon_core.shell:Creating environment hook '/home/zilu/myProgramFile/learnRos2/cpp/install/ch3_status_publisher/share/ch3_status_publisher/hook/pythonpath.sh'
[1.264s] Level 1:colcon.colcon_core.environment:checking '/home/zilu/myProgramFile/learnRos2/cpp/install/ch3_status_publisher/bin'
[1.264s] Level 1:colcon.colcon_core.environment:create_environment_scripts_only(ch3_status_publisher)
[1.265s] INFO:colcon.colcon_core.shell:Creating package script '/home/zilu/myProgramFile/learnRos2/cpp/install/ch3_status_publisher/share/ch3_status_publisher/package.ps1'
[1.266s] INFO:colcon.colcon_core.shell:Creating package descriptor '/home/zilu/myProgramFile/learnRos2/cpp/install/ch3_status_publisher/share/ch3_status_publisher/package.dsv'
[1.266s] INFO:colcon.colcon_core.shell:Creating package script '/home/zilu/myProgramFile/learnRos2/cpp/install/ch3_status_publisher/share/ch3_status_publisher/package.sh'
[1.267s] INFO:colcon.colcon_core.shell:Creating package script '/home/zilu/myProgramFile/learnRos2/cpp/install/ch3_status_publisher/share/ch3_status_publisher/package.bash'
[1.267s] INFO:colcon.colcon_core.shell:Creating package script '/home/zilu/myProgramFile/learnRos2/cpp/install/ch3_status_publisher/share/ch3_status_publisher/package.zsh'
[1.268s] Level 1:colcon.colcon_core.environment:create_file_with_runtime_dependencies(/home/zilu/myProgramFile/learnRos2/cpp/install/ch3_status_publisher/share/colcon-core/packages/ch3_status_publisher)
[1.268s] DEBUG:colcon.colcon_parallel_executor.executor.parallel:closing loop
[1.268s] DEBUG:colcon.colcon_parallel_executor.executor.parallel:loop closed
[1.269s] DEBUG:colcon.colcon_parallel_executor.executor.parallel:run_until_complete finished with '0'
[1.269s] DEBUG:colcon.colcon_core.event_reactor:joining thread
[1.275s] INFO:colcon.colcon_core.plugin_system:Skipping extension 'colcon_notification.desktop_notification.terminal_notifier': Not used on non-Darwin systems
[1.275s] INFO:colcon.colcon_core.plugin_system:Skipping extension 'colcon_notification.desktop_notification.win32': Not used on non-Windows systems
[1.275s] INFO:colcon.colcon_notification.desktop_notification:Sending desktop notification using 'notify2'
[1.276s] DEBUG:colcon.colcon_notification.desktop_notification.notify2:Failed to initialize notify2: org.freedesktop.DBus.Error.ServiceUnknown: The name org.freedesktop.Notifications was not provided by any .service files
[1.276s] DEBUG:colcon.colcon_core.event_reactor:joined thread
[1.276s] INFO:colcon.colcon_core.shell:Creating prefix script '/home/zilu/myProgramFile/learnRos2/cpp/install/local_setup.ps1'
[1.277s] INFO:colcon.colcon_core.shell:Creating prefix util module '/home/zilu/myProgramFile/learnRos2/cpp/install/_local_setup_util_ps1.py'
[1.278s] INFO:colcon.colcon_core.shell:Creating prefix chain script '/home/zilu/myProgramFile/learnRos2/cpp/install/setup.ps1'
[1.279s] INFO:colcon.colcon_core.shell:Creating prefix script '/home/zilu/myProgramFile/learnRos2/cpp/install/local_setup.sh'
[1.279s] INFO:colcon.colcon_core.shell:Creating prefix util module '/home/zilu/myProgramFile/learnRos2/cpp/install/_local_setup_util_sh.py'
[1.280s] INFO:colcon.colcon_core.shell:Creating prefix chain script '/home/zilu/myProgramFile/learnRos2/cpp/install/setup.sh'
[1.281s] INFO:colcon.colcon_core.shell:Creating prefix script '/home/zilu/myProgramFile/learnRos2/cpp/install/local_setup.bash'
[1.282s] INFO:colcon.colcon_core.shell:Creating prefix chain script '/home/zilu/myProgramFile/learnRos2/cpp/install/setup.bash'
[1.283s] INFO:colcon.colcon_core.shell:Creating prefix script '/home/zilu/myProgramFile/learnRos2/cpp/install/local_setup.zsh'
[1.284s] INFO:colcon.colcon_core.shell:Creating prefix chain script '/home/zilu/myProgramFile/learnRos2/cpp/install/setup.zsh'
