[0.096s] DEBUG:colcon:Command line arguments: ['/usr/bin/colcon', 'build', '--packages-select', 'ch3_cpp_topic/']
[0.096s] DEBUG:colcon:Parsed command line arguments: Namespace(log_base=None, log_level=None, verb_name='build', build_base='build', install_base='install', merge_install=False, symlink_install=False, test_result_base=None, continue_on_error=False, executor='parallel', parallel_workers=24, event_handlers=None, ignore_user_meta=False, metas=['./colcon.meta'], base_paths=['.'], packages_ignore=None, packages_ignore_regex=None, paths=None, packages_up_to=None, packages_up_to_regex=None, packages_above=None, packages_above_and_dependencies=None, packages_above_depth=None, packages_select_by_dep=None, packages_skip_by_dep=None, packages_skip_up_to=None, packages_select_build_failed=False, packages_skip_build_finished=False, packages_select_test_failures=False, packages_skip_test_passed=False, packages_select=['ch3_cpp_topic/'], packages_skip=None, packages_select_regex=None, packages_skip_regex=None, packages_start=None, packages_end=None, allow_overriding=[], cmake_args=None, cmake_target=None, cmake_target_skip_unavailable=False, cmake_clean_cache=False, cmake_clean_first=False, cmake_force_configure=False, ament_cmake_args=None, catkin_cmake_args=None, catkin_skip_building_tests=False, verb_parser=<colcon_defaults.argument_parser.defaults.DefaultArgumentsDecorator object at 0x73899a45cd90>, verb_extension=<colcon_core.verb.build.BuildVerb object at 0x73899a45c850>, main=<bound method BuildVerb.main of <colcon_core.verb.build.BuildVerb object at 0x73899a45c850>>)
[0.190s] Level 1:colcon.colcon_core.package_discovery:discover_packages(colcon_meta) check parameters
[0.190s] Level 1:colcon.colcon_core.package_discovery:discover_packages(recursive) check parameters
[0.190s] Level 1:colcon.colcon_core.package_discovery:discover_packages(ignore) check parameters
[0.190s] Level 1:colcon.colcon_core.package_discovery:discover_packages(path) check parameters
[0.190s] Level 1:colcon.colcon_core.package_discovery:discover_packages(colcon_meta) discover
[0.190s] Level 1:colcon.colcon_core.package_discovery:discover_packages(recursive) discover
[0.190s] INFO:colcon.colcon_core.package_discovery:Crawling recursively for packages in '/home/zilu/myProgramFile/learnRos2/cpp/install'
[0.190s] Level 1:colcon.colcon_core.package_identification:_identify(.) by extensions ['ignore', 'ignore_ament_install']
[0.190s] Level 1:colcon.colcon_core.package_identification:_identify(.) by extension 'ignore'
[0.190s] Level 1:colcon.colcon_core.package_identification:_identify(.) ignored
[0.190s] Level 1:colcon.colcon_core.package_discovery:discover_packages(recursive) using defaults
[0.190s] Level 1:colcon.colcon_core.package_discovery:discover_packages(ignore) discover
[0.190s] Level 1:colcon.colcon_core.package_discovery:discover_packages(ignore) using defaults
[0.191s] Level 1:colcon.colcon_core.package_discovery:discover_packages(path) discover
[0.191s] Level 1:colcon.colcon_core.package_discovery:discover_packages(path) using defaults
[0.191s] WARNING:colcon.colcon_core.package_selection:ignoring unknown package 'ch3_cpp_topic/' in --packages-select
[0.209s] Level 1:colcon.colcon_core.package_discovery:discover_packages(prefix_path) check parameters
[0.209s] Level 1:colcon.colcon_core.package_discovery:discover_packages(prefix_path) discover
[0.210s] DEBUG:colcon.colcon_installed_package_information.package_discovery:Found 10 installed packages in /home/zilu/myProgramFile/learnRos2/cpp/install
[0.211s] DEBUG:colcon.colcon_installed_package_information.package_discovery:Found 371 installed packages in /opt/ros/humble
[0.213s] Level 1:colcon.colcon_core.package_discovery:discover_packages(prefix_path) using defaults
[0.253s] INFO:colcon.colcon_core.executor:Executing jobs using 'parallel' executor
[0.254s] DEBUG:colcon.colcon_parallel_executor.executor.parallel:run_until_complete
[0.254s] DEBUG:colcon.colcon_parallel_executor.executor.parallel:closing loop
[0.254s] DEBUG:colcon.colcon_parallel_executor.executor.parallel:loop closed
[0.254s] DEBUG:colcon.colcon_parallel_executor.executor.parallel:run_until_complete finished with '0'
[0.254s] DEBUG:colcon.colcon_core.event_reactor:joining thread
[0.258s] INFO:colcon.colcon_core.plugin_system:Skipping extension 'colcon_notification.desktop_notification.terminal_notifier': Not used on non-Darwin systems
[0.258s] INFO:colcon.colcon_core.plugin_system:Skipping extension 'colcon_notification.desktop_notification.win32': Not used on non-Windows systems
[0.258s] INFO:colcon.colcon_notification.desktop_notification:Sending desktop notification using 'notify2'
[0.260s] DEBUG:colcon.colcon_notification.desktop_notification.notify2:Failed to initialize notify2: org.freedesktop.DBus.Error.ServiceUnknown: The name org.freedesktop.Notifications was not provided by any .service files
[0.260s] DEBUG:colcon.colcon_core.event_reactor:joined thread
[0.262s] INFO:colcon.colcon_core.plugin_system:Skipping extension 'colcon_core.shell.bat': Not used on non-Windows systems
[0.262s] INFO:colcon.colcon_core.shell:Creating prefix script '/home/zilu/myProgramFile/learnRos2/cpp/install/install/local_setup.ps1'
[0.263s] INFO:colcon.colcon_core.shell:Creating prefix util module '/home/zilu/myProgramFile/learnRos2/cpp/install/install/_local_setup_util_ps1.py'
[0.264s] INFO:colcon.colcon_core.shell:Creating prefix chain script '/home/zilu/myProgramFile/learnRos2/cpp/install/install/setup.ps1'
[0.264s] INFO:colcon.colcon_core.shell:Creating prefix script '/home/zilu/myProgramFile/learnRos2/cpp/install/install/local_setup.sh'
[0.265s] INFO:colcon.colcon_core.shell:Creating prefix util module '/home/zilu/myProgramFile/learnRos2/cpp/install/install/_local_setup_util_sh.py'
[0.265s] INFO:colcon.colcon_core.shell:Creating prefix chain script '/home/zilu/myProgramFile/learnRos2/cpp/install/install/setup.sh'
[0.266s] INFO:colcon.colcon_core.shell:Creating prefix script '/home/zilu/myProgramFile/learnRos2/cpp/install/install/local_setup.bash'
[0.266s] INFO:colcon.colcon_core.shell:Creating prefix chain script '/home/zilu/myProgramFile/learnRos2/cpp/install/install/setup.bash'
[0.267s] INFO:colcon.colcon_core.shell:Creating prefix script '/home/zilu/myProgramFile/learnRos2/cpp/install/install/local_setup.zsh'
[0.267s] INFO:colcon.colcon_core.shell:Creating prefix chain script '/home/zilu/myProgramFile/learnRos2/cpp/install/install/setup.zsh'
