[0.047s] Invoking command in '/home/zilu/myProgramFile/learnRos2/cpp/build/ch3_status_display': AMENT_PREFIX_PATH=/home/zilu/myProgramFile/learnRos2/cpp/install/ch3_status_interfaces:${AMENT_PREFIX_PATH} CMAKE_PREFIX_PATH=/home/zilu/myProgramFile/learnRos2/cpp/install/ch3_status_interfaces:/opt/Qt/6.10.3/gcc_64:/opt/ros/humble LD_LIBRARY_PATH=/home/zilu/myProgramFile/learnRos2/cpp/install/ch3_status_interfaces/lib:/usr/lib/x86_64-linux-gnu/gazebo-11/plugins:/opt/ros/humble/opt/rviz_ogre_vendor/lib:/opt/ros/humble/lib/x86_64-linux-gnu:/opt/ros/humble/lib:/usr/local/cuda/lib64:/usr/local/ffmpeg/lib PYTHONPATH=/home/zilu/myProgramFile/learnRos2/cpp/install/ch3_status_interfaces/local/lib/python3.10/dist-packages:${PYTHONPATH} /usr/bin/cmake /home/zilu/myProgramFile/learnRos2/cpp/src/ch3_status_display -DCMAKE_INSTALL_PREFIX=/home/zilu/myProgramFile/learnRos2/cpp/install/ch3_status_display
[0.179s] -- The C compiler identification is GNU 11.4.0
[0.411s] -- The CXX compiler identification is GNU 11.4.0
[0.545s] -- Detecting C compiler ABI info
[0.621s] -- Detecting C compiler ABI info - done
[0.625s] -- Check for working C compiler: /usr/bin/cc - skipped
[0.626s] -- Detecting C compile features
[0.627s] -- Detecting C compile features - done
[0.629s] -- Detecting CXX compiler ABI info
[0.703s] -- Detecting CXX compiler ABI info - done
[0.707s] -- Check for working CXX compiler: /usr/bin/c++ - skipped
[0.707s] -- Detecting CXX compile features
[0.707s] -- Detecting CXX compile features - done
[0.710s] -- Found ament_cmake: 1.3.14 (/opt/ros/humble/share/ament_cmake/cmake)
[0.797s] -- Found Python3: /usr/bin/python3 (found version "3.10.12") found components: Interpreter 
[0.869s] -- Found rclcpp: 16.0.19 (/opt/ros/humble/share/rclcpp/cmake)
[0.991s] -- Found rosidl_generator_c: 3.1.9 (/opt/ros/humble/share/rosidl_generator_c/cmake)
[0.996s] -- Found rosidl_adapter: 3.1.9 (/opt/ros/humble/share/rosidl_adapter/cmake)
[1.005s] -- Found rosidl_generator_cpp: 3.1.9 (/opt/ros/humble/share/rosidl_generator_cpp/cmake)
[1.018s] -- Using all available rosidl_typesupport_c: rosidl_typesupport_fastrtps_c;rosidl_typesupport_introspection_c
[1.032s] -- Using all available rosidl_typesupport_cpp: rosidl_typesupport_fastrtps_cpp;rosidl_typesupport_introspection_cpp
[1.076s] -- Found rmw_implementation_cmake: 6.1.3 (/opt/ros/humble/share/rmw_implementation_cmake/cmake)
[1.079s] -- Found rmw_fastrtps_cpp: 6.2.10 (/opt/ros/humble/share/rmw_fastrtps_cpp/cmake)
[1.793s] -- Found OpenSSL: /usr/lib/x86_64-linux-gnu/libcrypto.so (found version "3.0.2")  
[2.471s] -- Found FastRTPS: /opt/ros/humble/include  
[3.636s] -- Using RMW implementation 'rmw_fastrtps_cpp' as default
[3.647s] -- Looking for pthread.h
[3.728s] -- Looking for pthread.h - found
[3.729s] -- Performing Test CMAKE_HAVE_LIBC_PTHREAD
[3.800s] -- Performing Test CMAKE_HAVE_LIBC_PTHREAD - Success
[3.800s] -- Found Threads: TRUE  
[3.847s] -- Found ch3_status_interfaces: 0.0.0 (/home/zilu/myProgramFile/learnRos2/cpp/install/ch3_status_interfaces/share/ch3_status_interfaces/cmake)
[3.886s] -- Performing Test HAVE_STDATOMIC
[4.000s] -- Performing Test HAVE_STDATOMIC - Success
[4.001s] -- Found WrapAtomic: TRUE  
[4.166s] -- Found OpenGL: /usr/lib/x86_64-linux-gnu/libOpenGL.so   
[4.166s] -- Found WrapOpenGL: TRUE  
[4.251s] -- Found WrapVulkanHeaders: /usr/include  
[4.304s] -- Found ament_lint_auto: 0.12.15 (/opt/ros/humble/share/ament_lint_auto/cmake)
[4.355s] -- Added test 'cppcheck' to perform static code analysis on C / C++ code
[4.355s] -- Configured cppcheck include dirs: 
[4.355s] -- Configured cppcheck exclude dirs and/or files: 
[4.356s] -- Added test 'lint_cmake' to check CMake code style
[4.356s] -- Added test 'uncrustify' to check C / C++ code style
[4.356s] -- Configured uncrustify additional arguments: 
[4.357s] -- Added test 'xmllint' to check XML markup files
[4.358s] -- Configuring done
[4.364s] -- Generating done
[4.366s] -- Build files have been written to: /home/zilu/myProgramFile/learnRos2/cpp/build/ch3_status_display
[4.378s] Invoked command in '/home/zilu/myProgramFile/learnRos2/cpp/build/ch3_status_display' returned '0': AMENT_PREFIX_PATH=/home/zilu/myProgramFile/learnRos2/cpp/install/ch3_status_interfaces:${AMENT_PREFIX_PATH} CMAKE_PREFIX_PATH=/home/zilu/myProgramFile/learnRos2/cpp/install/ch3_status_interfaces:/opt/Qt/6.10.3/gcc_64:/opt/ros/humble LD_LIBRARY_PATH=/home/zilu/myProgramFile/learnRos2/cpp/install/ch3_status_interfaces/lib:/usr/lib/x86_64-linux-gnu/gazebo-11/plugins:/opt/ros/humble/opt/rviz_ogre_vendor/lib:/opt/ros/humble/lib/x86_64-linux-gnu:/opt/ros/humble/lib:/usr/local/cuda/lib64:/usr/local/ffmpeg/lib PYTHONPATH=/home/zilu/myProgramFile/learnRos2/cpp/install/ch3_status_interfaces/local/lib/python3.10/dist-packages:${PYTHONPATH} /usr/bin/cmake /home/zilu/myProgramFile/learnRos2/cpp/src/ch3_status_display -DCMAKE_INSTALL_PREFIX=/home/zilu/myProgramFile/learnRos2/cpp/install/ch3_status_display
[4.379s] Invoking command in '/home/zilu/myProgramFile/learnRos2/cpp/build/ch3_status_display': AMENT_PREFIX_PATH=/home/zilu/myProgramFile/learnRos2/cpp/install/ch3_status_interfaces:${AMENT_PREFIX_PATH} CMAKE_PREFIX_PATH=/home/zilu/myProgramFile/learnRos2/cpp/install/ch3_status_interfaces:/opt/Qt/6.10.3/gcc_64:/opt/ros/humble LD_LIBRARY_PATH=/home/zilu/myProgramFile/learnRos2/cpp/install/ch3_status_interfaces/lib:/usr/lib/x86_64-linux-gnu/gazebo-11/plugins:/opt/ros/humble/opt/rviz_ogre_vendor/lib:/opt/ros/humble/lib/x86_64-linux-gnu:/opt/ros/humble/lib:/usr/local/cuda/lib64:/usr/local/ffmpeg/lib PYTHONPATH=/home/zilu/myProgramFile/learnRos2/cpp/install/ch3_status_interfaces/local/lib/python3.10/dist-packages:${PYTHONPATH} /usr/bin/cmake --build /home/zilu/myProgramFile/learnRos2/cpp/build/ch3_status_display -- -j24 -l24
[4.405s] [ 50%] Building CXX object CMakeFiles/hello_qt.dir/src/hello_qt.cpp.o
[5.474s] [100%] Linking CXX executable hello_qt
[5.684s] [100%] Built target hello_qt
[5.690s] Invoked command in '/home/zilu/myProgramFile/learnRos2/cpp/build/ch3_status_display' returned '0': AMENT_PREFIX_PATH=/home/zilu/myProgramFile/learnRos2/cpp/install/ch3_status_interfaces:${AMENT_PREFIX_PATH} CMAKE_PREFIX_PATH=/home/zilu/myProgramFile/learnRos2/cpp/install/ch3_status_interfaces:/opt/Qt/6.10.3/gcc_64:/opt/ros/humble LD_LIBRARY_PATH=/home/zilu/myProgramFile/learnRos2/cpp/install/ch3_status_interfaces/lib:/usr/lib/x86_64-linux-gnu/gazebo-11/plugins:/opt/ros/humble/opt/rviz_ogre_vendor/lib:/opt/ros/humble/lib/x86_64-linux-gnu:/opt/ros/humble/lib:/usr/local/cuda/lib64:/usr/local/ffmpeg/lib PYTHONPATH=/home/zilu/myProgramFile/learnRos2/cpp/install/ch3_status_interfaces/local/lib/python3.10/dist-packages:${PYTHONPATH} /usr/bin/cmake --build /home/zilu/myProgramFile/learnRos2/cpp/build/ch3_status_display -- -j24 -l24
[5.694s] Invoking command in '/home/zilu/myProgramFile/learnRos2/cpp/build/ch3_status_display': AMENT_PREFIX_PATH=/home/zilu/myProgramFile/learnRos2/cpp/install/ch3_status_interfaces:${AMENT_PREFIX_PATH} CMAKE_PREFIX_PATH=/home/zilu/myProgramFile/learnRos2/cpp/install/ch3_status_interfaces:/opt/Qt/6.10.3/gcc_64:/opt/ros/humble LD_LIBRARY_PATH=/home/zilu/myProgramFile/learnRos2/cpp/install/ch3_status_interfaces/lib:/usr/lib/x86_64-linux-gnu/gazebo-11/plugins:/opt/ros/humble/opt/rviz_ogre_vendor/lib:/opt/ros/humble/lib/x86_64-linux-gnu:/opt/ros/humble/lib:/usr/local/cuda/lib64:/usr/local/ffmpeg/lib PYTHONPATH=/home/zilu/myProgramFile/learnRos2/cpp/install/ch3_status_interfaces/local/lib/python3.10/dist-packages:${PYTHONPATH} /usr/bin/cmake --install /home/zilu/myProgramFile/learnRos2/cpp/build/ch3_status_display
[5.698s] -- Install configuration: ""
[5.699s] -- Installing: /home/zilu/myProgramFile/learnRos2/cpp/install/ch3_status_display/lib/ch3_status_display/hello_qt
[5.699s] -- Set runtime path of "/home/zilu/myProgramFile/learnRos2/cpp/install/ch3_status_display/lib/ch3_status_display/hello_qt" to "/opt/Qt/6.10.3/gcc_64/lib"
[5.699s] -- Installing: /home/zilu/myProgramFile/learnRos2/cpp/install/ch3_status_display/share/ament_index/resource_index/package_run_dependencies/ch3_status_display
[5.699s] -- Installing: /home/zilu/myProgramFile/learnRos2/cpp/install/ch3_status_display/share/ament_index/resource_index/parent_prefix_path/ch3_status_display
[5.699s] -- Installing: /home/zilu/myProgramFile/learnRos2/cpp/install/ch3_status_display/share/ch3_status_display/environment/ament_prefix_path.sh
[5.699s] -- Installing: /home/zilu/myProgramFile/learnRos2/cpp/install/ch3_status_display/share/ch3_status_display/environment/ament_prefix_path.dsv
[5.700s] -- Installing: /home/zilu/myProgramFile/learnRos2/cpp/install/ch3_status_display/share/ch3_status_display/environment/path.sh
[5.700s] -- Installing: /home/zilu/myProgramFile/learnRos2/cpp/install/ch3_status_display/share/ch3_status_display/environment/path.dsv
[5.700s] -- Installing: /home/zilu/myProgramFile/learnRos2/cpp/install/ch3_status_display/share/ch3_status_display/local_setup.bash
[5.700s] -- Installing: /home/zilu/myProgramFile/learnRos2/cpp/install/ch3_status_display/share/ch3_status_display/local_setup.sh
[5.700s] -- Installing: /home/zilu/myProgramFile/learnRos2/cpp/install/ch3_status_display/share/ch3_status_display/local_setup.zsh
[5.700s] -- Installing: /home/zilu/myProgramFile/learnRos2/cpp/install/ch3_status_display/share/ch3_status_display/local_setup.dsv
[5.700s] -- Installing: /home/zilu/myProgramFile/learnRos2/cpp/install/ch3_status_display/share/ch3_status_display/package.dsv
[5.700s] -- Installing: /home/zilu/myProgramFile/learnRos2/cpp/install/ch3_status_display/share/ament_index/resource_index/packages/ch3_status_display
[5.700s] -- Installing: /home/zilu/myProgramFile/learnRos2/cpp/install/ch3_status_display/share/ch3_status_display/cmake/ch3_status_displayConfig.cmake
[5.700s] -- Installing: /home/zilu/myProgramFile/learnRos2/cpp/install/ch3_status_display/share/ch3_status_display/cmake/ch3_status_displayConfig-version.cmake
[5.700s] -- Installing: /home/zilu/myProgramFile/learnRos2/cpp/install/ch3_status_display/share/ch3_status_display/package.xml
[5.701s] Invoked command in '/home/zilu/myProgramFile/learnRos2/cpp/build/ch3_status_display' returned '0': AMENT_PREFIX_PATH=/home/zilu/myProgramFile/learnRos2/cpp/install/ch3_status_interfaces:${AMENT_PREFIX_PATH} CMAKE_PREFIX_PATH=/home/zilu/myProgramFile/learnRos2/cpp/install/ch3_status_interfaces:/opt/Qt/6.10.3/gcc_64:/opt/ros/humble LD_LIBRARY_PATH=/home/zilu/myProgramFile/learnRos2/cpp/install/ch3_status_interfaces/lib:/usr/lib/x86_64-linux-gnu/gazebo-11/plugins:/opt/ros/humble/opt/rviz_ogre_vendor/lib:/opt/ros/humble/lib/x86_64-linux-gnu:/opt/ros/humble/lib:/usr/local/cuda/lib64:/usr/local/ffmpeg/lib PYTHONPATH=/home/zilu/myProgramFile/learnRos2/cpp/install/ch3_status_interfaces/local/lib/python3.10/dist-packages:${PYTHONPATH} /usr/bin/cmake --install /home/zilu/myProgramFile/learnRos2/cpp/build/ch3_status_display
