[0.551s] Invoking command in '/home/zilu/myProgramFile/learnRos2/cpp/src/ch3_status_publisher': CMAKE_PREFIX_PATH=/home/zilu/myProgramFile/learnRos2/cpp/install/ch3_status_interfaces:/home/zilu/myProgramFile/learnRos2/cpp/install/ch9_cpp_robot_driver:/home/zilu/myProgramFile/learnRos2/cpp/install/ch6_robot:/home/zilu/myProgramFile/learnRos2/cpp/install/ch5_cpp_tf:/home/zilu/myProgramFile/learnRos2/cpp/install/ch4_cpp_service:/home/zilu/myProgramFile/learnRos2/cpp/install/ch4_cpp_param:/home/zilu/myProgramFile/learnRos2/cpp/install/ch3_cpp_topic:/home/zilu/myProgramFile/learnRos2/cpp/install/ch2_node:/home/zilu/myProgramFile/learnRos2/cpp/install/ch2_pkg:/home/zilu/myProgramFile/learnRos2/cpp/install/ch10_cpp_advanced LD_LIBRARY_PATH=/home/zilu/myProgramFile/learnRos2/cpp/install/ch3_status_interfaces/lib:/home/zilu/myProgramFile/learnRos2/cpp/install/ch4_cpp_service/lib:/home/zilu/myProgramFile/learnRos2/cpp/install/ch10_cpp_advanced/lib:/usr/local/cuda/lib64:/usr/local/ffmpeg/lib:/usr/lib/x86_64-linux-gnu/gazebo-11/plugins:/opt/ros/humble/opt/rviz_ogre_vendor/lib:/opt/ros/humble/lib/x86_64-linux-gnu:/opt/ros/humble/lib:/usr/local/cuda/lib64:/usr/local/ffmpeg/lib PYTHONPATH=/home/zilu/myProgramFile/learnRos2/cpp/build/ch3_status_publisher/prefix_override:/usr/lib/python3/dist-packages/colcon_core/task/python/colcon_distutils_commands:/home/zilu/myProgramFile/learnRos2/cpp/install/ch3_status_publisher/lib/python3.10/site-packages:${PYTHONPATH} /usr/bin/python3 -W ignore:setup.py install is deprecated -W ignore:easy_install command is deprecated setup.py egg_info --egg-base ../../build/ch3_status_publisher build --build-base /home/zilu/myProgramFile/learnRos2/cpp/build/ch3_status_publisher/build install --record /home/zilu/myProgramFile/learnRos2/cpp/build/ch3_status_publisher/install.log --install-scripts $base/lib/ch3_status_publisher --single-version-externally-managed install_data
[0.682s] running egg_info
[0.682s] writing ../../build/ch3_status_publisher/ch3_status_publisher.egg-info/PKG-INFO
[0.683s] writing dependency_links to ../../build/ch3_status_publisher/ch3_status_publisher.egg-info/dependency_links.txt
[0.683s] writing entry points to ../../build/ch3_status_publisher/ch3_status_publisher.egg-info/entry_points.txt
[0.683s] writing requirements to ../../build/ch3_status_publisher/ch3_status_publisher.egg-info/requires.txt
[0.683s] writing top-level names to ../../build/ch3_status_publisher/ch3_status_publisher.egg-info/top_level.txt
[0.684s] reading manifest file '../../build/ch3_status_publisher/ch3_status_publisher.egg-info/SOURCES.txt'
[0.684s] adding license file 'LICENSE'
[0.685s] writing manifest file '../../build/ch3_status_publisher/ch3_status_publisher.egg-info/SOURCES.txt'
[0.685s] running build
[0.685s] running build_py
[0.685s] copying ch3_status_publisher/sys_status_pub.py -> /home/zilu/myProgramFile/learnRos2/cpp/build/ch3_status_publisher/build/lib/ch3_status_publisher
[0.685s] running install
[0.686s] running install_lib
[0.686s] copying /home/zilu/myProgramFile/learnRos2/cpp/build/ch3_status_publisher/build/lib/ch3_status_publisher/sys_status_pub.py -> /home/zilu/myProgramFile/learnRos2/cpp/install/ch3_status_publisher/lib/python3.10/site-packages/ch3_status_publisher
[0.687s] byte-compiling /home/zilu/myProgramFile/learnRos2/cpp/install/ch3_status_publisher/lib/python3.10/site-packages/ch3_status_publisher/sys_status_pub.py to sys_status_pub.cpython-310.pyc
[0.687s] running install_data
[0.687s] running install_egg_info
[0.689s] removing '/home/zilu/myProgramFile/learnRos2/cpp/install/ch3_status_publisher/lib/python3.10/site-packages/ch3_status_publisher-0.0.0-py3.10.egg-info' (and everything under it)
[0.689s] Copying ../../build/ch3_status_publisher/ch3_status_publisher.egg-info to /home/zilu/myProgramFile/learnRos2/cpp/install/ch3_status_publisher/lib/python3.10/site-packages/ch3_status_publisher-0.0.0-py3.10.egg-info
[0.690s] running install_scripts
[0.701s] Installing sys_status_pub script to /home/zilu/myProgramFile/learnRos2/cpp/install/ch3_status_publisher/lib/ch3_status_publisher
[0.702s] writing list of installed files to '/home/zilu/myProgramFile/learnRos2/cpp/build/ch3_status_publisher/install.log'
[0.714s] Invoked command in '/home/zilu/myProgramFile/learnRos2/cpp/src/ch3_status_publisher' returned '0': CMAKE_PREFIX_PATH=/home/zilu/myProgramFile/learnRos2/cpp/install/ch3_status_interfaces:/home/zilu/myProgramFile/learnRos2/cpp/install/ch9_cpp_robot_driver:/home/zilu/myProgramFile/learnRos2/cpp/install/ch6_robot:/home/zilu/myProgramFile/learnRos2/cpp/install/ch5_cpp_tf:/home/zilu/myProgramFile/learnRos2/cpp/install/ch4_cpp_service:/home/zilu/myProgramFile/learnRos2/cpp/install/ch4_cpp_param:/home/zilu/myProgramFile/learnRos2/cpp/install/ch3_cpp_topic:/home/zilu/myProgramFile/learnRos2/cpp/install/ch2_node:/home/zilu/myProgramFile/learnRos2/cpp/install/ch2_pkg:/home/zilu/myProgramFile/learnRos2/cpp/install/ch10_cpp_advanced LD_LIBRARY_PATH=/home/zilu/myProgramFile/learnRos2/cpp/install/ch3_status_interfaces/lib:/home/zilu/myProgramFile/learnRos2/cpp/install/ch4_cpp_service/lib:/home/zilu/myProgramFile/learnRos2/cpp/install/ch10_cpp_advanced/lib:/usr/local/cuda/lib64:/usr/local/ffmpeg/lib:/usr/lib/x86_64-linux-gnu/gazebo-11/plugins:/opt/ros/humble/opt/rviz_ogre_vendor/lib:/opt/ros/humble/lib/x86_64-linux-gnu:/opt/ros/humble/lib:/usr/local/cuda/lib64:/usr/local/ffmpeg/lib PYTHONPATH=/home/zilu/myProgramFile/learnRos2/cpp/build/ch3_status_publisher/prefix_override:/usr/lib/python3/dist-packages/colcon_core/task/python/colcon_distutils_commands:/home/zilu/myProgramFile/learnRos2/cpp/install/ch3_status_publisher/lib/python3.10/site-packages:${PYTHONPATH} /usr/bin/python3 -W ignore:setup.py install is deprecated -W ignore:easy_install command is deprecated setup.py egg_info --egg-base ../../build/ch3_status_publisher build --build-base /home/zilu/myProgramFile/learnRos2/cpp/build/ch3_status_publisher/build install --record /home/zilu/myProgramFile/learnRos2/cpp/build/ch3_status_publisher/install.log --install-scripts $base/lib/ch3_status_publisher --single-version-externally-managed install_data
