[0.180s] DEBUG:colcon:Command line arguments: ['/usr/bin/colcon', 'build', '--packages-select', 'ch3_status_display']
[0.180s] DEBUG:colcon:Parsed command line arguments: Namespace(log_base=None, log_level=None, verb_name='build', build_base='build', install_base='install', merge_install=False, symlink_install=False, test_result_base=None, continue_on_error=False, executor='parallel', parallel_workers=24, event_handlers=None, ignore_user_meta=False, metas=['./colcon.meta'], base_paths=['.'], packages_ignore=None, packages_ignore_regex=None, paths=None, packages_up_to=None, packages_up_to_regex=None, packages_above=None, packages_above_and_dependencies=None, packages_above_depth=None, packages_select_by_dep=None, packages_skip_by_dep=None, packages_skip_up_to=None, packages_select_build_failed=False, packages_skip_build_finished=False, packages_select_test_failures=False, packages_skip_test_passed=False, packages_select=['ch3_status_display'], packages_skip=None, packages_select_regex=None, packages_skip_regex=None, packages_start=None, packages_end=None, allow_overriding=[], cmake_args=None, cmake_target=None, cmake_target_skip_unavailable=False, cmake_clean_cache=False, cmake_clean_first=False, cmake_force_configure=False, ament_cmake_args=None, catkin_cmake_args=None, catkin_skip_building_tests=False, verb_parser=<colcon_defaults.argument_parser.defaults.DefaultArgumentsDecorator object at 0x77a26e861630>, verb_extension=<colcon_core.verb.build.BuildVerb object at 0x77a26e8610f0>, main=<bound method BuildVerb.main of <colcon_core.verb.build.BuildVerb object at 0x77a26e8610f0>>)
[0.428s] Level 1:colcon.colcon_core.package_discovery:discover_packages(colcon_meta) check parameters
[0.428s] Level 1:colcon.colcon_core.package_discovery:discover_packages(recursive) check parameters
[0.428s] Level 1:colcon.colcon_core.package_discovery:discover_packages(ignore) check parameters
[0.428s] Level 1:colcon.colcon_core.package_discovery:discover_packages(path) check parameters
[0.428s] Level 1:colcon.colcon_core.package_discovery:discover_packages(colcon_meta) discover
[0.428s] Level 1:colcon.colcon_core.package_discovery:discover_packages(recursive) discover
[0.428s] INFO:colcon.colcon_core.package_discovery:Crawling recursively for packages in '/home/zilu/myProgramFile/learnRos2/cpp'
[0.428s] Level 1:colcon.colcon_core.package_identification:_identify(.) by extensions ['ignore', 'ignore_ament_install']
[0.428s] Level 1:colcon.colcon_core.package_identification:_identify(.) by extension 'ignore'
[0.428s] Level 1:colcon.colcon_core.package_identification:_identify(.) by extension 'ignore_ament_install'
[0.429s] Level 1:colcon.colcon_core.package_identification:_identify(.) by extensions ['colcon_pkg']
[0.429s] Level 1:colcon.colcon_core.package_identification:_identify(.) by extension 'colcon_pkg'
[0.429s] Level 1:colcon.colcon_core.package_identification:_identify(.) by extensions ['colcon_meta']
[0.429s] Level 1:colcon.colcon_core.package_identification:_identify(.) by extension 'colcon_meta'
[0.429s] Level 1:colcon.colcon_core.package_identification:_identify(.) by extensions ['ros']
[0.429s] Level 1:colcon.colcon_core.package_identification:_identify(.) by extension 'ros'
[0.441s] Level 1:colcon.colcon_core.package_identification:_identify(.) by extensions ['cmake', 'python']
[0.441s] Level 1:colcon.colcon_core.package_identification:_identify(.) by extension 'cmake'
[0.441s] Level 1:colcon.colcon_core.package_identification:_identify(.) by extension 'python'
[0.441s] Level 1:colcon.colcon_core.package_identification:_identify(.) by extensions ['python_setup_py']
[0.441s] Level 1:colcon.colcon_core.package_identification:_identify(.) by extension 'python_setup_py'
[0.441s] Level 1:colcon.colcon_core.package_identification:_identify(build) by extensions ['ignore', 'ignore_ament_install']
[0.441s] Level 1:colcon.colcon_core.package_identification:_identify(build) by extension 'ignore'
[0.442s] Level 1:colcon.colcon_core.package_identification:_identify(build) ignored
[0.442s] Level 1:colcon.colcon_core.package_identification:_identify(install) by extensions ['ignore', 'ignore_ament_install']
[0.442s] Level 1:colcon.colcon_core.package_identification:_identify(install) by extension 'ignore'
[0.442s] Level 1:colcon.colcon_core.package_identification:_identify(install) ignored
[0.442s] Level 1:colcon.colcon_core.package_identification:_identify(log) by extensions ['ignore', 'ignore_ament_install']
[0.442s] Level 1:colcon.colcon_core.package_identification:_identify(log) by extension 'ignore'
[0.442s] Level 1:colcon.colcon_core.package_identification:_identify(log) ignored
[0.442s] Level 1:colcon.colcon_core.package_identification:_identify(src) by extensions ['ignore', 'ignore_ament_install']
[0.442s] Level 1:colcon.colcon_core.package_identification:_identify(src) by extension 'ignore'
[0.442s] Level 1:colcon.colcon_core.package_identification:_identify(src) by extension 'ignore_ament_install'
[0.442s] Level 1:colcon.colcon_core.package_identification:_identify(src) by extensions ['colcon_pkg']
[0.442s] Level 1:colcon.colcon_core.package_identification:_identify(src) by extension 'colcon_pkg'
[0.442s] Level 1:colcon.colcon_core.package_identification:_identify(src) by extensions ['colcon_meta']
[0.442s] Level 1:colcon.colcon_core.package_identification:_identify(src) by extension 'colcon_meta'
[0.442s] Level 1:colcon.colcon_core.package_identification:_identify(src) by extensions ['ros']
[0.442s] Level 1:colcon.colcon_core.package_identification:_identify(src) by extension 'ros'
[0.442s] Level 1:colcon.colcon_core.package_identification:_identify(src) by extensions ['cmake', 'python']
[0.442s] Level 1:colcon.colcon_core.package_identification:_identify(src) by extension 'cmake'
[0.442s] Level 1:colcon.colcon_core.package_identification:_identify(src) by extension 'python'
[0.442s] Level 1:colcon.colcon_core.package_identification:_identify(src) by extensions ['python_setup_py']
[0.442s] Level 1:colcon.colcon_core.package_identification:_identify(src) by extension 'python_setup_py'
[0.443s] Level 1:colcon.colcon_core.package_identification:_identify(src/ch10_cpp_advanced) by extensions ['ignore', 'ignore_ament_install']
[0.443s] Level 1:colcon.colcon_core.package_identification:_identify(src/ch10_cpp_advanced) by extension 'ignore'
[0.443s] Level 1:colcon.colcon_core.package_identification:_identify(src/ch10_cpp_advanced) by extension 'ignore_ament_install'
[0.443s] Level 1:colcon.colcon_core.package_identification:_identify(src/ch10_cpp_advanced) by extensions ['colcon_pkg']
[0.443s] Level 1:colcon.colcon_core.package_identification:_identify(src/ch10_cpp_advanced) by extension 'colcon_pkg'
[0.443s] Level 1:colcon.colcon_core.package_identification:_identify(src/ch10_cpp_advanced) by extensions ['colcon_meta']
[0.443s] Level 1:colcon.colcon_core.package_identification:_identify(src/ch10_cpp_advanced) by extension 'colcon_meta'
[0.443s] Level 1:colcon.colcon_core.package_identification:_identify(src/ch10_cpp_advanced) by extensions ['ros']
[0.443s] Level 1:colcon.colcon_core.package_identification:_identify(src/ch10_cpp_advanced) by extension 'ros'
[0.446s] DEBUG:colcon.colcon_core.package_identification:Package 'src/ch10_cpp_advanced' with type 'ros.ament_cmake' and name 'ch10_cpp_advanced'
[0.446s] Level 1:colcon.colcon_core.package_identification:_identify(src/ch2_node) by extensions ['ignore', 'ignore_ament_install']
[0.446s] Level 1:colcon.colcon_core.package_identification:_identify(src/ch2_node) by extension 'ignore'
[0.446s] Level 1:colcon.colcon_core.package_identification:_identify(src/ch2_node) by extension 'ignore_ament_install'
[0.446s] Level 1:colcon.colcon_core.package_identification:_identify(src/ch2_node) by extensions ['colcon_pkg']
[0.446s] Level 1:colcon.colcon_core.package_identification:_identify(src/ch2_node) by extension 'colcon_pkg'
[0.446s] Level 1:colcon.colcon_core.package_identification:_identify(src/ch2_node) by extensions ['colcon_meta']
[0.446s] Level 1:colcon.colcon_core.package_identification:_identify(src/ch2_node) by extension 'colcon_meta'
[0.446s] Level 1:colcon.colcon_core.package_identification:_identify(src/ch2_node) by extensions ['ros']
[0.446s] Level 1:colcon.colcon_core.package_identification:_identify(src/ch2_node) by extension 'ros'
[0.447s] DEBUG:colcon.colcon_core.package_identification:Package 'src/ch2_node' with type 'ros.ament_cmake' and name 'ch2_node'
[0.447s] Level 1:colcon.colcon_core.package_identification:_identify(src/ch2_pkg) by extensions ['ignore', 'ignore_ament_install']
[0.447s] Level 1:colcon.colcon_core.package_identification:_identify(src/ch2_pkg) by extension 'ignore'
[0.447s] Level 1:colcon.colcon_core.package_identification:_identify(src/ch2_pkg) by extension 'ignore_ament_install'
[0.447s] Level 1:colcon.colcon_core.package_identification:_identify(src/ch2_pkg) by extensions ['colcon_pkg']
[0.448s] Level 1:colcon.colcon_core.package_identification:_identify(src/ch2_pkg) by extension 'colcon_pkg'
[0.448s] Level 1:colcon.colcon_core.package_identification:_identify(src/ch2_pkg) by extensions ['colcon_meta']
[0.448s] Level 1:colcon.colcon_core.package_identification:_identify(src/ch2_pkg) by extension 'colcon_meta'
[0.448s] Level 1:colcon.colcon_core.package_identification:_identify(src/ch2_pkg) by extensions ['ros']
[0.448s] Level 1:colcon.colcon_core.package_identification:_identify(src/ch2_pkg) by extension 'ros'
[0.448s] DEBUG:colcon.colcon_core.package_identification:Package 'src/ch2_pkg' with type 'ros.ament_cmake' and name 'ch2_pkg'
[0.448s] Level 1:colcon.colcon_core.package_identification:_identify(src/ch3_cpp_topic) by extensions ['ignore', 'ignore_ament_install']
[0.448s] Level 1:colcon.colcon_core.package_identification:_identify(src/ch3_cpp_topic) by extension 'ignore'
[0.449s] Level 1:colcon.colcon_core.package_identification:_identify(src/ch3_cpp_topic) by extension 'ignore_ament_install'
[0.449s] Level 1:colcon.colcon_core.package_identification:_identify(src/ch3_cpp_topic) by extensions ['colcon_pkg']
[0.449s] Level 1:colcon.colcon_core.package_identification:_identify(src/ch3_cpp_topic) by extension 'colcon_pkg'
[0.449s] Level 1:colcon.colcon_core.package_identification:_identify(src/ch3_cpp_topic) by extensions ['colcon_meta']
[0.449s] Level 1:colcon.colcon_core.package_identification:_identify(src/ch3_cpp_topic) by extension 'colcon_meta'
[0.449s] Level 1:colcon.colcon_core.package_identification:_identify(src/ch3_cpp_topic) by extensions ['ros']
[0.449s] Level 1:colcon.colcon_core.package_identification:_identify(src/ch3_cpp_topic) by extension 'ros'
[0.449s] DEBUG:colcon.colcon_core.package_identification:Package 'src/ch3_cpp_topic' with type 'ros.ament_cmake' and name 'ch3_cpp_topic'
[0.450s] Level 1:colcon.colcon_core.package_identification:_identify(src/ch3_status_display) by extensions ['ignore', 'ignore_ament_install']
[0.450s] Level 1:colcon.colcon_core.package_identification:_identify(src/ch3_status_display) by extension 'ignore'
[0.450s] Level 1:colcon.colcon_core.package_identification:_identify(src/ch3_status_display) by extension 'ignore_ament_install'
[0.450s] Level 1:colcon.colcon_core.package_identification:_identify(src/ch3_status_display) by extensions ['colcon_pkg']
[0.450s] Level 1:colcon.colcon_core.package_identification:_identify(src/ch3_status_display) by extension 'colcon_pkg'
[0.450s] Level 1:colcon.colcon_core.package_identification:_identify(src/ch3_status_display) by extensions ['colcon_meta']
[0.450s] Level 1:colcon.colcon_core.package_identification:_identify(src/ch3_status_display) by extension 'colcon_meta'
[0.450s] Level 1:colcon.colcon_core.package_identification:_identify(src/ch3_status_display) by extensions ['ros']
[0.450s] Level 1:colcon.colcon_core.package_identification:_identify(src/ch3_status_display) by extension 'ros'
[0.450s] DEBUG:colcon.colcon_core.package_identification:Package 'src/ch3_status_display' with type 'ros.ament_cmake' and name 'ch3_status_display'
[0.451s] Level 1:colcon.colcon_core.package_identification:_identify(src/ch3_status_interfaces) by extensions ['ignore', 'ignore_ament_install']
[0.451s] Level 1:colcon.colcon_core.package_identification:_identify(src/ch3_status_interfaces) by extension 'ignore'
[0.451s] Level 1:colcon.colcon_core.package_identification:_identify(src/ch3_status_interfaces) by extension 'ignore_ament_install'
[0.451s] Level 1:colcon.colcon_core.package_identification:_identify(src/ch3_status_interfaces) by extensions ['colcon_pkg']
[0.451s] Level 1:colcon.colcon_core.package_identification:_identify(src/ch3_status_interfaces) by extension 'colcon_pkg'
[0.451s] Level 1:colcon.colcon_core.package_identification:_identify(src/ch3_status_interfaces) by extensions ['colcon_meta']
[0.451s] Level 1:colcon.colcon_core.package_identification:_identify(src/ch3_status_interfaces) by extension 'colcon_meta'
[0.451s] Level 1:colcon.colcon_core.package_identification:_identify(src/ch3_status_interfaces) by extensions ['ros']
[0.451s] Level 1:colcon.colcon_core.package_identification:_identify(src/ch3_status_interfaces) by extension 'ros'
[0.452s] DEBUG:colcon.colcon_core.package_identification:Package 'src/ch3_status_interfaces' with type 'ros.ament_cmake' and name 'ch3_status_interfaces'
[0.452s] Level 1:colcon.colcon_core.package_identification:_identify(src/ch3_status_publisher) by extensions ['ignore', 'ignore_ament_install']
[0.452s] Level 1:colcon.colcon_core.package_identification:_identify(src/ch3_status_publisher) by extension 'ignore'
[0.452s] Level 1:colcon.colcon_core.package_identification:_identify(src/ch3_status_publisher) by extension 'ignore_ament_install'
[0.452s] Level 1:colcon.colcon_core.package_identification:_identify(src/ch3_status_publisher) by extensions ['colcon_pkg']
[0.452s] Level 1:colcon.colcon_core.package_identification:_identify(src/ch3_status_publisher) by extension 'colcon_pkg'
[0.452s] Level 1:colcon.colcon_core.package_identification:_identify(src/ch3_status_publisher) by extensions ['colcon_meta']
[0.452s] Level 1:colcon.colcon_core.package_identification:_identify(src/ch3_status_publisher) by extension 'colcon_meta'
[0.452s] Level 1:colcon.colcon_core.package_identification:_identify(src/ch3_status_publisher) by extensions ['ros']
[0.452s] Level 1:colcon.colcon_core.package_identification:_identify(src/ch3_status_publisher) by extension 'ros'
[0.453s] DEBUG:colcon.colcon_core.package_identification:Package 'src/ch3_status_publisher' with type 'ros.ament_python' and name 'ch3_status_publisher'
[0.453s] Level 1:colcon.colcon_core.package_identification:_identify(src/ch4_cpp_param) by extensions ['ignore', 'ignore_ament_install']
[0.453s] Level 1:colcon.colcon_core.package_identification:_identify(src/ch4_cpp_param) by extension 'ignore'
[0.453s] Level 1:colcon.colcon_core.package_identification:_identify(src/ch4_cpp_param) by extension 'ignore_ament_install'
[0.453s] Level 1:colcon.colcon_core.package_identification:_identify(src/ch4_cpp_param) by extensions ['colcon_pkg']
[0.453s] Level 1:colcon.colcon_core.package_identification:_identify(src/ch4_cpp_param) by extension 'colcon_pkg'
[0.453s] Level 1:colcon.colcon_core.package_identification:_identify(src/ch4_cpp_param) by extensions ['colcon_meta']
[0.454s] Level 1:colcon.colcon_core.package_identification:_identify(src/ch4_cpp_param) by extension 'colcon_meta'
[0.454s] Level 1:colcon.colcon_core.package_identification:_identify(src/ch4_cpp_param) by extensions ['ros']
[0.454s] Level 1:colcon.colcon_core.package_identification:_identify(src/ch4_cpp_param) by extension 'ros'
[0.454s] DEBUG:colcon.colcon_core.package_identification:Package 'src/ch4_cpp_param' with type 'ros.ament_cmake' and name 'ch4_cpp_param'
[0.455s] Level 1:colcon.colcon_core.package_identification:_identify(src/ch4_cpp_service) by extensions ['ignore', 'ignore_ament_install']
[0.455s] Level 1:colcon.colcon_core.package_identification:_identify(src/ch4_cpp_service) by extension 'ignore'
[0.455s] Level 1:colcon.colcon_core.package_identification:_identify(src/ch4_cpp_service) by extension 'ignore_ament_install'
[0.455s] Level 1:colcon.colcon_core.package_identification:_identify(src/ch4_cpp_service) by extensions ['colcon_pkg']
[0.455s] Level 1:colcon.colcon_core.package_identification:_identify(src/ch4_cpp_service) by extension 'colcon_pkg'
[0.455s] Level 1:colcon.colcon_core.package_identification:_identify(src/ch4_cpp_service) by extensions ['colcon_meta']
[0.455s] Level 1:colcon.colcon_core.package_identification:_identify(src/ch4_cpp_service) by extension 'colcon_meta'
[0.455s] Level 1:colcon.colcon_core.package_identification:_identify(src/ch4_cpp_service) by extensions ['ros']
[0.455s] Level 1:colcon.colcon_core.package_identification:_identify(src/ch4_cpp_service) by extension 'ros'
[0.456s] DEBUG:colcon.colcon_core.package_identification:Package 'src/ch4_cpp_service' with type 'ros.ament_cmake' and name 'ch4_cpp_service'
[0.456s] Level 1:colcon.colcon_core.package_identification:_identify(src/ch5_cpp_tf) by extensions ['ignore', 'ignore_ament_install']
[0.456s] Level 1:colcon.colcon_core.package_identification:_identify(src/ch5_cpp_tf) by extension 'ignore'
[0.456s] Level 1:colcon.colcon_core.package_identification:_identify(src/ch5_cpp_tf) by extension 'ignore_ament_install'
[0.456s] Level 1:colcon.colcon_core.package_identification:_identify(src/ch5_cpp_tf) by extensions ['colcon_pkg']
[0.456s] Level 1:colcon.colcon_core.package_identification:_identify(src/ch5_cpp_tf) by extension 'colcon_pkg'
[0.456s] Level 1:colcon.colcon_core.package_identification:_identify(src/ch5_cpp_tf) by extensions ['colcon_meta']
[0.456s] Level 1:colcon.colcon_core.package_identification:_identify(src/ch5_cpp_tf) by extension 'colcon_meta'
[0.456s] Level 1:colcon.colcon_core.package_identification:_identify(src/ch5_cpp_tf) by extensions ['ros']
[0.456s] Level 1:colcon.colcon_core.package_identification:_identify(src/ch5_cpp_tf) by extension 'ros'
[0.457s] DEBUG:colcon.colcon_core.package_identification:Package 'src/ch5_cpp_tf' with type 'ros.ament_cmake' and name 'ch5_cpp_tf'
[0.457s] Level 1:colcon.colcon_core.package_identification:_identify(src/ch6_robot) by extensions ['ignore', 'ignore_ament_install']
[0.458s] Level 1:colcon.colcon_core.package_identification:_identify(src/ch6_robot) by extension 'ignore'
[0.458s] Level 1:colcon.colcon_core.package_identification:_identify(src/ch6_robot) by extension 'ignore_ament_install'
[0.458s] Level 1:colcon.colcon_core.package_identification:_identify(src/ch6_robot) by extensions ['colcon_pkg']
[0.458s] Level 1:colcon.colcon_core.package_identification:_identify(src/ch6_robot) by extension 'colcon_pkg'
[0.458s] Level 1:colcon.colcon_core.package_identification:_identify(src/ch6_robot) by extensions ['colcon_meta']
[0.458s] Level 1:colcon.colcon_core.package_identification:_identify(src/ch6_robot) by extension 'colcon_meta'
[0.458s] Level 1:colcon.colcon_core.package_identification:_identify(src/ch6_robot) by extensions ['ros']
[0.458s] Level 1:colcon.colcon_core.package_identification:_identify(src/ch6_robot) by extension 'ros'
[0.459s] DEBUG:colcon.colcon_core.package_identification:Package 'src/ch6_robot' with type 'ros.ament_cmake' and name 'ch6_robot'
[0.459s] Level 1:colcon.colcon_core.package_identification:_identify(src/ch7_cpp_navigation) by extensions ['ignore', 'ignore_ament_install']
[0.459s] Level 1:colcon.colcon_core.package_identification:_identify(src/ch7_cpp_navigation) by extension 'ignore'
[0.459s] Level 1:colcon.colcon_core.package_identification:_identify(src/ch7_cpp_navigation) by extension 'ignore_ament_install'
[0.459s] Level 1:colcon.colcon_core.package_identification:_identify(src/ch7_cpp_navigation) by extensions ['colcon_pkg']
[0.459s] Level 1:colcon.colcon_core.package_identification:_identify(src/ch7_cpp_navigation) by extension 'colcon_pkg'
[0.459s] Level 1:colcon.colcon_core.package_identification:_identify(src/ch7_cpp_navigation) by extensions ['colcon_meta']
[0.459s] Level 1:colcon.colcon_core.package_identification:_identify(src/ch7_cpp_navigation) by extension 'colcon_meta'
[0.459s] Level 1:colcon.colcon_core.package_identification:_identify(src/ch7_cpp_navigation) by extensions ['ros']
[0.459s] Level 1:colcon.colcon_core.package_identification:_identify(src/ch7_cpp_navigation) by extension 'ros'
[0.460s] DEBUG:colcon.colcon_core.package_identification:Package 'src/ch7_cpp_navigation' with type 'ros.ament_cmake' and name 'ch7_cpp_navigation'
[0.460s] Level 1:colcon.colcon_core.package_identification:_identify(src/ch8_custom_planner) by extensions ['ignore', 'ignore_ament_install']
[0.460s] Level 1:colcon.colcon_core.package_identification:_identify(src/ch8_custom_planner) by extension 'ignore'
[0.460s] Level 1:colcon.colcon_core.package_identification:_identify(src/ch8_custom_planner) by extension 'ignore_ament_install'
[0.460s] Level 1:colcon.colcon_core.package_identification:_identify(src/ch8_custom_planner) by extensions ['colcon_pkg']
[0.461s] Level 1:colcon.colcon_core.package_identification:_identify(src/ch8_custom_planner) by extension 'colcon_pkg'
[0.461s] Level 1:colcon.colcon_core.package_identification:_identify(src/ch8_custom_planner) by extensions ['colcon_meta']
[0.461s] Level 1:colcon.colcon_core.package_identification:_identify(src/ch8_custom_planner) by extension 'colcon_meta'
[0.461s] Level 1:colcon.colcon_core.package_identification:_identify(src/ch8_custom_planner) by extensions ['ros']
[0.461s] Level 1:colcon.colcon_core.package_identification:_identify(src/ch8_custom_planner) by extension 'ros'
[0.461s] DEBUG:colcon.colcon_core.package_identification:Package 'src/ch8_custom_planner' with type 'ros.ament_cmake' and name 'ch8_custom_planner'
[0.462s] Level 1:colcon.colcon_core.package_identification:_identify(src/ch9_cpp_robot_driver) by extensions ['ignore', 'ignore_ament_install']
[0.462s] Level 1:colcon.colcon_core.package_identification:_identify(src/ch9_cpp_robot_driver) by extension 'ignore'
[0.462s] Level 1:colcon.colcon_core.package_identification:_identify(src/ch9_cpp_robot_driver) by extension 'ignore_ament_install'
[0.462s] Level 1:colcon.colcon_core.package_identification:_identify(src/ch9_cpp_robot_driver) by extensions ['colcon_pkg']
[0.462s] Level 1:colcon.colcon_core.package_identification:_identify(src/ch9_cpp_robot_driver) by extension 'colcon_pkg'
[0.462s] Level 1:colcon.colcon_core.package_identification:_identify(src/ch9_cpp_robot_driver) by extensions ['colcon_meta']
[0.462s] Level 1:colcon.colcon_core.package_identification:_identify(src/ch9_cpp_robot_driver) by extension 'colcon_meta'
[0.462s] Level 1:colcon.colcon_core.package_identification:_identify(src/ch9_cpp_robot_driver) by extensions ['ros']
[0.462s] Level 1:colcon.colcon_core.package_identification:_identify(src/ch9_cpp_robot_driver) by extension 'ros'
[0.463s] DEBUG:colcon.colcon_core.package_identification:Package 'src/ch9_cpp_robot_driver' with type 'ros.ament_cmake' and name 'ch9_cpp_robot_driver'
[0.463s] Level 1:colcon.colcon_core.package_discovery:discover_packages(recursive) using defaults
[0.463s] Level 1:colcon.colcon_core.package_discovery:discover_packages(ignore) discover
[0.463s] Level 1:colcon.colcon_core.package_discovery:discover_packages(ignore) using defaults
[0.463s] Level 1:colcon.colcon_core.package_discovery:discover_packages(path) discover
[0.463s] Level 1:colcon.colcon_core.package_discovery:discover_packages(path) using defaults
[0.494s] INFO:colcon.colcon_core.package_selection:Skipping not selected package 'ch10_cpp_advanced' in 'src/ch10_cpp_advanced'
[0.494s] INFO:colcon.colcon_core.package_selection:Skipping not selected package 'ch2_pkg' in 'src/ch2_pkg'
[0.494s] INFO:colcon.colcon_core.package_selection:Skipping not selected package 'ch3_cpp_topic' in 'src/ch3_cpp_topic'
[0.494s] INFO:colcon.colcon_core.package_selection:Skipping not selected package 'ch3_status_interfaces' in 'src/ch3_status_interfaces'
[0.494s] INFO:colcon.colcon_core.package_selection:Skipping not selected package 'ch4_cpp_param' in 'src/ch4_cpp_param'
[0.494s] INFO:colcon.colcon_core.package_selection:Skipping not selected package 'ch4_cpp_service' in 'src/ch4_cpp_service'
[0.494s] INFO:colcon.colcon_core.package_selection:Skipping not selected package 'ch5_cpp_tf' in 'src/ch5_cpp_tf'
[0.494s] INFO:colcon.colcon_core.package_selection:Skipping not selected package 'ch6_robot' in 'src/ch6_robot'
[0.494s] INFO:colcon.colcon_core.package_selection:Skipping not selected package 'ch7_cpp_navigation' in 'src/ch7_cpp_navigation'
[0.494s] INFO:colcon.colcon_core.package_selection:Skipping not selected package 'ch8_custom_planner' in 'src/ch8_custom_planner'
[0.494s] INFO:colcon.colcon_core.package_selection:Skipping not selected package 'ch9_cpp_robot_driver' in 'src/ch9_cpp_robot_driver'
[0.494s] INFO:colcon.colcon_core.package_selection:Skipping not selected package 'ch2_node' in 'src/ch2_node'
[0.494s] INFO:colcon.colcon_core.package_selection:Skipping not selected package 'ch3_status_publisher' in 'src/ch3_status_publisher'
[0.495s] Level 1:colcon.colcon_core.package_discovery:discover_packages(prefix_path) check parameters
[0.495s] Level 1:colcon.colcon_core.package_discovery:discover_packages(prefix_path) discover
[0.499s] DEBUG:colcon.colcon_installed_package_information.package_discovery:Found 12 installed packages in /home/zilu/myProgramFile/learnRos2/cpp/install
[0.500s] DEBUG:colcon.colcon_installed_package_information.package_discovery:Found 371 installed packages in /opt/ros/humble
[0.501s] Level 1:colcon.colcon_core.package_discovery:discover_packages(prefix_path) using defaults
[0.535s] Level 5:colcon.colcon_core.verb:set package 'ch3_status_display' build argument 'cmake_args' from command line to 'None'
[0.536s] Level 5:colcon.colcon_core.verb:set package 'ch3_status_display' build argument 'cmake_target' from command line to 'None'
[0.536s] Level 5:colcon.colcon_core.verb:set package 'ch3_status_display' build argument 'cmake_target_skip_unavailable' from command line to 'False'
[0.536s] Level 5:colcon.colcon_core.verb:set package 'ch3_status_display' build argument 'cmake_clean_cache' from command line to 'False'
[0.536s] Level 5:colcon.colcon_core.verb:set package 'ch3_status_display' build argument 'cmake_clean_first' from command line to 'False'
[0.536s] Level 5:colcon.colcon_core.verb:set package 'ch3_status_display' build argument 'cmake_force_configure' from command line to 'False'
[0.536s] Level 5:colcon.colcon_core.verb:set package 'ch3_status_display' build argument 'ament_cmake_args' from command line to 'None'
[0.536s] Level 5:colcon.colcon_core.verb:set package 'ch3_status_display' build argument 'catkin_cmake_args' from command line to 'None'
[0.536s] Level 5:colcon.colcon_core.verb:set package 'ch3_status_display' build argument 'catkin_skip_building_tests' from command line to 'False'
[0.536s] DEBUG:colcon.colcon_core.verb:Building package 'ch3_status_display' with the following arguments: {'ament_cmake_args': None, 'build_base': '/home/zilu/myProgramFile/learnRos2/cpp/build/ch3_status_display', 'catkin_cmake_args': None, 'catkin_skip_building_tests': False, 'cmake_args': None, 'cmake_clean_cache': False, 'cmake_clean_first': False, 'cmake_force_configure': False, 'cmake_target': None, 'cmake_target_skip_unavailable': False, 'install_base': '/home/zilu/myProgramFile/learnRos2/cpp/install/ch3_status_display', 'merge_install': False, 'path': '/home/zilu/myProgramFile/learnRos2/cpp/src/ch3_status_display', 'symlink_install': False, 'test_result_base': None}
[0.536s] INFO:colcon.colcon_core.executor:Executing jobs using 'parallel' executor
[0.537s] DEBUG:colcon.colcon_parallel_executor.executor.parallel:run_until_complete
[0.537s] INFO:colcon.colcon_ros.task.ament_cmake.build:Building ROS package in '/home/zilu/myProgramFile/learnRos2/cpp/src/ch3_status_display' with build type 'ament_cmake'
[0.537s] INFO:colcon.colcon_cmake.task.cmake.build:Building CMake package in '/home/zilu/myProgramFile/learnRos2/cpp/src/ch3_status_display'
[0.541s] INFO:colcon.colcon_core.plugin_system:Skipping extension 'colcon_core.shell.bat': Not used on non-Windows systems
[0.541s] INFO:colcon.colcon_core.shell:Skip shell extension 'powershell' for command environment: Not usable outside of PowerShell
[0.541s] DEBUG:colcon.colcon_core.shell:Skip shell extension 'dsv' for command environment
[0.588s] DEBUG:colcon.colcon_core.event_handler.log_command:Invoking command in '/home/zilu/myProgramFile/learnRos2/cpp/build/ch3_status_display': CMAKE_PREFIX_PATH=/home/zilu/myProgramFile/learnRos2/cpp/install/ch3_status_interfaces:/home/zilu/myProgramFile/learnRos2/cpp/install/ch9_cpp_robot_driver:/home/zilu/myProgramFile/learnRos2/cpp/install/ch6_robot:/home/zilu/myProgramFile/learnRos2/cpp/install/ch5_cpp_tf:/home/zilu/myProgramFile/learnRos2/cpp/install/ch4_cpp_service:/home/zilu/myProgramFile/learnRos2/cpp/install/ch4_cpp_param:/home/zilu/myProgramFile/learnRos2/cpp/install/ch3_status_display:/home/zilu/myProgramFile/learnRos2/cpp/install/ch3_cpp_topic:/home/zilu/myProgramFile/learnRos2/cpp/install/ch2_node:/home/zilu/myProgramFile/learnRos2/cpp/install/ch2_pkg:/home/zilu/myProgramFile/learnRos2/cpp/install/ch10_cpp_advanced:/home/zilu/myProgramFile/learnRos2/cpp/install/ch3_status_publisher:/opt/ros/humble LD_LIBRARY_PATH=/home/zilu/myProgramFile/learnRos2/cpp/install/ch3_status_interfaces/lib:/home/zilu/myProgramFile/learnRos2/cpp/install/ch4_cpp_service/lib:/home/zilu/myProgramFile/learnRos2/cpp/install/ch10_cpp_advanced/lib:/usr/local/cuda/lib64:/usr/local/ffmpeg/lib:/usr/lib/x86_64-linux-gnu/gazebo-11/plugins:/opt/ros/humble/opt/rviz_ogre_vendor/lib:/opt/ros/humble/lib/x86_64-linux-gnu:/opt/ros/humble/lib:/usr/local/cuda/lib64:/usr/local/ffmpeg/lib /usr/bin/cmake --build /home/zilu/myProgramFile/learnRos2/cpp/build/ch3_status_display -- -j24 -l24
[5.034s] DEBUG:colcon.colcon_core.event_handler.log_command:Invoked command in '/home/zilu/myProgramFile/learnRos2/cpp/build/ch3_status_display' returned '0': CMAKE_PREFIX_PATH=/home/zilu/myProgramFile/learnRos2/cpp/install/ch3_status_interfaces:/home/zilu/myProgramFile/learnRos2/cpp/install/ch9_cpp_robot_driver:/home/zilu/myProgramFile/learnRos2/cpp/install/ch6_robot:/home/zilu/myProgramFile/learnRos2/cpp/install/ch5_cpp_tf:/home/zilu/myProgramFile/learnRos2/cpp/install/ch4_cpp_service:/home/zilu/myProgramFile/learnRos2/cpp/install/ch4_cpp_param:/home/zilu/myProgramFile/learnRos2/cpp/install/ch3_status_display:/home/zilu/myProgramFile/learnRos2/cpp/install/ch3_cpp_topic:/home/zilu/myProgramFile/learnRos2/cpp/install/ch2_node:/home/zilu/myProgramFile/learnRos2/cpp/install/ch2_pkg:/home/zilu/myProgramFile/learnRos2/cpp/install/ch10_cpp_advanced:/home/zilu/myProgramFile/learnRos2/cpp/install/ch3_status_publisher:/opt/ros/humble LD_LIBRARY_PATH=/home/zilu/myProgramFile/learnRos2/cpp/install/ch3_status_interfaces/lib:/home/zilu/myProgramFile/learnRos2/cpp/install/ch4_cpp_service/lib:/home/zilu/myProgramFile/learnRos2/cpp/install/ch10_cpp_advanced/lib:/usr/local/cuda/lib64:/usr/local/ffmpeg/lib:/usr/lib/x86_64-linux-gnu/gazebo-11/plugins:/opt/ros/humble/opt/rviz_ogre_vendor/lib:/opt/ros/humble/lib/x86_64-linux-gnu:/opt/ros/humble/lib:/usr/local/cuda/lib64:/usr/local/ffmpeg/lib /usr/bin/cmake --build /home/zilu/myProgramFile/learnRos2/cpp/build/ch3_status_display -- -j24 -l24
[5.043s] DEBUG:colcon.colcon_core.event_handler.log_command:Invoking command in '/home/zilu/myProgramFile/learnRos2/cpp/build/ch3_status_display': CMAKE_PREFIX_PATH=/home/zilu/myProgramFile/learnRos2/cpp/install/ch3_status_interfaces:/home/zilu/myProgramFile/learnRos2/cpp/install/ch9_cpp_robot_driver:/home/zilu/myProgramFile/learnRos2/cpp/install/ch6_robot:/home/zilu/myProgramFile/learnRos2/cpp/install/ch5_cpp_tf:/home/zilu/myProgramFile/learnRos2/cpp/install/ch4_cpp_service:/home/zilu/myProgramFile/learnRos2/cpp/install/ch4_cpp_param:/home/zilu/myProgramFile/learnRos2/cpp/install/ch3_status_display:/home/zilu/myProgramFile/learnRos2/cpp/install/ch3_cpp_topic:/home/zilu/myProgramFile/learnRos2/cpp/install/ch2_node:/home/zilu/myProgramFile/learnRos2/cpp/install/ch2_pkg:/home/zilu/myProgramFile/learnRos2/cpp/install/ch10_cpp_advanced:/home/zilu/myProgramFile/learnRos2/cpp/install/ch3_status_publisher:/opt/ros/humble LD_LIBRARY_PATH=/home/zilu/myProgramFile/learnRos2/cpp/install/ch3_status_interfaces/lib:/home/zilu/myProgramFile/learnRos2/cpp/install/ch4_cpp_service/lib:/home/zilu/myProgramFile/learnRos2/cpp/install/ch10_cpp_advanced/lib:/usr/local/cuda/lib64:/usr/local/ffmpeg/lib:/usr/lib/x86_64-linux-gnu/gazebo-11/plugins:/opt/ros/humble/opt/rviz_ogre_vendor/lib:/opt/ros/humble/lib/x86_64-linux-gnu:/opt/ros/humble/lib:/usr/local/cuda/lib64:/usr/local/ffmpeg/lib /usr/bin/cmake --install /home/zilu/myProgramFile/learnRos2/cpp/build/ch3_status_display
[5.056s] Level 1:colcon.colcon_core.environment:create_environment_scripts_only(ch3_status_display)
[5.056s] DEBUG:colcon.colcon_core.event_handler.log_command:Invoked command in '/home/zilu/myProgramFile/learnRos2/cpp/build/ch3_status_display' returned '0': CMAKE_PREFIX_PATH=/home/zilu/myProgramFile/learnRos2/cpp/install/ch3_status_interfaces:/home/zilu/myProgramFile/learnRos2/cpp/install/ch9_cpp_robot_driver:/home/zilu/myProgramFile/learnRos2/cpp/install/ch6_robot:/home/zilu/myProgramFile/learnRos2/cpp/install/ch5_cpp_tf:/home/zilu/myProgramFile/learnRos2/cpp/install/ch4_cpp_service:/home/zilu/myProgramFile/learnRos2/cpp/install/ch4_cpp_param:/home/zilu/myProgramFile/learnRos2/cpp/install/ch3_status_display:/home/zilu/myProgramFile/learnRos2/cpp/install/ch3_cpp_topic:/home/zilu/myProgramFile/learnRos2/cpp/install/ch2_node:/home/zilu/myProgramFile/learnRos2/cpp/install/ch2_pkg:/home/zilu/myProgramFile/learnRos2/cpp/install/ch10_cpp_advanced:/home/zilu/myProgramFile/learnRos2/cpp/install/ch3_status_publisher:/opt/ros/humble LD_LIBRARY_PATH=/home/zilu/myProgramFile/learnRos2/cpp/install/ch3_status_interfaces/lib:/home/zilu/myProgramFile/learnRos2/cpp/install/ch4_cpp_service/lib:/home/zilu/myProgramFile/learnRos2/cpp/install/ch10_cpp_advanced/lib:/usr/local/cuda/lib64:/usr/local/ffmpeg/lib:/usr/lib/x86_64-linux-gnu/gazebo-11/plugins:/opt/ros/humble/opt/rviz_ogre_vendor/lib:/opt/ros/humble/lib/x86_64-linux-gnu:/opt/ros/humble/lib:/usr/local/cuda/lib64:/usr/local/ffmpeg/lib /usr/bin/cmake --install /home/zilu/myProgramFile/learnRos2/cpp/build/ch3_status_display
[5.062s] Level 1:colcon.colcon_core.environment:checking '/home/zilu/myProgramFile/learnRos2/cpp/install/ch3_status_display' for CMake module files
[5.063s] Level 1:colcon.colcon_core.environment:checking '/home/zilu/myProgramFile/learnRos2/cpp/install/ch3_status_display' for CMake config files
[5.063s] Level 1:colcon.colcon_core.shell:create_environment_hook('ch3_status_display', 'cmake_prefix_path')
[5.063s] INFO:colcon.colcon_core.shell:Creating environment hook '/home/zilu/myProgramFile/learnRos2/cpp/install/ch3_status_display/share/ch3_status_display/hook/cmake_prefix_path.ps1'
[5.064s] INFO:colcon.colcon_core.shell:Creating environment descriptor '/home/zilu/myProgramFile/learnRos2/cpp/install/ch3_status_display/share/ch3_status_display/hook/cmake_prefix_path.dsv'
[5.065s] INFO:colcon.colcon_core.shell:Creating environment hook '/home/zilu/myProgramFile/learnRos2/cpp/install/ch3_status_display/share/ch3_status_display/hook/cmake_prefix_path.sh'
[5.065s] Level 1:colcon.colcon_core.environment:checking '/home/zilu/myProgramFile/learnRos2/cpp/install/ch3_status_display/lib'
[5.066s] Level 1:colcon.colcon_core.environment:checking '/home/zilu/myProgramFile/learnRos2/cpp/install/ch3_status_display/bin'
[5.066s] Level 1:colcon.colcon_core.environment:checking '/home/zilu/myProgramFile/learnRos2/cpp/install/ch3_status_display/lib/pkgconfig/ch3_status_display.pc'
[5.066s] Level 1:colcon.colcon_core.environment:checking '/home/zilu/myProgramFile/learnRos2/cpp/install/ch3_status_display/lib/python3.10/site-packages'
[5.066s] Level 1:colcon.colcon_core.environment:checking '/home/zilu/myProgramFile/learnRos2/cpp/install/ch3_status_display/bin'
[5.066s] INFO:colcon.colcon_core.shell:Creating package script '/home/zilu/myProgramFile/learnRos2/cpp/install/ch3_status_display/share/ch3_status_display/package.ps1'
[5.067s] INFO:colcon.colcon_core.shell:Creating package descriptor '/home/zilu/myProgramFile/learnRos2/cpp/install/ch3_status_display/share/ch3_status_display/package.dsv'
[5.068s] INFO:colcon.colcon_core.shell:Creating package script '/home/zilu/myProgramFile/learnRos2/cpp/install/ch3_status_display/share/ch3_status_display/package.sh'
[5.069s] INFO:colcon.colcon_core.shell:Creating package script '/home/zilu/myProgramFile/learnRos2/cpp/install/ch3_status_display/share/ch3_status_display/package.bash'
[5.070s] INFO:colcon.colcon_core.shell:Creating package script '/home/zilu/myProgramFile/learnRos2/cpp/install/ch3_status_display/share/ch3_status_display/package.zsh'
[5.071s] Level 1:colcon.colcon_core.environment:create_file_with_runtime_dependencies(/home/zilu/myProgramFile/learnRos2/cpp/install/ch3_status_display/share/colcon-core/packages/ch3_status_display)
[5.072s] Level 1:colcon.colcon_core.environment:create_environment_scripts_only(ch3_status_display)
[5.072s] Level 1:colcon.colcon_core.environment:checking '/home/zilu/myProgramFile/learnRos2/cpp/install/ch3_status_display' for CMake module files
[5.072s] Level 1:colcon.colcon_core.environment:checking '/home/zilu/myProgramFile/learnRos2/cpp/install/ch3_status_display' for CMake config files
[5.072s] Level 1:colcon.colcon_core.shell:create_environment_hook('ch3_status_display', 'cmake_prefix_path')
[5.072s] INFO:colcon.colcon_core.shell:Creating environment hook '/home/zilu/myProgramFile/learnRos2/cpp/install/ch3_status_display/share/ch3_status_display/hook/cmake_prefix_path.ps1'
[5.073s] INFO:colcon.colcon_core.shell:Creating environment descriptor '/home/zilu/myProgramFile/learnRos2/cpp/install/ch3_status_display/share/ch3_status_display/hook/cmake_prefix_path.dsv'
[5.073s] INFO:colcon.colcon_core.shell:Creating environment hook '/home/zilu/myProgramFile/learnRos2/cpp/install/ch3_status_display/share/ch3_status_display/hook/cmake_prefix_path.sh'
[5.074s] Level 1:colcon.colcon_core.environment:checking '/home/zilu/myProgramFile/learnRos2/cpp/install/ch3_status_display/lib'
[5.074s] Level 1:colcon.colcon_core.environment:checking '/home/zilu/myProgramFile/learnRos2/cpp/install/ch3_status_display/bin'
[5.074s] Level 1:colcon.colcon_core.environment:checking '/home/zilu/myProgramFile/learnRos2/cpp/install/ch3_status_display/lib/pkgconfig/ch3_status_display.pc'
[5.074s] Level 1:colcon.colcon_core.environment:checking '/home/zilu/myProgramFile/learnRos2/cpp/install/ch3_status_display/lib/python3.10/site-packages'
[5.074s] Level 1:colcon.colcon_core.environment:checking '/home/zilu/myProgramFile/learnRos2/cpp/install/ch3_status_display/bin'
[5.074s] INFO:colcon.colcon_core.shell:Creating package script '/home/zilu/myProgramFile/learnRos2/cpp/install/ch3_status_display/share/ch3_status_display/package.ps1'
[5.075s] INFO:colcon.colcon_core.shell:Creating package descriptor '/home/zilu/myProgramFile/learnRos2/cpp/install/ch3_status_display/share/ch3_status_display/package.dsv'
[5.076s] INFO:colcon.colcon_core.shell:Creating package script '/home/zilu/myProgramFile/learnRos2/cpp/install/ch3_status_display/share/ch3_status_display/package.sh'
[5.076s] INFO:colcon.colcon_core.shell:Creating package script '/home/zilu/myProgramFile/learnRos2/cpp/install/ch3_status_display/share/ch3_status_display/package.bash'
[5.077s] INFO:colcon.colcon_core.shell:Creating package script '/home/zilu/myProgramFile/learnRos2/cpp/install/ch3_status_display/share/ch3_status_display/package.zsh'
[5.077s] Level 1:colcon.colcon_core.environment:create_file_with_runtime_dependencies(/home/zilu/myProgramFile/learnRos2/cpp/install/ch3_status_display/share/colcon-core/packages/ch3_status_display)
[5.077s] DEBUG:colcon.colcon_parallel_executor.executor.parallel:closing loop
[5.078s] DEBUG:colcon.colcon_parallel_executor.executor.parallel:loop closed
[5.078s] DEBUG:colcon.colcon_parallel_executor.executor.parallel:run_until_complete finished with '0'
[5.078s] DEBUG:colcon.colcon_core.event_reactor:joining thread
[5.086s] INFO:colcon.colcon_core.plugin_system:Skipping extension 'colcon_notification.desktop_notification.terminal_notifier': Not used on non-Darwin systems
[5.086s] INFO:colcon.colcon_core.plugin_system:Skipping extension 'colcon_notification.desktop_notification.win32': Not used on non-Windows systems
[5.086s] INFO:colcon.colcon_notification.desktop_notification:Sending desktop notification using 'notify2'
[5.088s] DEBUG:colcon.colcon_notification.desktop_notification.notify2:Failed to initialize notify2: org.freedesktop.DBus.Error.ServiceUnknown: The name org.freedesktop.Notifications was not provided by any .service files
[5.088s] DEBUG:colcon.colcon_core.event_reactor:joined thread
[5.088s] INFO:colcon.colcon_core.shell:Creating prefix script '/home/zilu/myProgramFile/learnRos2/cpp/install/local_setup.ps1'
[5.089s] INFO:colcon.colcon_core.shell:Creating prefix util module '/home/zilu/myProgramFile/learnRos2/cpp/install/_local_setup_util_ps1.py'
[5.091s] INFO:colcon.colcon_core.shell:Creating prefix chain script '/home/zilu/myProgramFile/learnRos2/cpp/install/setup.ps1'
[5.092s] INFO:colcon.colcon_core.shell:Creating prefix script '/home/zilu/myProgramFile/learnRos2/cpp/install/local_setup.sh'
[5.093s] INFO:colcon.colcon_core.shell:Creating prefix util module '/home/zilu/myProgramFile/learnRos2/cpp/install/_local_setup_util_sh.py'
[5.093s] INFO:colcon.colcon_core.shell:Creating prefix chain script '/home/zilu/myProgramFile/learnRos2/cpp/install/setup.sh'
[5.095s] INFO:colcon.colcon_core.shell:Creating prefix script '/home/zilu/myProgramFile/learnRos2/cpp/install/local_setup.bash'
[5.095s] INFO:colcon.colcon_core.shell:Creating prefix chain script '/home/zilu/myProgramFile/learnRos2/cpp/install/setup.bash'
[5.096s] INFO:colcon.colcon_core.shell:Creating prefix script '/home/zilu/myProgramFile/learnRos2/cpp/install/local_setup.zsh'
[5.097s] INFO:colcon.colcon_core.shell:Creating prefix chain script '/home/zilu/myProgramFile/learnRos2/cpp/install/setup.zsh'
