running egg_info
writing ../../build/ch3_status_publisher/ch3_status_publisher.egg-info/PKG-INFO
writing dependency_links to ../../build/ch3_status_publisher/ch3_status_publisher.egg-info/dependency_links.txt
writing entry points to ../../build/ch3_status_publisher/ch3_status_publisher.egg-info/entry_points.txt
writing requirements to ../../build/ch3_status_publisher/ch3_status_publisher.egg-info/requires.txt
writing top-level names to ../../build/ch3_status_publisher/ch3_status_publisher.egg-info/top_level.txt
reading manifest file '../../build/ch3_status_publisher/ch3_status_publisher.egg-info/SOURCES.txt'
adding license file 'LICENSE'
writing manifest file '../../build/ch3_status_publisher/ch3_status_publisher.egg-info/SOURCES.txt'
running build
running build_py
copying ch3_status_publisher/sys_status_pub.py -> /home/zilu/myProgramFile/learnRos2/cpp/build/ch3_status_publisher/build/lib/ch3_status_publisher
running install
running install_lib
copying /home/zilu/myProgramFile/learnRos2/cpp/build/ch3_status_publisher/build/lib/ch3_status_publisher/sys_status_pub.py -> /home/zilu/myProgramFile/learnRos2/cpp/install/ch3_status_publisher/lib/python3.10/site-packages/ch3_status_publisher
byte-compiling /home/zilu/myProgramFile/learnRos2/cpp/install/ch3_status_publisher/lib/python3.10/site-packages/ch3_status_publisher/sys_status_pub.py to sys_status_pub.cpython-310.pyc
running install_data
running install_egg_info
removing '/home/zilu/myProgramFile/learnRos2/cpp/install/ch3_status_publisher/lib/python3.10/site-packages/ch3_status_publisher-0.0.0-py3.10.egg-info' (and everything under it)
Copying ../../build/ch3_status_publisher/ch3_status_publisher.egg-info to /home/zilu/myProgramFile/learnRos2/cpp/install/ch3_status_publisher/lib/python3.10/site-packages/ch3_status_publisher-0.0.0-py3.10.egg-info
running install_scripts
Installing sys_status_pub script to /home/zilu/myProgramFile/learnRos2/cpp/install/ch3_status_publisher/lib/ch3_status_publisher
writing list of installed files to '/home/zilu/myProgramFile/learnRos2/cpp/build/ch3_status_publisher/install.log'
