[0.056s] Invoking command in '/home/zilu/myProgramFile/learnRos2/cpp/build/ch3_status_display': AMENT_PREFIX_PATH=/home/zilu/myProgramFile/learnRos2/cpp/install/ch3_status_interfaces:${AMENT_PREFIX_PATH} CMAKE_PREFIX_PATH=/home/zilu/myProgramFile/learnRos2/cpp/install/ch3_status_interfaces:/opt/ros/humble LD_LIBRARY_PATH=/home/zilu/myProgramFile/learnRos2/cpp/install/ch3_status_interfaces/lib:/usr/local/cuda/lib64:/usr/local/ffmpeg/lib:/usr/lib/x86_64-linux-gnu/gazebo-11/plugins:/opt/ros/humble/opt/rviz_ogre_vendor/lib:/opt/ros/humble/lib/x86_64-linux-gnu:/opt/ros/humble/lib:/usr/local/cuda/lib64:/usr/local/ffmpeg/lib PYTHONPATH=/home/zilu/myProgramFile/learnRos2/cpp/install/ch3_status_interfaces/local/lib/python3.10/dist-packages:${PYTHONPATH} /usr/bin/cmake /home/zilu/myProgramFile/learnRos2/cpp/src/ch3_status_display -DCMAKE_INSTALL_PREFIX=/home/zilu/myProgramFile/learnRos2/cpp/install/ch3_status_display
[0.198s] -- The C compiler identification is GNU 11.4.0
[0.456s] -- The CXX compiler identification is GNU 11.4.0
[0.610s] -- Detecting C compiler ABI info
[0.689s] -- Detecting C compiler ABI info - done
[0.693s] -- Check for working C compiler: /usr/bin/cc - skipped
[0.693s] -- Detecting C compile features
[0.693s] -- Detecting C compile features - done
[0.696s] -- Detecting CXX compiler ABI info
[0.798s] -- Detecting CXX compiler ABI info - done
[0.802s] -- Check for working CXX compiler: /usr/bin/c++ - skipped
[0.802s] -- Detecting CXX compile features
[0.802s] -- Detecting CXX compile features - done
[0.808s] -- Found ament_cmake: 1.3.14 (/opt/ros/humble/share/ament_cmake/cmake)
[0.902s] -- Found Python3: /usr/bin/python3 (found version "3.10.12") found components: Interpreter 
[0.975s] -- Found rclcpp: 16.0.19 (/opt/ros/humble/share/rclcpp/cmake)
[1.095s] -- Found rosidl_generator_c: 3.1.9 (/opt/ros/humble/share/rosidl_generator_c/cmake)
[1.100s] -- Found rosidl_adapter: 3.1.9 (/opt/ros/humble/share/rosidl_adapter/cmake)
[1.109s] -- Found rosidl_generator_cpp: 3.1.9 (/opt/ros/humble/share/rosidl_generator_cpp/cmake)
[1.121s] -- Using all available rosidl_typesupport_c: rosidl_typesupport_fastrtps_c;rosidl_typesupport_introspection_c
[1.136s] -- Using all available rosidl_typesupport_cpp: rosidl_typesupport_fastrtps_cpp;rosidl_typesupport_introspection_cpp
[1.181s] -- Found rmw_implementation_cmake: 6.1.3 (/opt/ros/humble/share/rmw_implementation_cmake/cmake)
[1.184s] -- Found rmw_fastrtps_cpp: 6.2.10 (/opt/ros/humble/share/rmw_fastrtps_cpp/cmake)
[1.876s] -- Found OpenSSL: /usr/lib/x86_64-linux-gnu/libcrypto.so (found version "3.0.2")  
[2.680s] -- Found FastRTPS: /opt/ros/humble/include  
[4.157s] -- Using RMW implementation 'rmw_fastrtps_cpp' as default
[4.168s] -- Looking for pthread.h
[4.344s] -- Looking for pthread.h - found
[4.344s] -- Performing Test CMAKE_HAVE_LIBC_PTHREAD
[4.416s] -- Performing Test CMAKE_HAVE_LIBC_PTHREAD - Success
[4.417s] -- Found Threads: TRUE  
[4.470s] -- Found ch3_status_interfaces: 0.0.0 (/home/zilu/myProgramFile/learnRos2/cpp/install/ch3_status_interfaces/share/ch3_status_interfaces/cmake)
[7.862s] -- Performing Test HAVE_STDATOMIC
[8.067s] -- Performing Test HAVE_STDATOMIC - Success
[8.073s] -- Found WrapAtomic: TRUE  
[8.653s] -- Found WrapVulkanHeaders: /usr/include  
[9.894s] -- Found ament_lint_auto: 0.12.15 (/opt/ros/humble/share/ament_lint_auto/cmake)
[10.050s] [31mCMake Error at CMakeLists.txt:30 (install):
[10.050s]   install TARGETS given target "DEPENDENCIES" which does not exist.
[10.050s] 
[10.050s] [0m
[10.060s] -- Added test 'cppcheck' to perform static code analysis on C / C++ code
[10.060s] -- Configured cppcheck include dirs: 
[10.060s] -- Configured cppcheck exclude dirs and/or files: 
[10.061s] -- Added test 'lint_cmake' to check CMake code style
[10.062s] -- Added test 'uncrustify' to check C / C++ code style
[10.062s] -- Configured uncrustify additional arguments: 
[10.062s] -- Added test 'xmllint' to check XML markup files
[10.064s] -- Configuring incomplete, errors occurred!
[10.064s] See also "/home/zilu/myProgramFile/learnRos2/cpp/build/ch3_status_display/CMakeFiles/CMakeOutput.log".
[10.074s] Invoked command in '/home/zilu/myProgramFile/learnRos2/cpp/build/ch3_status_display' returned '1': AMENT_PREFIX_PATH=/home/zilu/myProgramFile/learnRos2/cpp/install/ch3_status_interfaces:${AMENT_PREFIX_PATH} CMAKE_PREFIX_PATH=/home/zilu/myProgramFile/learnRos2/cpp/install/ch3_status_interfaces:/opt/ros/humble LD_LIBRARY_PATH=/home/zilu/myProgramFile/learnRos2/cpp/install/ch3_status_interfaces/lib:/usr/local/cuda/lib64:/usr/local/ffmpeg/lib:/usr/lib/x86_64-linux-gnu/gazebo-11/plugins:/opt/ros/humble/opt/rviz_ogre_vendor/lib:/opt/ros/humble/lib/x86_64-linux-gnu:/opt/ros/humble/lib:/usr/local/cuda/lib64:/usr/local/ffmpeg/lib PYTHONPATH=/home/zilu/myProgramFile/learnRos2/cpp/install/ch3_status_interfaces/local/lib/python3.10/dist-packages:${PYTHONPATH} /usr/bin/cmake /home/zilu/myProgramFile/learnRos2/cpp/src/ch3_status_display -DCMAKE_INSTALL_PREFIX=/home/zilu/myProgramFile/learnRos2/cpp/install/ch3_status_display
