[0.047s] Invoking command in '/home/zilu/myProgramFile/learnRos2/cpp/build/ch3_status_display': AMENT_PREFIX_PATH=/home/zilu/myProgramFile/learnRos2/cpp/install/ch3_status_interfaces:${AMENT_PREFIX_PATH} CMAKE_PREFIX_PATH=/home/zilu/myProgramFile/learnRos2/cpp/install/ch3_status_interfaces:/opt/ros/humble LD_LIBRARY_PATH=/home/zilu/myProgramFile/learnRos2/cpp/install/ch3_status_interfaces/lib:/usr/local/cuda/lib64:/usr/local/ffmpeg/lib:/usr/lib/x86_64-linux-gnu/gazebo-11/plugins:/opt/ros/humble/opt/rviz_ogre_vendor/lib:/opt/ros/humble/lib/x86_64-linux-gnu:/opt/ros/humble/lib:/usr/local/cuda/lib64:/usr/local/ffmpeg/lib PYTHONPATH=/home/zilu/myProgramFile/learnRos2/cpp/install/ch3_status_interfaces/local/lib/python3.10/dist-packages:${PYTHONPATH} /usr/bin/cmake /home/zilu/myProgramFile/learnRos2/cpp/src/ch3_status_display -DCMAKE_INSTALL_PREFIX=/home/zilu/myProgramFile/learnRos2/cpp/install/ch3_status_display
[0.185s] -- The C compiler identification is GNU 11.4.0
[0.433s] -- The CXX compiler identification is GNU 11.4.0
[0.574s] -- Detecting C compiler ABI info
[0.650s] -- Detecting C compiler ABI info - done
[0.654s] -- Check for working C compiler: /usr/bin/cc - skipped
[0.654s] -- Detecting C compile features
[0.655s] -- Detecting C compile features - done
[0.657s] -- Detecting CXX compiler ABI info
[0.740s] -- Detecting CXX compiler ABI info - done
[0.744s] -- Check for working CXX compiler: /usr/bin/c++ - skipped
[0.745s] -- Detecting CXX compile features
[0.745s] -- Detecting CXX compile features - done
[0.751s] -- Found ament_cmake: 1.3.14 (/opt/ros/humble/share/ament_cmake/cmake)
[0.838s] -- Found Python3: /usr/bin/python3 (found version "3.10.12") found components: Interpreter 
[0.904s] -- Found rclcpp: 16.0.19 (/opt/ros/humble/share/rclcpp/cmake)
[1.001s] -- Found rosidl_generator_c: 3.1.9 (/opt/ros/humble/share/rosidl_generator_c/cmake)
[1.005s] -- Found rosidl_adapter: 3.1.9 (/opt/ros/humble/share/rosidl_adapter/cmake)
[1.013s] -- Found rosidl_generator_cpp: 3.1.9 (/opt/ros/humble/share/rosidl_generator_cpp/cmake)
[1.024s] -- Using all available rosidl_typesupport_c: rosidl_typesupport_fastrtps_c;rosidl_typesupport_introspection_c
[1.040s] -- Using all available rosidl_typesupport_cpp: rosidl_typesupport_fastrtps_cpp;rosidl_typesupport_introspection_cpp
[1.080s] -- Found rmw_implementation_cmake: 6.1.3 (/opt/ros/humble/share/rmw_implementation_cmake/cmake)
[1.083s] -- Found rmw_fastrtps_cpp: 6.2.10 (/opt/ros/humble/share/rmw_fastrtps_cpp/cmake)
[1.858s] -- Found OpenSSL: /usr/lib/x86_64-linux-gnu/libcrypto.so (found version "3.0.2")  
[2.495s] -- Found FastRTPS: /opt/ros/humble/include  
[3.661s] -- Using RMW implementation 'rmw_fastrtps_cpp' as default
[3.670s] -- Looking for pthread.h
[3.748s] -- Looking for pthread.h - found
[3.748s] -- Performing Test CMAKE_HAVE_LIBC_PTHREAD
[3.815s] -- Performing Test CMAKE_HAVE_LIBC_PTHREAD - Success
[3.816s] -- Found Threads: TRUE  
[3.859s] -- Found ch3_status_interfaces: 0.0.0 (/home/zilu/myProgramFile/learnRos2/cpp/install/ch3_status_interfaces/share/ch3_status_interfaces/cmake)
[3.901s] -- Performing Test HAVE_STDATOMIC
[4.010s] -- Performing Test HAVE_STDATOMIC - Success
[4.011s] -- Found WrapAtomic: TRUE  
[4.175s] -- Found OpenGL: /usr/lib/x86_64-linux-gnu/libOpenGL.so   
[4.176s] -- Found WrapOpenGL: TRUE  
[4.263s] -- Found WrapVulkanHeaders: /usr/include  
[4.320s] -- Found ament_lint_auto: 0.12.15 (/opt/ros/humble/share/ament_lint_auto/cmake)
[4.372s] -- Added test 'cppcheck' to perform static code analysis on C / C++ code
[4.372s] -- Configured cppcheck include dirs: 
[4.372s] -- Configured cppcheck exclude dirs and/or files: 
[4.373s] -- Added test 'lint_cmake' to check CMake code style
[4.374s] -- Added test 'uncrustify' to check C / C++ code style
[4.374s] -- Configured uncrustify additional arguments: 
[4.375s] -- Added test 'xmllint' to check XML markup files
[4.376s] -- Configuring done
[4.383s] -- Generating done
[4.385s] -- Build files have been written to: /home/zilu/myProgramFile/learnRos2/cpp/build/ch3_status_display
[4.394s] Invoked command in '/home/zilu/myProgramFile/learnRos2/cpp/build/ch3_status_display' returned '0': AMENT_PREFIX_PATH=/home/zilu/myProgramFile/learnRos2/cpp/install/ch3_status_interfaces:${AMENT_PREFIX_PATH} CMAKE_PREFIX_PATH=/home/zilu/myProgramFile/learnRos2/cpp/install/ch3_status_interfaces:/opt/ros/humble LD_LIBRARY_PATH=/home/zilu/myProgramFile/learnRos2/cpp/install/ch3_status_interfaces/lib:/usr/local/cuda/lib64:/usr/local/ffmpeg/lib:/usr/lib/x86_64-linux-gnu/gazebo-11/plugins:/opt/ros/humble/opt/rviz_ogre_vendor/lib:/opt/ros/humble/lib/x86_64-linux-gnu:/opt/ros/humble/lib:/usr/local/cuda/lib64:/usr/local/ffmpeg/lib PYTHONPATH=/home/zilu/myProgramFile/learnRos2/cpp/install/ch3_status_interfaces/local/lib/python3.10/dist-packages:${PYTHONPATH} /usr/bin/cmake /home/zilu/myProgramFile/learnRos2/cpp/src/ch3_status_display -DCMAKE_INSTALL_PREFIX=/home/zilu/myProgramFile/learnRos2/cpp/install/ch3_status_display
[4.396s] Invoking command in '/home/zilu/myProgramFile/learnRos2/cpp/build/ch3_status_display': AMENT_PREFIX_PATH=/home/zilu/myProgramFile/learnRos2/cpp/install/ch3_status_interfaces:${AMENT_PREFIX_PATH} CMAKE_PREFIX_PATH=/home/zilu/myProgramFile/learnRos2/cpp/install/ch3_status_interfaces:/opt/ros/humble LD_LIBRARY_PATH=/home/zilu/myProgramFile/learnRos2/cpp/install/ch3_status_interfaces/lib:/usr/local/cuda/lib64:/usr/local/ffmpeg/lib:/usr/lib/x86_64-linux-gnu/gazebo-11/plugins:/opt/ros/humble/opt/rviz_ogre_vendor/lib:/opt/ros/humble/lib/x86_64-linux-gnu:/opt/ros/humble/lib:/usr/local/cuda/lib64:/usr/local/ffmpeg/lib PYTHONPATH=/home/zilu/myProgramFile/learnRos2/cpp/install/ch3_status_interfaces/local/lib/python3.10/dist-packages:${PYTHONPATH} /usr/bin/cmake --build /home/zilu/myProgramFile/learnRos2/cpp/build/ch3_status_display -- -j24 -l24
[4.423s] [ 50%] Building CXX object CMakeFiles/hello_qt.dir/src/hello_qt.cpp.o
[5.472s] [100%] Linking CXX executable hello_qt
[5.715s] [100%] Built target hello_qt
[5.720s] Invoked command in '/home/zilu/myProgramFile/learnRos2/cpp/build/ch3_status_display' returned '0': AMENT_PREFIX_PATH=/home/zilu/myProgramFile/learnRos2/cpp/install/ch3_status_interfaces:${AMENT_PREFIX_PATH} CMAKE_PREFIX_PATH=/home/zilu/myProgramFile/learnRos2/cpp/install/ch3_status_interfaces:/opt/ros/humble LD_LIBRARY_PATH=/home/zilu/myProgramFile/learnRos2/cpp/install/ch3_status_interfaces/lib:/usr/local/cuda/lib64:/usr/local/ffmpeg/lib:/usr/lib/x86_64-linux-gnu/gazebo-11/plugins:/opt/ros/humble/opt/rviz_ogre_vendor/lib:/opt/ros/humble/lib/x86_64-linux-gnu:/opt/ros/humble/lib:/usr/local/cuda/lib64:/usr/local/ffmpeg/lib PYTHONPATH=/home/zilu/myProgramFile/learnRos2/cpp/install/ch3_status_interfaces/local/lib/python3.10/dist-packages:${PYTHONPATH} /usr/bin/cmake --build /home/zilu/myProgramFile/learnRos2/cpp/build/ch3_status_display -- -j24 -l24
[5.726s] Invoking command in '/home/zilu/myProgramFile/learnRos2/cpp/build/ch3_status_display': AMENT_PREFIX_PATH=/home/zilu/myProgramFile/learnRos2/cpp/install/ch3_status_interfaces:${AMENT_PREFIX_PATH} CMAKE_PREFIX_PATH=/home/zilu/myProgramFile/learnRos2/cpp/install/ch3_status_interfaces:/opt/ros/humble LD_LIBRARY_PATH=/home/zilu/myProgramFile/learnRos2/cpp/install/ch3_status_interfaces/lib:/usr/local/cuda/lib64:/usr/local/ffmpeg/lib:/usr/lib/x86_64-linux-gnu/gazebo-11/plugins:/opt/ros/humble/opt/rviz_ogre_vendor/lib:/opt/ros/humble/lib/x86_64-linux-gnu:/opt/ros/humble/lib:/usr/local/cuda/lib64:/usr/local/ffmpeg/lib PYTHONPATH=/home/zilu/myProgramFile/learnRos2/cpp/install/ch3_status_interfaces/local/lib/python3.10/dist-packages:${PYTHONPATH} /usr/bin/cmake --install /home/zilu/myProgramFile/learnRos2/cpp/build/ch3_status_display
[5.729s] -- Install configuration: ""
[5.730s] -- Installing: /home/zilu/myProgramFile/learnRos2/cpp/install/ch3_status_display/lib/ch3_status_display/hello_qt
[5.730s] -- Set runtime path of "/home/zilu/myProgramFile/learnRos2/cpp/install/ch3_status_display/lib/ch3_status_display/hello_qt" to "/opt/Qt/6.10.3/gcc_64/lib"
[5.730s] -- Installing: /home/zilu/myProgramFile/learnRos2/cpp/install/ch3_status_display/share/ament_index/resource_index/package_run_dependencies/ch3_status_display
[5.731s] -- Installing: /home/zilu/myProgramFile/learnRos2/cpp/install/ch3_status_display/share/ament_index/resource_index/parent_prefix_path/ch3_status_display
[5.731s] -- Installing: /home/zilu/myProgramFile/learnRos2/cpp/install/ch3_status_display/share/ch3_status_display/environment/ament_prefix_path.sh
[5.731s] -- Installing: /home/zilu/myProgramFile/learnRos2/cpp/install/ch3_status_display/share/ch3_status_display/environment/ament_prefix_path.dsv
[5.731s] -- Installing: /home/zilu/myProgramFile/learnRos2/cpp/install/ch3_status_display/share/ch3_status_display/environment/path.sh
[5.731s] -- Installing: /home/zilu/myProgramFile/learnRos2/cpp/install/ch3_status_display/share/ch3_status_display/environment/path.dsv
[5.732s] -- Installing: /home/zilu/myProgramFile/learnRos2/cpp/install/ch3_status_display/share/ch3_status_display/local_setup.bash
[5.732s] -- Installing: /home/zilu/myProgramFile/learnRos2/cpp/install/ch3_status_display/share/ch3_status_display/local_setup.sh
[5.732s] -- Installing: /home/zilu/myProgramFile/learnRos2/cpp/install/ch3_status_display/share/ch3_status_display/local_setup.zsh
[5.732s] -- Installing: /home/zilu/myProgramFile/learnRos2/cpp/install/ch3_status_display/share/ch3_status_display/local_setup.dsv
[5.732s] -- Installing: /home/zilu/myProgramFile/learnRos2/cpp/install/ch3_status_display/share/ch3_status_display/package.dsv
[5.732s] -- Installing: /home/zilu/myProgramFile/learnRos2/cpp/install/ch3_status_display/share/ament_index/resource_index/packages/ch3_status_display
[5.732s] -- Installing: /home/zilu/myProgramFile/learnRos2/cpp/install/ch3_status_display/share/ch3_status_display/cmake/ch3_status_displayConfig.cmake
[5.732s] -- Installing: /home/zilu/myProgramFile/learnRos2/cpp/install/ch3_status_display/share/ch3_status_display/cmake/ch3_status_displayConfig-version.cmake
[5.732s] -- Installing: /home/zilu/myProgramFile/learnRos2/cpp/install/ch3_status_display/share/ch3_status_display/package.xml
[5.733s] Invoked command in '/home/zilu/myProgramFile/learnRos2/cpp/build/ch3_status_display' returned '0': AMENT_PREFIX_PATH=/home/zilu/myProgramFile/learnRos2/cpp/install/ch3_status_interfaces:${AMENT_PREFIX_PATH} CMAKE_PREFIX_PATH=/home/zilu/myProgramFile/learnRos2/cpp/install/ch3_status_interfaces:/opt/ros/humble LD_LIBRARY_PATH=/home/zilu/myProgramFile/learnRos2/cpp/install/ch3_status_interfaces/lib:/usr/local/cuda/lib64:/usr/local/ffmpeg/lib:/usr/lib/x86_64-linux-gnu/gazebo-11/plugins:/opt/ros/humble/opt/rviz_ogre_vendor/lib:/opt/ros/humble/lib/x86_64-linux-gnu:/opt/ros/humble/lib:/usr/local/cuda/lib64:/usr/local/ffmpeg/lib PYTHONPATH=/home/zilu/myProgramFile/learnRos2/cpp/install/ch3_status_interfaces/local/lib/python3.10/dist-packages:${PYTHONPATH} /usr/bin/cmake --install /home/zilu/myProgramFile/learnRos2/cpp/build/ch3_status_display
