Consolidate compiler generated dependencies of target hello_qt
[ 50%] Building CXX object CMakeFiles/hello_qt.dir/src/hello_qt.cpp.o
[100%] Linking CXX executable hello_qt
[100%] Built target hello_qt
-- Install configuration: ""
-- Installing: /home/zilu/myProgramFile/learnRos2/cpp/install/ch3_status_display/lib/ch3_status_display/hello_qt
-- Installing: /home/zilu/myProgramFile/learnRos2/cpp/install/ch3_status_display/share/ament_index/resource_index/package_run_dependencies/ch3_status_display
-- Installing: /home/zilu/myProgramFile/learnRos2/cpp/install/ch3_status_display/share/ament_index/resource_index/parent_prefix_path/ch3_status_display
-- Installing: /home/zilu/myProgramFile/learnRos2/cpp/install/ch3_status_display/share/ch3_status_display/environment/ament_prefix_path.sh
-- Installing: /home/zilu/myProgramFile/learnRos2/cpp/install/ch3_status_display/share/ch3_status_display/environment/ament_prefix_path.dsv
-- Installing: /home/zilu/myProgramFile/learnRos2/cpp/install/ch3_status_display/share/ch3_status_display/environment/path.sh
-- Installing: /home/zilu/myProgramFile/learnRos2/cpp/install/ch3_status_display/share/ch3_status_display/environment/path.dsv
-- Installing: /home/zilu/myProgramFile/learnRos2/cpp/install/ch3_status_display/share/ch3_status_display/local_setup.bash
-- Installing: /home/zilu/myProgramFile/learnRos2/cpp/install/ch3_status_display/share/ch3_status_display/local_setup.sh
-- Installing: /home/zilu/myProgramFile/learnRos2/cpp/install/ch3_status_display/share/ch3_status_display/local_setup.zsh
-- Installing: /home/zilu/myProgramFile/learnRos2/cpp/install/ch3_status_display/share/ch3_status_display/local_setup.dsv
-- Up-to-date: /home/zilu/myProgramFile/learnRos2/cpp/install/ch3_status_display/share/ch3_status_display/package.dsv
-- Installing: /home/zilu/myProgramFile/learnRos2/cpp/install/ch3_status_display/share/ament_index/resource_index/packages/ch3_status_display
-- Installing: /home/zilu/myProgramFile/learnRos2/cpp/install/ch3_status_display/share/ch3_status_display/cmake/ch3_status_displayConfig.cmake
-- Installing: /home/zilu/myProgramFile/learnRos2/cpp/install/ch3_status_display/share/ch3_status_display/cmake/ch3_status_displayConfig-version.cmake
-- Installing: /home/zilu/myProgramFile/learnRos2/cpp/install/ch3_status_display/share/ch3_status_display/package.xml
