[0.037s] Invoking command in '/home/zilu/myProgramFile/learnRos2/cpp/build/ch3_status_display': AMENT_PREFIX_PATH=/home/zilu/myProgramFile/learnRos2/cpp/install/ch3_status_interfaces:${AMENT_PREFIX_PATH} CMAKE_PREFIX_PATH=/home/zilu/myProgramFile/learnRos2/cpp/install/ch3_status_interfaces:/opt/ros/humble LD_LIBRARY_PATH=/home/zilu/myProgramFile/learnRos2/cpp/install/ch3_status_interfaces/lib:/usr/lib/x86_64-linux-gnu/gazebo-11/plugins:/opt/ros/humble/opt/rviz_ogre_vendor/lib:/opt/ros/humble/lib/x86_64-linux-gnu:/opt/ros/humble/lib:/usr/local/cuda/lib64:/usr/local/ffmpeg/lib PYTHONPATH=/home/zilu/myProgramFile/learnRos2/cpp/install/ch3_status_interfaces/local/lib/python3.10/dist-packages:${PYTHONPATH} /usr/bin/cmake --build /home/zilu/myProgramFile/learnRos2/cpp/build/ch3_status_display -- -j24 -l24
[0.060s] Consolidate compiler generated dependencies of target hello_qt
[0.066s] [ 50%] Building CXX object CMakeFiles/hello_qt.dir/src/hello_qt.cpp.o
[0.679s] [100%] Linking CXX executable hello_qt
[0.899s] [100%] Built target hello_qt
[0.905s] Invoked command in '/home/zilu/myProgramFile/learnRos2/cpp/build/ch3_status_display' returned '0': AMENT_PREFIX_PATH=/home/zilu/myProgramFile/learnRos2/cpp/install/ch3_status_interfaces:${AMENT_PREFIX_PATH} CMAKE_PREFIX_PATH=/home/zilu/myProgramFile/learnRos2/cpp/install/ch3_status_interfaces:/opt/ros/humble LD_LIBRARY_PATH=/home/zilu/myProgramFile/learnRos2/cpp/install/ch3_status_interfaces/lib:/usr/lib/x86_64-linux-gnu/gazebo-11/plugins:/opt/ros/humble/opt/rviz_ogre_vendor/lib:/opt/ros/humble/lib/x86_64-linux-gnu:/opt/ros/humble/lib:/usr/local/cuda/lib64:/usr/local/ffmpeg/lib PYTHONPATH=/home/zilu/myProgramFile/learnRos2/cpp/install/ch3_status_interfaces/local/lib/python3.10/dist-packages:${PYTHONPATH} /usr/bin/cmake --build /home/zilu/myProgramFile/learnRos2/cpp/build/ch3_status_display -- -j24 -l24
[0.910s] Invoking command in '/home/zilu/myProgramFile/learnRos2/cpp/build/ch3_status_display': AMENT_PREFIX_PATH=/home/zilu/myProgramFile/learnRos2/cpp/install/ch3_status_interfaces:${AMENT_PREFIX_PATH} CMAKE_PREFIX_PATH=/home/zilu/myProgramFile/learnRos2/cpp/install/ch3_status_interfaces:/opt/ros/humble LD_LIBRARY_PATH=/home/zilu/myProgramFile/learnRos2/cpp/install/ch3_status_interfaces/lib:/usr/lib/x86_64-linux-gnu/gazebo-11/plugins:/opt/ros/humble/opt/rviz_ogre_vendor/lib:/opt/ros/humble/lib/x86_64-linux-gnu:/opt/ros/humble/lib:/usr/local/cuda/lib64:/usr/local/ffmpeg/lib PYTHONPATH=/home/zilu/myProgramFile/learnRos2/cpp/install/ch3_status_interfaces/local/lib/python3.10/dist-packages:${PYTHONPATH} /usr/bin/cmake --install /home/zilu/myProgramFile/learnRos2/cpp/build/ch3_status_display
[0.914s] -- Install configuration: ""
[0.914s] -- Installing: /home/zilu/myProgramFile/learnRos2/cpp/install/ch3_status_display/lib/ch3_status_display/hello_qt
[0.914s] -- Installing: /home/zilu/myProgramFile/learnRos2/cpp/install/ch3_status_display/share/ament_index/resource_index/package_run_dependencies/ch3_status_display
[0.914s] -- Installing: /home/zilu/myProgramFile/learnRos2/cpp/install/ch3_status_display/share/ament_index/resource_index/parent_prefix_path/ch3_status_display
[0.915s] -- Installing: /home/zilu/myProgramFile/learnRos2/cpp/install/ch3_status_display/share/ch3_status_display/environment/ament_prefix_path.sh
[0.915s] -- Installing: /home/zilu/myProgramFile/learnRos2/cpp/install/ch3_status_display/share/ch3_status_display/environment/ament_prefix_path.dsv
[0.915s] -- Installing: /home/zilu/myProgramFile/learnRos2/cpp/install/ch3_status_display/share/ch3_status_display/environment/path.sh
[0.915s] -- Installing: /home/zilu/myProgramFile/learnRos2/cpp/install/ch3_status_display/share/ch3_status_display/environment/path.dsv
[0.915s] -- Installing: /home/zilu/myProgramFile/learnRos2/cpp/install/ch3_status_display/share/ch3_status_display/local_setup.bash
[0.915s] -- Installing: /home/zilu/myProgramFile/learnRos2/cpp/install/ch3_status_display/share/ch3_status_display/local_setup.sh
[0.915s] -- Installing: /home/zilu/myProgramFile/learnRos2/cpp/install/ch3_status_display/share/ch3_status_display/local_setup.zsh
[0.915s] -- Installing: /home/zilu/myProgramFile/learnRos2/cpp/install/ch3_status_display/share/ch3_status_display/local_setup.dsv
[0.915s] -- Up-to-date: /home/zilu/myProgramFile/learnRos2/cpp/install/ch3_status_display/share/ch3_status_display/package.dsv
[0.915s] -- Installing: /home/zilu/myProgramFile/learnRos2/cpp/install/ch3_status_display/share/ament_index/resource_index/packages/ch3_status_display
[0.916s] -- Installing: /home/zilu/myProgramFile/learnRos2/cpp/install/ch3_status_display/share/ch3_status_display/cmake/ch3_status_displayConfig.cmake
[0.916s] -- Installing: /home/zilu/myProgramFile/learnRos2/cpp/install/ch3_status_display/share/ch3_status_display/cmake/ch3_status_displayConfig-version.cmake
[0.916s] -- Installing: /home/zilu/myProgramFile/learnRos2/cpp/install/ch3_status_display/share/ch3_status_display/package.xml
[0.917s] Invoked command in '/home/zilu/myProgramFile/learnRos2/cpp/build/ch3_status_display' returned '0': AMENT_PREFIX_PATH=/home/zilu/myProgramFile/learnRos2/cpp/install/ch3_status_interfaces:${AMENT_PREFIX_PATH} CMAKE_PREFIX_PATH=/home/zilu/myProgramFile/learnRos2/cpp/install/ch3_status_interfaces:/opt/ros/humble LD_LIBRARY_PATH=/home/zilu/myProgramFile/learnRos2/cpp/install/ch3_status_interfaces/lib:/usr/lib/x86_64-linux-gnu/gazebo-11/plugins:/opt/ros/humble/opt/rviz_ogre_vendor/lib:/opt/ros/humble/lib/x86_64-linux-gnu:/opt/ros/humble/lib:/usr/local/cuda/lib64:/usr/local/ffmpeg/lib PYTHONPATH=/home/zilu/myProgramFile/learnRos2/cpp/install/ch3_status_interfaces/local/lib/python3.10/dist-packages:${PYTHONPATH} /usr/bin/cmake --install /home/zilu/myProgramFile/learnRos2/cpp/build/ch3_status_display
