[0.217s] DEBUG:colcon:Command line arguments: ['/usr/bin/colcon', 'build', '--packages-select', 'ch3_status_display']
[0.217s] DEBUG:colcon:Parsed command line arguments: Namespace(log_base=None, log_level=None, verb_name='build', build_base='build', install_base='install', merge_install=False, symlink_install=False, test_result_base=None, continue_on_error=False, executor='parallel', parallel_workers=24, event_handlers=None, ignore_user_meta=False, metas=['./colcon.meta'], base_paths=['.'], packages_ignore=None, packages_ignore_regex=None, paths=None, packages_up_to=None, packages_up_to_regex=None, packages_above=None, packages_above_and_dependencies=None, packages_above_depth=None, packages_select_by_dep=None, packages_skip_by_dep=None, packages_skip_up_to=None, packages_select_build_failed=False, packages_skip_build_finished=False, packages_select_test_failures=False, packages_skip_test_passed=False, packages_select=['ch3_status_display'], packages_skip=None, packages_select_regex=None, packages_skip_regex=None, packages_start=None, packages_end=None, allow_overriding=[], cmake_args=None, cmake_target=None, cmake_target_skip_unavailable=False, cmake_clean_cache=False, cmake_clean_first=False, cmake_force_configure=False, ament_cmake_args=None, catkin_cmake_args=None, catkin_skip_building_tests=False, verb_parser=<colcon_defaults.argument_parser.defaults.DefaultArgumentsDecorator object at 0x710ad82048e0>, verb_extension=<colcon_core.verb.build.BuildVerb object at 0x710ad82043a0>, main=<bound method BuildVerb.main of <colcon_core.verb.build.BuildVerb object at 0x710ad82043a0>>)
[0.461s] Level 1:colcon.colcon_core.package_discovery:discover_packages(colcon_meta) check parameters
[0.461s] Level 1:colcon.colcon_core.package_discovery:discover_packages(recursive) check parameters
[0.461s] Level 1:colcon.colcon_core.package_discovery:discover_packages(ignore) check parameters
[0.461s] Level 1:colcon.colcon_core.package_discovery:discover_packages(path) check parameters
[0.461s] Level 1:colcon.colcon_core.package_discovery:discover_packages(colcon_meta) discover
[0.461s] Level 1:colcon.colcon_core.package_discovery:discover_packages(recursive) discover
[0.461s] INFO:colcon.colcon_core.package_discovery:Crawling recursively for packages in '/home/zilu/myProgramFile/learnRos2/cpp'
[0.461s] Level 1:colcon.colcon_core.package_identification:_identify(.) by extensions ['ignore', 'ignore_ament_install']
[0.461s] Level 1:colcon.colcon_core.package_identification:_identify(.) by extension 'ignore'
[0.462s] Level 1:colcon.colcon_core.package_identification:_identify(.) by extension 'ignore_ament_install'
[0.462s] Level 1:colcon.colcon_core.package_identification:_identify(.) by extensions ['colcon_pkg']
[0.462s] Level 1:colcon.colcon_core.package_identification:_identify(.) by extension 'colcon_pkg'
[0.462s] Level 1:colcon.colcon_core.package_identification:_identify(.) by extensions ['colcon_meta']
[0.462s] Level 1:colcon.colcon_core.package_identification:_identify(.) by extension 'colcon_meta'
[0.462s] Level 1:colcon.colcon_core.package_identification:_identify(.) by extensions ['ros']
[0.462s] Level 1:colcon.colcon_core.package_identification:_identify(.) by extension 'ros'
[0.471s] Level 1:colcon.colcon_core.package_identification:_identify(.) by extensions ['cmake', 'python']
[0.471s] Level 1:colcon.colcon_core.package_identification:_identify(.) by extension 'cmake'
[0.471s] Level 1:colcon.colcon_core.package_identification:_identify(.) by extension 'python'
[0.471s] Level 1:colcon.colcon_core.package_identification:_identify(.) by extensions ['python_setup_py']
[0.471s] Level 1:colcon.colcon_core.package_identification:_identify(.) by extension 'python_setup_py'
[0.471s] Level 1:colcon.colcon_core.package_identification:_identify(build) by extensions ['ignore', 'ignore_ament_install']
[0.471s] Level 1:colcon.colcon_core.package_identification:_identify(build) by extension 'ignore'
[0.471s] Level 1:colcon.colcon_core.package_identification:_identify(build) ignored
[0.472s] Level 1:colcon.colcon_core.package_identification:_identify(install) by extensions ['ignore', 'ignore_ament_install']
[0.472s] Level 1:colcon.colcon_core.package_identification:_identify(install) by extension 'ignore'
[0.472s] Level 1:colcon.colcon_core.package_identification:_identify(install) ignored
[0.472s] Level 1:colcon.colcon_core.package_identification:_identify(log) by extensions ['ignore', 'ignore_ament_install']
[0.472s] Level 1:colcon.colcon_core.package_identification:_identify(log) by extension 'ignore'
[0.472s] Level 1:colcon.colcon_core.package_identification:_identify(log) ignored
[0.472s] Level 1:colcon.colcon_core.package_identification:_identify(src) by extensions ['ignore', 'ignore_ament_install']
[0.472s] Level 1:colcon.colcon_core.package_identification:_identify(src) by extension 'ignore'
[0.472s] Level 1:colcon.colcon_core.package_identification:_identify(src) by extension 'ignore_ament_install'
[0.472s] Level 1:colcon.colcon_core.package_identification:_identify(src) by extensions ['colcon_pkg']
[0.472s] Level 1:colcon.colcon_core.package_identification:_identify(src) by extension 'colcon_pkg'
[0.472s] Level 1:colcon.colcon_core.package_identification:_identify(src) by extensions ['colcon_meta']
[0.472s] Level 1:colcon.colcon_core.package_identification:_identify(src) by extension 'colcon_meta'
[0.472s] Level 1:colcon.colcon_core.package_identification:_identify(src) by extensions ['ros']
[0.472s] Level 1:colcon.colcon_core.package_identification:_identify(src) by extension 'ros'
[0.472s] Level 1:colcon.colcon_core.package_identification:_identify(src) by extensions ['cmake', 'python']
[0.472s] Level 1:colcon.colcon_core.package_identification:_identify(src) by extension 'cmake'
[0.472s] Level 1:colcon.colcon_core.package_identification:_identify(src) by extension 'python'
[0.473s] Level 1:colcon.colcon_core.package_identification:_identify(src) by extensions ['python_setup_py']
[0.473s] Level 1:colcon.colcon_core.package_identification:_identify(src) by extension 'python_setup_py'
[0.473s] Level 1:colcon.colcon_core.package_identification:_identify(src/ch10_cpp_advanced) by extensions ['ignore', 'ignore_ament_install']
[0.473s] Level 1:colcon.colcon_core.package_identification:_identify(src/ch10_cpp_advanced) by extension 'ignore'
[0.473s] Level 1:colcon.colcon_core.package_identification:_identify(src/ch10_cpp_advanced) by extension 'ignore_ament_install'
[0.473s] Level 1:colcon.colcon_core.package_identification:_identify(src/ch10_cpp_advanced) by extensions ['colcon_pkg']
[0.473s] Level 1:colcon.colcon_core.package_identification:_identify(src/ch10_cpp_advanced) by extension 'colcon_pkg'
[0.473s] Level 1:colcon.colcon_core.package_identification:_identify(src/ch10_cpp_advanced) by extensions ['colcon_meta']
[0.473s] Level 1:colcon.colcon_core.package_identification:_identify(src/ch10_cpp_advanced) by extension 'colcon_meta'
[0.473s] Level 1:colcon.colcon_core.package_identification:_identify(src/ch10_cpp_advanced) by extensions ['ros']
[0.473s] Level 1:colcon.colcon_core.package_identification:_identify(src/ch10_cpp_advanced) by extension 'ros'
[0.476s] DEBUG:colcon.colcon_core.package_identification:Package 'src/ch10_cpp_advanced' with type 'ros.ament_cmake' and name 'ch10_cpp_advanced'
[0.476s] Level 1:colcon.colcon_core.package_identification:_identify(src/ch2_node) by extensions ['ignore', 'ignore_ament_install']
[0.476s] Level 1:colcon.colcon_core.package_identification:_identify(src/ch2_node) by extension 'ignore'
[0.477s] Level 1:colcon.colcon_core.package_identification:_identify(src/ch2_node) by extension 'ignore_ament_install'
[0.477s] Level 1:colcon.colcon_core.package_identification:_identify(src/ch2_node) by extensions ['colcon_pkg']
[0.477s] Level 1:colcon.colcon_core.package_identification:_identify(src/ch2_node) by extension 'colcon_pkg'
[0.477s] Level 1:colcon.colcon_core.package_identification:_identify(src/ch2_node) by extensions ['colcon_meta']
[0.477s] Level 1:colcon.colcon_core.package_identification:_identify(src/ch2_node) by extension 'colcon_meta'
[0.477s] Level 1:colcon.colcon_core.package_identification:_identify(src/ch2_node) by extensions ['ros']
[0.477s] Level 1:colcon.colcon_core.package_identification:_identify(src/ch2_node) by extension 'ros'
[0.477s] DEBUG:colcon.colcon_core.package_identification:Package 'src/ch2_node' with type 'ros.ament_cmake' and name 'ch2_node'
[0.478s] Level 1:colcon.colcon_core.package_identification:_identify(src/ch2_pkg) by extensions ['ignore', 'ignore_ament_install']
[0.478s] Level 1:colcon.colcon_core.package_identification:_identify(src/ch2_pkg) by extension 'ignore'
[0.478s] Level 1:colcon.colcon_core.package_identification:_identify(src/ch2_pkg) by extension 'ignore_ament_install'
[0.478s] Level 1:colcon.colcon_core.package_identification:_identify(src/ch2_pkg) by extensions ['colcon_pkg']
[0.478s] Level 1:colcon.colcon_core.package_identification:_identify(src/ch2_pkg) by extension 'colcon_pkg'
[0.478s] Level 1:colcon.colcon_core.package_identification:_identify(src/ch2_pkg) by extensions ['colcon_meta']
[0.478s] Level 1:colcon.colcon_core.package_identification:_identify(src/ch2_pkg) by extension 'colcon_meta'
[0.478s] Level 1:colcon.colcon_core.package_identification:_identify(src/ch2_pkg) by extensions ['ros']
[0.478s] Level 1:colcon.colcon_core.package_identification:_identify(src/ch2_pkg) by extension 'ros'
[0.479s] DEBUG:colcon.colcon_core.package_identification:Package 'src/ch2_pkg' with type 'ros.ament_cmake' and name 'ch2_pkg'
[0.479s] Level 1:colcon.colcon_core.package_identification:_identify(src/ch3_cpp_topic) by extensions ['ignore', 'ignore_ament_install']
[0.479s] Level 1:colcon.colcon_core.package_identification:_identify(src/ch3_cpp_topic) by extension 'ignore'
[0.479s] Level 1:colcon.colcon_core.package_identification:_identify(src/ch3_cpp_topic) by extension 'ignore_ament_install'
[0.479s] Level 1:colcon.colcon_core.package_identification:_identify(src/ch3_cpp_topic) by extensions ['colcon_pkg']
[0.479s] Level 1:colcon.colcon_core.package_identification:_identify(src/ch3_cpp_topic) by extension 'colcon_pkg'
[0.479s] Level 1:colcon.colcon_core.package_identification:_identify(src/ch3_cpp_topic) by extensions ['colcon_meta']
[0.479s] Level 1:colcon.colcon_core.package_identification:_identify(src/ch3_cpp_topic) by extension 'colcon_meta'
[0.479s] Level 1:colcon.colcon_core.package_identification:_identify(src/ch3_cpp_topic) by extensions ['ros']
[0.479s] Level 1:colcon.colcon_core.package_identification:_identify(src/ch3_cpp_topic) by extension 'ros'
[0.480s] DEBUG:colcon.colcon_core.package_identification:Package 'src/ch3_cpp_topic' with type 'ros.ament_cmake' and name 'ch3_cpp_topic'
[0.480s] Level 1:colcon.colcon_core.package_identification:_identify(src/ch3_status_display) by extensions ['ignore', 'ignore_ament_install']
[0.480s] Level 1:colcon.colcon_core.package_identification:_identify(src/ch3_status_display) by extension 'ignore'
[0.480s] Level 1:colcon.colcon_core.package_identification:_identify(src/ch3_status_display) by extension 'ignore_ament_install'
[0.480s] Level 1:colcon.colcon_core.package_identification:_identify(src/ch3_status_display) by extensions ['colcon_pkg']
[0.480s] Level 1:colcon.colcon_core.package_identification:_identify(src/ch3_status_display) by extension 'colcon_pkg'
[0.481s] Level 1:colcon.colcon_core.package_identification:_identify(src/ch3_status_display) by extensions ['colcon_meta']
[0.481s] Level 1:colcon.colcon_core.package_identification:_identify(src/ch3_status_display) by extension 'colcon_meta'
[0.481s] Level 1:colcon.colcon_core.package_identification:_identify(src/ch3_status_display) by extensions ['ros']
[0.481s] Level 1:colcon.colcon_core.package_identification:_identify(src/ch3_status_display) by extension 'ros'
[0.481s] DEBUG:colcon.colcon_core.package_identification:Package 'src/ch3_status_display' with type 'ros.ament_cmake' and name 'ch3_status_display'
[0.482s] Level 1:colcon.colcon_core.package_identification:_identify(src/ch3_status_interfaces) by extensions ['ignore', 'ignore_ament_install']
[0.482s] Level 1:colcon.colcon_core.package_identification:_identify(src/ch3_status_interfaces) by extension 'ignore'
[0.482s] Level 1:colcon.colcon_core.package_identification:_identify(src/ch3_status_interfaces) by extension 'ignore_ament_install'
[0.482s] Level 1:colcon.colcon_core.package_identification:_identify(src/ch3_status_interfaces) by extensions ['colcon_pkg']
[0.482s] Level 1:colcon.colcon_core.package_identification:_identify(src/ch3_status_interfaces) by extension 'colcon_pkg'
[0.482s] Level 1:colcon.colcon_core.package_identification:_identify(src/ch3_status_interfaces) by extensions ['colcon_meta']
[0.482s] Level 1:colcon.colcon_core.package_identification:_identify(src/ch3_status_interfaces) by extension 'colcon_meta'
[0.482s] Level 1:colcon.colcon_core.package_identification:_identify(src/ch3_status_interfaces) by extensions ['ros']
[0.482s] Level 1:colcon.colcon_core.package_identification:_identify(src/ch3_status_interfaces) by extension 'ros'
[0.483s] DEBUG:colcon.colcon_core.package_identification:Package 'src/ch3_status_interfaces' with type 'ros.ament_cmake' and name 'ch3_status_interfaces'
[0.483s] Level 1:colcon.colcon_core.package_identification:_identify(src/ch3_status_publisher) by extensions ['ignore', 'ignore_ament_install']
[0.483s] Level 1:colcon.colcon_core.package_identification:_identify(src/ch3_status_publisher) by extension 'ignore'
[0.483s] Level 1:colcon.colcon_core.package_identification:_identify(src/ch3_status_publisher) by extension 'ignore_ament_install'
[0.483s] Level 1:colcon.colcon_core.package_identification:_identify(src/ch3_status_publisher) by extensions ['colcon_pkg']
[0.483s] Level 1:colcon.colcon_core.package_identification:_identify(src/ch3_status_publisher) by extension 'colcon_pkg'
[0.483s] Level 1:colcon.colcon_core.package_identification:_identify(src/ch3_status_publisher) by extensions ['colcon_meta']
[0.483s] Level 1:colcon.colcon_core.package_identification:_identify(src/ch3_status_publisher) by extension 'colcon_meta'
[0.483s] Level 1:colcon.colcon_core.package_identification:_identify(src/ch3_status_publisher) by extensions ['ros']
[0.483s] Level 1:colcon.colcon_core.package_identification:_identify(src/ch3_status_publisher) by extension 'ros'
[0.484s] DEBUG:colcon.colcon_core.package_identification:Package 'src/ch3_status_publisher' with type 'ros.ament_python' and name 'ch3_status_publisher'
[0.484s] Level 1:colcon.colcon_core.package_identification:_identify(src/ch4_cpp_param) by extensions ['ignore', 'ignore_ament_install']
[0.484s] Level 1:colcon.colcon_core.package_identification:_identify(src/ch4_cpp_param) by extension 'ignore'
[0.484s] Level 1:colcon.colcon_core.package_identification:_identify(src/ch4_cpp_param) by extension 'ignore_ament_install'
[0.484s] Level 1:colcon.colcon_core.package_identification:_identify(src/ch4_cpp_param) by extensions ['colcon_pkg']
[0.484s] Level 1:colcon.colcon_core.package_identification:_identify(src/ch4_cpp_param) by extension 'colcon_pkg'
[0.484s] Level 1:colcon.colcon_core.package_identification:_identify(src/ch4_cpp_param) by extensions ['colcon_meta']
[0.484s] Level 1:colcon.colcon_core.package_identification:_identify(src/ch4_cpp_param) by extension 'colcon_meta'
[0.484s] Level 1:colcon.colcon_core.package_identification:_identify(src/ch4_cpp_param) by extensions ['ros']
[0.484s] Level 1:colcon.colcon_core.package_identification:_identify(src/ch4_cpp_param) by extension 'ros'
[0.485s] DEBUG:colcon.colcon_core.package_identification:Package 'src/ch4_cpp_param' with type 'ros.ament_cmake' and name 'ch4_cpp_param'
[0.485s] Level 1:colcon.colcon_core.package_identification:_identify(src/ch4_cpp_service) by extensions ['ignore', 'ignore_ament_install']
[0.485s] Level 1:colcon.colcon_core.package_identification:_identify(src/ch4_cpp_service) by extension 'ignore'
[0.486s] Level 1:colcon.colcon_core.package_identification:_identify(src/ch4_cpp_service) by extension 'ignore_ament_install'
[0.486s] Level 1:colcon.colcon_core.package_identification:_identify(src/ch4_cpp_service) by extensions ['colcon_pkg']
[0.486s] Level 1:colcon.colcon_core.package_identification:_identify(src/ch4_cpp_service) by extension 'colcon_pkg'
[0.486s] Level 1:colcon.colcon_core.package_identification:_identify(src/ch4_cpp_service) by extensions ['colcon_meta']
[0.486s] Level 1:colcon.colcon_core.package_identification:_identify(src/ch4_cpp_service) by extension 'colcon_meta'
[0.486s] Level 1:colcon.colcon_core.package_identification:_identify(src/ch4_cpp_service) by extensions ['ros']
[0.486s] Level 1:colcon.colcon_core.package_identification:_identify(src/ch4_cpp_service) by extension 'ros'
[0.486s] DEBUG:colcon.colcon_core.package_identification:Package 'src/ch4_cpp_service' with type 'ros.ament_cmake' and name 'ch4_cpp_service'
[0.487s] Level 1:colcon.colcon_core.package_identification:_identify(src/ch5_cpp_tf) by extensions ['ignore', 'ignore_ament_install']
[0.487s] Level 1:colcon.colcon_core.package_identification:_identify(src/ch5_cpp_tf) by extension 'ignore'
[0.487s] Level 1:colcon.colcon_core.package_identification:_identify(src/ch5_cpp_tf) by extension 'ignore_ament_install'
[0.487s] Level 1:colcon.colcon_core.package_identification:_identify(src/ch5_cpp_tf) by extensions ['colcon_pkg']
[0.487s] Level 1:colcon.colcon_core.package_identification:_identify(src/ch5_cpp_tf) by extension 'colcon_pkg'
[0.487s] Level 1:colcon.colcon_core.package_identification:_identify(src/ch5_cpp_tf) by extensions ['colcon_meta']
[0.487s] Level 1:colcon.colcon_core.package_identification:_identify(src/ch5_cpp_tf) by extension 'colcon_meta'
[0.487s] Level 1:colcon.colcon_core.package_identification:_identify(src/ch5_cpp_tf) by extensions ['ros']
[0.487s] Level 1:colcon.colcon_core.package_identification:_identify(src/ch5_cpp_tf) by extension 'ros'
[0.488s] DEBUG:colcon.colcon_core.package_identification:Package 'src/ch5_cpp_tf' with type 'ros.ament_cmake' and name 'ch5_cpp_tf'
[0.488s] Level 1:colcon.colcon_core.package_identification:_identify(src/ch6_robot) by extensions ['ignore', 'ignore_ament_install']
[0.489s] Level 1:colcon.colcon_core.package_identification:_identify(src/ch6_robot) by extension 'ignore'
[0.489s] Level 1:colcon.colcon_core.package_identification:_identify(src/ch6_robot) by extension 'ignore_ament_install'
[0.489s] Level 1:colcon.colcon_core.package_identification:_identify(src/ch6_robot) by extensions ['colcon_pkg']
[0.489s] Level 1:colcon.colcon_core.package_identification:_identify(src/ch6_robot) by extension 'colcon_pkg'
[0.489s] Level 1:colcon.colcon_core.package_identification:_identify(src/ch6_robot) by extensions ['colcon_meta']
[0.489s] Level 1:colcon.colcon_core.package_identification:_identify(src/ch6_robot) by extension 'colcon_meta'
[0.489s] Level 1:colcon.colcon_core.package_identification:_identify(src/ch6_robot) by extensions ['ros']
[0.489s] Level 1:colcon.colcon_core.package_identification:_identify(src/ch6_robot) by extension 'ros'
[0.490s] DEBUG:colcon.colcon_core.package_identification:Package 'src/ch6_robot' with type 'ros.ament_cmake' and name 'ch6_robot'
[0.490s] Level 1:colcon.colcon_core.package_identification:_identify(src/ch7_cpp_navigation) by extensions ['ignore', 'ignore_ament_install']
[0.490s] Level 1:colcon.colcon_core.package_identification:_identify(src/ch7_cpp_navigation) by extension 'ignore'
[0.490s] Level 1:colcon.colcon_core.package_identification:_identify(src/ch7_cpp_navigation) by extension 'ignore_ament_install'
[0.490s] Level 1:colcon.colcon_core.package_identification:_identify(src/ch7_cpp_navigation) by extensions ['colcon_pkg']
[0.490s] Level 1:colcon.colcon_core.package_identification:_identify(src/ch7_cpp_navigation) by extension 'colcon_pkg'
[0.490s] Level 1:colcon.colcon_core.package_identification:_identify(src/ch7_cpp_navigation) by extensions ['colcon_meta']
[0.490s] Level 1:colcon.colcon_core.package_identification:_identify(src/ch7_cpp_navigation) by extension 'colcon_meta'
[0.490s] Level 1:colcon.colcon_core.package_identification:_identify(src/ch7_cpp_navigation) by extensions ['ros']
[0.491s] Level 1:colcon.colcon_core.package_identification:_identify(src/ch7_cpp_navigation) by extension 'ros'
[0.491s] DEBUG:colcon.colcon_core.package_identification:Package 'src/ch7_cpp_navigation' with type 'ros.ament_cmake' and name 'ch7_cpp_navigation'
[0.492s] Level 1:colcon.colcon_core.package_identification:_identify(src/ch8_custom_planner) by extensions ['ignore', 'ignore_ament_install']
[0.492s] Level 1:colcon.colcon_core.package_identification:_identify(src/ch8_custom_planner) by extension 'ignore'
[0.492s] Level 1:colcon.colcon_core.package_identification:_identify(src/ch8_custom_planner) by extension 'ignore_ament_install'
[0.492s] Level 1:colcon.colcon_core.package_identification:_identify(src/ch8_custom_planner) by extensions ['colcon_pkg']
[0.492s] Level 1:colcon.colcon_core.package_identification:_identify(src/ch8_custom_planner) by extension 'colcon_pkg'
[0.492s] Level 1:colcon.colcon_core.package_identification:_identify(src/ch8_custom_planner) by extensions ['colcon_meta']
[0.492s] Level 1:colcon.colcon_core.package_identification:_identify(src/ch8_custom_planner) by extension 'colcon_meta'
[0.492s] Level 1:colcon.colcon_core.package_identification:_identify(src/ch8_custom_planner) by extensions ['ros']
[0.492s] Level 1:colcon.colcon_core.package_identification:_identify(src/ch8_custom_planner) by extension 'ros'
[0.493s] DEBUG:colcon.colcon_core.package_identification:Package 'src/ch8_custom_planner' with type 'ros.ament_cmake' and name 'ch8_custom_planner'
[0.493s] Level 1:colcon.colcon_core.package_identification:_identify(src/ch9_cpp_robot_driver) by extensions ['ignore', 'ignore_ament_install']
[0.493s] Level 1:colcon.colcon_core.package_identification:_identify(src/ch9_cpp_robot_driver) by extension 'ignore'
[0.493s] Level 1:colcon.colcon_core.package_identification:_identify(src/ch9_cpp_robot_driver) by extension 'ignore_ament_install'
[0.493s] Level 1:colcon.colcon_core.package_identification:_identify(src/ch9_cpp_robot_driver) by extensions ['colcon_pkg']
[0.494s] Level 1:colcon.colcon_core.package_identification:_identify(src/ch9_cpp_robot_driver) by extension 'colcon_pkg'
[0.494s] Level 1:colcon.colcon_core.package_identification:_identify(src/ch9_cpp_robot_driver) by extensions ['colcon_meta']
[0.494s] Level 1:colcon.colcon_core.package_identification:_identify(src/ch9_cpp_robot_driver) by extension 'colcon_meta'
[0.494s] Level 1:colcon.colcon_core.package_identification:_identify(src/ch9_cpp_robot_driver) by extensions ['ros']
[0.494s] Level 1:colcon.colcon_core.package_identification:_identify(src/ch9_cpp_robot_driver) by extension 'ros'
[0.494s] DEBUG:colcon.colcon_core.package_identification:Package 'src/ch9_cpp_robot_driver' with type 'ros.ament_cmake' and name 'ch9_cpp_robot_driver'
[0.494s] Level 1:colcon.colcon_core.package_discovery:discover_packages(recursive) using defaults
[0.494s] Level 1:colcon.colcon_core.package_discovery:discover_packages(ignore) discover
[0.494s] Level 1:colcon.colcon_core.package_discovery:discover_packages(ignore) using defaults
[0.494s] Level 1:colcon.colcon_core.package_discovery:discover_packages(path) discover
[0.494s] Level 1:colcon.colcon_core.package_discovery:discover_packages(path) using defaults
[0.521s] INFO:colcon.colcon_core.package_selection:Skipping not selected package 'ch10_cpp_advanced' in 'src/ch10_cpp_advanced'
[0.521s] INFO:colcon.colcon_core.package_selection:Skipping not selected package 'ch2_pkg' in 'src/ch2_pkg'
[0.521s] INFO:colcon.colcon_core.package_selection:Skipping not selected package 'ch3_cpp_topic' in 'src/ch3_cpp_topic'
[0.522s] INFO:colcon.colcon_core.package_selection:Skipping not selected package 'ch3_status_interfaces' in 'src/ch3_status_interfaces'
[0.522s] INFO:colcon.colcon_core.package_selection:Skipping not selected package 'ch4_cpp_param' in 'src/ch4_cpp_param'
[0.522s] INFO:colcon.colcon_core.package_selection:Skipping not selected package 'ch4_cpp_service' in 'src/ch4_cpp_service'
[0.522s] INFO:colcon.colcon_core.package_selection:Skipping not selected package 'ch5_cpp_tf' in 'src/ch5_cpp_tf'
[0.522s] INFO:colcon.colcon_core.package_selection:Skipping not selected package 'ch6_robot' in 'src/ch6_robot'
[0.522s] INFO:colcon.colcon_core.package_selection:Skipping not selected package 'ch7_cpp_navigation' in 'src/ch7_cpp_navigation'
[0.522s] INFO:colcon.colcon_core.package_selection:Skipping not selected package 'ch8_custom_planner' in 'src/ch8_custom_planner'
[0.522s] INFO:colcon.colcon_core.package_selection:Skipping not selected package 'ch9_cpp_robot_driver' in 'src/ch9_cpp_robot_driver'
[0.522s] INFO:colcon.colcon_core.package_selection:Skipping not selected package 'ch2_node' in 'src/ch2_node'
[0.522s] INFO:colcon.colcon_core.package_selection:Skipping not selected package 'ch3_status_publisher' in 'src/ch3_status_publisher'
[0.522s] Level 1:colcon.colcon_core.package_discovery:discover_packages(prefix_path) check parameters
[0.522s] Level 1:colcon.colcon_core.package_discovery:discover_packages(prefix_path) discover
[0.525s] DEBUG:colcon.colcon_installed_package_information.package_discovery:Found 371 installed packages in /opt/ros/humble
[0.526s] Level 1:colcon.colcon_core.package_discovery:discover_packages(prefix_path) using defaults
[0.553s] Level 5:colcon.colcon_core.verb:set package 'ch3_status_display' build argument 'cmake_args' from command line to 'None'
[0.553s] Level 5:colcon.colcon_core.verb:set package 'ch3_status_display' build argument 'cmake_target' from command line to 'None'
[0.553s] Level 5:colcon.colcon_core.verb:set package 'ch3_status_display' build argument 'cmake_target_skip_unavailable' from command line to 'False'
[0.553s] Level 5:colcon.colcon_core.verb:set package 'ch3_status_display' build argument 'cmake_clean_cache' from command line to 'False'
[0.553s] Level 5:colcon.colcon_core.verb:set package 'ch3_status_display' build argument 'cmake_clean_first' from command line to 'False'
[0.553s] Level 5:colcon.colcon_core.verb:set package 'ch3_status_display' build argument 'cmake_force_configure' from command line to 'False'
[0.553s] Level 5:colcon.colcon_core.verb:set package 'ch3_status_display' build argument 'ament_cmake_args' from command line to 'None'
[0.553s] Level 5:colcon.colcon_core.verb:set package 'ch3_status_display' build argument 'catkin_cmake_args' from command line to 'None'
[0.553s] Level 5:colcon.colcon_core.verb:set package 'ch3_status_display' build argument 'catkin_skip_building_tests' from command line to 'False'
[0.553s] DEBUG:colcon.colcon_core.verb:Building package 'ch3_status_display' with the following arguments: {'ament_cmake_args': None, 'build_base': '/home/zilu/myProgramFile/learnRos2/cpp/build/ch3_status_display', 'catkin_cmake_args': None, 'catkin_skip_building_tests': False, 'cmake_args': None, 'cmake_clean_cache': False, 'cmake_clean_first': False, 'cmake_force_configure': False, 'cmake_target': None, 'cmake_target_skip_unavailable': False, 'install_base': '/home/zilu/myProgramFile/learnRos2/cpp/install/ch3_status_display', 'merge_install': False, 'path': '/home/zilu/myProgramFile/learnRos2/cpp/src/ch3_status_display', 'symlink_install': False, 'test_result_base': None}
[0.553s] INFO:colcon.colcon_core.executor:Executing jobs using 'parallel' executor
[0.554s] DEBUG:colcon.colcon_parallel_executor.executor.parallel:run_until_complete
[0.554s] INFO:colcon.colcon_ros.task.ament_cmake.build:Building ROS package in '/home/zilu/myProgramFile/learnRos2/cpp/src/ch3_status_display' with build type 'ament_cmake'
[0.555s] INFO:colcon.colcon_cmake.task.cmake.build:Building CMake package in '/home/zilu/myProgramFile/learnRos2/cpp/src/ch3_status_display'
[0.558s] INFO:colcon.colcon_core.plugin_system:Skipping extension 'colcon_core.shell.bat': Not used on non-Windows systems
[0.558s] INFO:colcon.colcon_core.shell:Skip shell extension 'powershell' for command environment: Not usable outside of PowerShell
[0.558s] DEBUG:colcon.colcon_core.shell:Skip shell extension 'dsv' for command environment
[0.607s] DEBUG:colcon.colcon_core.event_handler.log_command:Invoking command in '/home/zilu/myProgramFile/learnRos2/cpp/build/ch3_status_display': AMENT_PREFIX_PATH=/home/zilu/myProgramFile/learnRos2/cpp/install/ch3_status_interfaces:${AMENT_PREFIX_PATH} CMAKE_PREFIX_PATH=/home/zilu/myProgramFile/learnRos2/cpp/install/ch3_status_interfaces:/opt/ros/humble LD_LIBRARY_PATH=/home/zilu/myProgramFile/learnRos2/cpp/install/ch3_status_interfaces/lib:/usr/local/cuda/lib64:/usr/local/ffmpeg/lib:/usr/lib/x86_64-linux-gnu/gazebo-11/plugins:/opt/ros/humble/opt/rviz_ogre_vendor/lib:/opt/ros/humble/lib/x86_64-linux-gnu:/opt/ros/humble/lib:/usr/local/cuda/lib64:/usr/local/ffmpeg/lib PYTHONPATH=/home/zilu/myProgramFile/learnRos2/cpp/install/ch3_status_interfaces/local/lib/python3.10/dist-packages:${PYTHONPATH} /usr/bin/cmake --build /home/zilu/myProgramFile/learnRos2/cpp/build/ch3_status_display -- -j24 -l24
[9.159s] DEBUG:colcon.colcon_core.event_handler.log_command:Invoked command in '/home/zilu/myProgramFile/learnRos2/cpp/build/ch3_status_display' returned '0': AMENT_PREFIX_PATH=/home/zilu/myProgramFile/learnRos2/cpp/install/ch3_status_interfaces:${AMENT_PREFIX_PATH} CMAKE_PREFIX_PATH=/home/zilu/myProgramFile/learnRos2/cpp/install/ch3_status_interfaces:/opt/ros/humble LD_LIBRARY_PATH=/home/zilu/myProgramFile/learnRos2/cpp/install/ch3_status_interfaces/lib:/usr/local/cuda/lib64:/usr/local/ffmpeg/lib:/usr/lib/x86_64-linux-gnu/gazebo-11/plugins:/opt/ros/humble/opt/rviz_ogre_vendor/lib:/opt/ros/humble/lib/x86_64-linux-gnu:/opt/ros/humble/lib:/usr/local/cuda/lib64:/usr/local/ffmpeg/lib PYTHONPATH=/home/zilu/myProgramFile/learnRos2/cpp/install/ch3_status_interfaces/local/lib/python3.10/dist-packages:${PYTHONPATH} /usr/bin/cmake --build /home/zilu/myProgramFile/learnRos2/cpp/build/ch3_status_display -- -j24 -l24
[9.168s] DEBUG:colcon.colcon_core.event_handler.log_command:Invoking command in '/home/zilu/myProgramFile/learnRos2/cpp/build/ch3_status_display': AMENT_PREFIX_PATH=/home/zilu/myProgramFile/learnRos2/cpp/install/ch3_status_interfaces:${AMENT_PREFIX_PATH} CMAKE_PREFIX_PATH=/home/zilu/myProgramFile/learnRos2/cpp/install/ch3_status_interfaces:/opt/ros/humble LD_LIBRARY_PATH=/home/zilu/myProgramFile/learnRos2/cpp/install/ch3_status_interfaces/lib:/usr/local/cuda/lib64:/usr/local/ffmpeg/lib:/usr/lib/x86_64-linux-gnu/gazebo-11/plugins:/opt/ros/humble/opt/rviz_ogre_vendor/lib:/opt/ros/humble/lib/x86_64-linux-gnu:/opt/ros/humble/lib:/usr/local/cuda/lib64:/usr/local/ffmpeg/lib PYTHONPATH=/home/zilu/myProgramFile/learnRos2/cpp/install/ch3_status_interfaces/local/lib/python3.10/dist-packages:${PYTHONPATH} /usr/bin/cmake --install /home/zilu/myProgramFile/learnRos2/cpp/build/ch3_status_display
[9.177s] Level 1:colcon.colcon_core.environment:create_environment_scripts_only(ch3_status_display)
[9.178s] DEBUG:colcon.colcon_core.event_handler.log_command:Invoked command in '/home/zilu/myProgramFile/learnRos2/cpp/build/ch3_status_display' returned '0': AMENT_PREFIX_PATH=/home/zilu/myProgramFile/learnRos2/cpp/install/ch3_status_interfaces:${AMENT_PREFIX_PATH} CMAKE_PREFIX_PATH=/home/zilu/myProgramFile/learnRos2/cpp/install/ch3_status_interfaces:/opt/ros/humble LD_LIBRARY_PATH=/home/zilu/myProgramFile/learnRos2/cpp/install/ch3_status_interfaces/lib:/usr/local/cuda/lib64:/usr/local/ffmpeg/lib:/usr/lib/x86_64-linux-gnu/gazebo-11/plugins:/opt/ros/humble/opt/rviz_ogre_vendor/lib:/opt/ros/humble/lib/x86_64-linux-gnu:/opt/ros/humble/lib:/usr/local/cuda/lib64:/usr/local/ffmpeg/lib PYTHONPATH=/home/zilu/myProgramFile/learnRos2/cpp/install/ch3_status_interfaces/local/lib/python3.10/dist-packages:${PYTHONPATH} /usr/bin/cmake --install /home/zilu/myProgramFile/learnRos2/cpp/build/ch3_status_display
[9.183s] Level 1:colcon.colcon_core.environment:checking '/home/zilu/myProgramFile/learnRos2/cpp/install/ch3_status_display' for CMake module files
[9.183s] Level 1:colcon.colcon_core.environment:checking '/home/zilu/myProgramFile/learnRos2/cpp/install/ch3_status_display' for CMake config files
[9.183s] Level 1:colcon.colcon_core.shell:create_environment_hook('ch3_status_display', 'cmake_prefix_path')
[9.184s] INFO:colcon.colcon_core.shell:Creating environment hook '/home/zilu/myProgramFile/learnRos2/cpp/install/ch3_status_display/share/ch3_status_display/hook/cmake_prefix_path.ps1'
[9.184s] INFO:colcon.colcon_core.shell:Creating environment descriptor '/home/zilu/myProgramFile/learnRos2/cpp/install/ch3_status_display/share/ch3_status_display/hook/cmake_prefix_path.dsv'
[9.185s] INFO:colcon.colcon_core.shell:Creating environment hook '/home/zilu/myProgramFile/learnRos2/cpp/install/ch3_status_display/share/ch3_status_display/hook/cmake_prefix_path.sh'
[9.186s] Level 1:colcon.colcon_core.environment:checking '/home/zilu/myProgramFile/learnRos2/cpp/install/ch3_status_display/lib'
[9.186s] Level 1:colcon.colcon_core.environment:checking '/home/zilu/myProgramFile/learnRos2/cpp/install/ch3_status_display/bin'
[9.186s] Level 1:colcon.colcon_core.environment:checking '/home/zilu/myProgramFile/learnRos2/cpp/install/ch3_status_display/lib/pkgconfig/ch3_status_display.pc'
[9.186s] Level 1:colcon.colcon_core.environment:checking '/home/zilu/myProgramFile/learnRos2/cpp/install/ch3_status_display/lib/python3.10/site-packages'
[9.186s] Level 1:colcon.colcon_core.environment:checking '/home/zilu/myProgramFile/learnRos2/cpp/install/ch3_status_display/bin'
[9.187s] INFO:colcon.colcon_core.shell:Creating package script '/home/zilu/myProgramFile/learnRos2/cpp/install/ch3_status_display/share/ch3_status_display/package.ps1'
[9.188s] INFO:colcon.colcon_core.shell:Creating package descriptor '/home/zilu/myProgramFile/learnRos2/cpp/install/ch3_status_display/share/ch3_status_display/package.dsv'
[9.188s] INFO:colcon.colcon_core.shell:Creating package script '/home/zilu/myProgramFile/learnRos2/cpp/install/ch3_status_display/share/ch3_status_display/package.sh'
[9.189s] INFO:colcon.colcon_core.shell:Creating package script '/home/zilu/myProgramFile/learnRos2/cpp/install/ch3_status_display/share/ch3_status_display/package.bash'
[9.189s] INFO:colcon.colcon_core.shell:Creating package script '/home/zilu/myProgramFile/learnRos2/cpp/install/ch3_status_display/share/ch3_status_display/package.zsh'
[9.190s] Level 1:colcon.colcon_core.environment:create_file_with_runtime_dependencies(/home/zilu/myProgramFile/learnRos2/cpp/install/ch3_status_display/share/colcon-core/packages/ch3_status_display)
[9.191s] Level 1:colcon.colcon_core.environment:create_environment_scripts_only(ch3_status_display)
[9.191s] Level 1:colcon.colcon_core.environment:checking '/home/zilu/myProgramFile/learnRos2/cpp/install/ch3_status_display' for CMake module files
[9.191s] Level 1:colcon.colcon_core.environment:checking '/home/zilu/myProgramFile/learnRos2/cpp/install/ch3_status_display' for CMake config files
[9.192s] Level 1:colcon.colcon_core.shell:create_environment_hook('ch3_status_display', 'cmake_prefix_path')
[9.192s] INFO:colcon.colcon_core.shell:Creating environment hook '/home/zilu/myProgramFile/learnRos2/cpp/install/ch3_status_display/share/ch3_status_display/hook/cmake_prefix_path.ps1'
[9.192s] INFO:colcon.colcon_core.shell:Creating environment descriptor '/home/zilu/myProgramFile/learnRos2/cpp/install/ch3_status_display/share/ch3_status_display/hook/cmake_prefix_path.dsv'
[9.193s] INFO:colcon.colcon_core.shell:Creating environment hook '/home/zilu/myProgramFile/learnRos2/cpp/install/ch3_status_display/share/ch3_status_display/hook/cmake_prefix_path.sh'
[9.193s] Level 1:colcon.colcon_core.environment:checking '/home/zilu/myProgramFile/learnRos2/cpp/install/ch3_status_display/lib'
[9.193s] Level 1:colcon.colcon_core.environment:checking '/home/zilu/myProgramFile/learnRos2/cpp/install/ch3_status_display/bin'
[9.193s] Level 1:colcon.colcon_core.environment:checking '/home/zilu/myProgramFile/learnRos2/cpp/install/ch3_status_display/lib/pkgconfig/ch3_status_display.pc'
[9.193s] Level 1:colcon.colcon_core.environment:checking '/home/zilu/myProgramFile/learnRos2/cpp/install/ch3_status_display/lib/python3.10/site-packages'
[9.193s] Level 1:colcon.colcon_core.environment:checking '/home/zilu/myProgramFile/learnRos2/cpp/install/ch3_status_display/bin'
[9.194s] INFO:colcon.colcon_core.shell:Creating package script '/home/zilu/myProgramFile/learnRos2/cpp/install/ch3_status_display/share/ch3_status_display/package.ps1'
[9.194s] INFO:colcon.colcon_core.shell:Creating package descriptor '/home/zilu/myProgramFile/learnRos2/cpp/install/ch3_status_display/share/ch3_status_display/package.dsv'
[9.194s] INFO:colcon.colcon_core.shell:Creating package script '/home/zilu/myProgramFile/learnRos2/cpp/install/ch3_status_display/share/ch3_status_display/package.sh'
[9.195s] INFO:colcon.colcon_core.shell:Creating package script '/home/zilu/myProgramFile/learnRos2/cpp/install/ch3_status_display/share/ch3_status_display/package.bash'
[9.195s] INFO:colcon.colcon_core.shell:Creating package script '/home/zilu/myProgramFile/learnRos2/cpp/install/ch3_status_display/share/ch3_status_display/package.zsh'
[9.195s] Level 1:colcon.colcon_core.environment:create_file_with_runtime_dependencies(/home/zilu/myProgramFile/learnRos2/cpp/install/ch3_status_display/share/colcon-core/packages/ch3_status_display)
[9.196s] DEBUG:colcon.colcon_parallel_executor.executor.parallel:closing loop
[9.196s] DEBUG:colcon.colcon_parallel_executor.executor.parallel:loop closed
[9.196s] DEBUG:colcon.colcon_parallel_executor.executor.parallel:run_until_complete finished with '0'
[9.196s] DEBUG:colcon.colcon_core.event_reactor:joining thread
[9.206s] INFO:colcon.colcon_core.plugin_system:Skipping extension 'colcon_notification.desktop_notification.terminal_notifier': Not used on non-Darwin systems
[9.206s] INFO:colcon.colcon_core.plugin_system:Skipping extension 'colcon_notification.desktop_notification.win32': Not used on non-Windows systems
[9.206s] INFO:colcon.colcon_notification.desktop_notification:Sending desktop notification using 'notify2'
[9.214s] DEBUG:colcon.colcon_notification.desktop_notification.notify2:Failed to initialize notify2: org.freedesktop.DBus.Error.ServiceUnknown: The name org.freedesktop.Notifications was not provided by any .service files
[9.214s] DEBUG:colcon.colcon_core.event_reactor:joined thread
[9.215s] INFO:colcon.colcon_core.shell:Creating prefix script '/home/zilu/myProgramFile/learnRos2/cpp/install/local_setup.ps1'
[9.216s] INFO:colcon.colcon_core.shell:Creating prefix util module '/home/zilu/myProgramFile/learnRos2/cpp/install/_local_setup_util_ps1.py'
[9.217s] INFO:colcon.colcon_core.shell:Creating prefix chain script '/home/zilu/myProgramFile/learnRos2/cpp/install/setup.ps1'
[9.218s] INFO:colcon.colcon_core.shell:Creating prefix script '/home/zilu/myProgramFile/learnRos2/cpp/install/local_setup.sh'
[9.218s] INFO:colcon.colcon_core.shell:Creating prefix util module '/home/zilu/myProgramFile/learnRos2/cpp/install/_local_setup_util_sh.py'
[9.219s] INFO:colcon.colcon_core.shell:Creating prefix chain script '/home/zilu/myProgramFile/learnRos2/cpp/install/setup.sh'
[9.220s] INFO:colcon.colcon_core.shell:Creating prefix script '/home/zilu/myProgramFile/learnRos2/cpp/install/local_setup.bash'
[9.220s] INFO:colcon.colcon_core.shell:Creating prefix chain script '/home/zilu/myProgramFile/learnRos2/cpp/install/setup.bash'
[9.221s] INFO:colcon.colcon_core.shell:Creating prefix script '/home/zilu/myProgramFile/learnRos2/cpp/install/local_setup.zsh'
[9.222s] INFO:colcon.colcon_core.shell:Creating prefix chain script '/home/zilu/myProgramFile/learnRos2/cpp/install/setup.zsh'
