-- Found ament_cmake: 1.3.14 (/opt/ros/humble/share/ament_cmake/cmake)
-- Found rclcpp: 16.0.19 (/opt/ros/humble/share/rclcpp/cmake)
-- Found rosidl_generator_c: 3.1.9 (/opt/ros/humble/share/rosidl_generator_c/cmake)
-- Found rosidl_adapter: 3.1.9 (/opt/ros/humble/share/rosidl_adapter/cmake)
-- Found rosidl_generator_cpp: 3.1.9 (/opt/ros/humble/share/rosidl_generator_cpp/cmake)
-- Using all available rosidl_typesupport_c: rosidl_typesupport_fastrtps_c;rosidl_typesupport_introspection_c
-- Using all available rosidl_typesupport_cpp: rosidl_typesupport_fastrtps_cpp;rosidl_typesupport_introspection_cpp
-- Found rmw_implementation_cmake: 6.1.3 (/opt/ros/humble/share/rmw_implementation_cmake/cmake)
-- Found rmw_fastrtps_cpp: 6.2.10 (/opt/ros/humble/share/rmw_fastrtps_cpp/cmake)
-- Using RMW implementation 'rmw_fastrtps_cpp' as default
-- Found ch3_status_interfaces: 0.0.0 (/home/zilu/myProgramFile/learnRos2/cpp/install/ch3_status_interfaces/share/ch3_status_interfaces/cmake)
-- Found ament_lint_auto: 0.12.15 (/opt/ros/humble/share/ament_lint_auto/cmake)
-- Added test 'cppcheck' to perform static code analysis on C / C++ code
-- Configured cppcheck include dirs: 
-- Configured cppcheck exclude dirs and/or files: 
-- Added test 'lint_cmake' to check CMake code style
-- Added test 'uncrustify' to check C / C++ code style
-- Configured uncrustify additional arguments: 
-- Added test 'xmllint' to check XML markup files
-- Configuring done
-- Generating done
-- Build files have been written to: /home/zilu/myProgramFile/learnRos2/cpp/build/ch3_status_display
[35m[1mConsolidate compiler generated dependencies of target hello_qt[0m
[ 25%] [32mBuilding CXX object CMakeFiles/sys_status_display.dir/src/sys_status_display.cpp.o[0m
[ 75%] Built target hello_qt
[100%] [32m[1mLinking CXX executable sys_status_display[0m
[100%] Built target sys_status_display
-- Install configuration: ""
-- Up-to-date: /home/zilu/myProgramFile/learnRos2/cpp/install/ch3_status_display/lib/ch3_status_display/hello_qt
-- Installing: /home/zilu/myProgramFile/learnRos2/cpp/install/ch3_status_display/lib/ch3_status_display/sys_status_display
-- Set runtime path of "/home/zilu/myProgramFile/learnRos2/cpp/install/ch3_status_display/lib/ch3_status_display/sys_status_display" to "/opt/Qt/6.10.3/gcc_64/lib:/opt/ros/humble/lib:/home/zilu/myProgramFile/learnRos2/cpp/install/ch3_status_interfaces/lib"
-- Up-to-date: /home/zilu/myProgramFile/learnRos2/cpp/install/ch3_status_display/share/ament_index/resource_index/package_run_dependencies/ch3_status_display
-- Up-to-date: /home/zilu/myProgramFile/learnRos2/cpp/install/ch3_status_display/share/ament_index/resource_index/parent_prefix_path/ch3_status_display
-- Up-to-date: /home/zilu/myProgramFile/learnRos2/cpp/install/ch3_status_display/share/ch3_status_display/environment/ament_prefix_path.sh
-- Installing: /home/zilu/myProgramFile/learnRos2/cpp/install/ch3_status_display/share/ch3_status_display/environment/ament_prefix_path.dsv
-- Up-to-date: /home/zilu/myProgramFile/learnRos2/cpp/install/ch3_status_display/share/ch3_status_display/environment/path.sh
-- Installing: /home/zilu/myProgramFile/learnRos2/cpp/install/ch3_status_display/share/ch3_status_display/environment/path.dsv
-- Up-to-date: /home/zilu/myProgramFile/learnRos2/cpp/install/ch3_status_display/share/ch3_status_display/local_setup.bash
-- Up-to-date: /home/zilu/myProgramFile/learnRos2/cpp/install/ch3_status_display/share/ch3_status_display/local_setup.sh
-- Up-to-date: /home/zilu/myProgramFile/learnRos2/cpp/install/ch3_status_display/share/ch3_status_display/local_setup.zsh
-- Installing: /home/zilu/myProgramFile/learnRos2/cpp/install/ch3_status_display/share/ch3_status_display/local_setup.dsv
-- Installing: /home/zilu/myProgramFile/learnRos2/cpp/install/ch3_status_display/share/ch3_status_display/package.dsv
-- Up-to-date: /home/zilu/myProgramFile/learnRos2/cpp/install/ch3_status_display/share/ament_index/resource_index/packages/ch3_status_display
-- Up-to-date: /home/zilu/myProgramFile/learnRos2/cpp/install/ch3_status_display/share/ch3_status_display/cmake/ch3_status_displayConfig.cmake
-- Up-to-date: /home/zilu/myProgramFile/learnRos2/cpp/install/ch3_status_display/share/ch3_status_display/cmake/ch3_status_displayConfig-version.cmake
-- Up-to-date: /home/zilu/myProgramFile/learnRos2/cpp/install/ch3_status_display/share/ch3_status_display/package.xml
